******************************************************************************
                  TI ARM Linker PC v20.2.5                     
******************************************************************************
>> Linked Fri Jan 28 07:36:20 2022

OUTPUT FILE NAME:   <httpget_EK_TM4C1294XL_TI.out>
ENTRY POINT SYMBOL: "_c_int00"  address: 00011f0d


MEMORY CONFIGURATION

         name            origin    length      used     unused   attr    fill
----------------------  --------  ---------  --------  --------  ----  --------
  FLASH                 00000000   00100000  00019912  000e66ee  R  X
  SRAM                  20000000   00040000  000103fc  0002fc04  RW X


SEGMENT ALLOCATION MAP

run origin  load origin   length   init length attrs members
----------  ----------- ---------- ----------- ----- -------
00000000    00000000    00019918   00019918    r-x
  00000000    00000000    0000003c   0000003c    r-- .resetVecs
  00000040    00000040    00016d9a   00016d9a    r-x .text
  00016ddc    00016ddc    000026ec   000026ec    r-- .const
  000194c8    000194c8    00000450   00000450    r-- .cinit
20000000    20000000    00000360   00000000    rw-
  20000000    20000000    00000360   00000000    rw- .vecs
20000380    20000380    000100a0   00000000    rw-
  20000380    20000380    0000ee58   00000000    rw- .bss
  2000f1d8    2000f1d8    00000a44   00000000    rw- .data
  2000fc20    2000fc20    00000800   00000000    rw- .stack


SECTION ALLOCATION MAP

 output                                  attributes/
section   page    origin      length       input sections
--------  ----  ----------  ----------   ----------------
.text      0    00000040    00016d9a     
                  00000040    00000c68     stk.aem4f : tcpin.oem4f (.text:TcpInput)
                  00000ca8    00000a4e     rtsv7M4_T_le_v4SPD16_eabi.lib : _printfi.c.obj (.text:__TI_printfi)
                  000016f6    00000002     hal_userled_stub.aem4f : llled.oem4f (.text:LED_TOGGLE)
                  000016f8    000008b8     stk.aem4f : tcpout.oem4f (.text:TcpOutput)
                  00001fb0    00000478     sntp_ndk.aem4f : sntp.oem4f (.text:syncTime)
                  00002428    00000430     sysbios.aem4f : BIOS.obj (.text:ti_sysbios_family_arm_m3_Hwi_excDumpRegs__I)
                  00002858    00000408     stk.aem4f : ipout.oem4f (.text:IPTxPacket)
                  00002c60    00000388     sntp_ndk.aem4f : sntp.oem4f (.text:SNTP_start)
                  00002fe8    00000384     stk.aem4f : ipin.oem4f (.text:IPRxPacket)
                  0000336c    00000372     nettool_ipv4.aem4f : dnscomn.oem4f (.text:DNSResolveByName)
                  000036de    00000002     stk.aem4f : nat.oem4f (.text:NatMsg)
                  000036e0    0000034c     httpget.obj (.text:serverSocketTask)
                  00003a2c    0000034c     ti.targets.arm.rtsarm.aem4f : System.oem4f (.text:xdc_runtime_System_doPrint__I)
                  00003d78    000002fe     nettool_ipv4.aem4f : dnscomn.oem4f (.text:DNSResolveByAddr)
                  00004076    00000002     os.aem4f : task.oem4f (.text:_TaskInit)
                  00004078    000002f8     nettool_ipv4.aem4f : inetaddr.oem4f (.text:getaddrinfo)
                  00004370    000002da                        : dnscomn.oem4f (.text:DNSResolveByNS)
                  0000464a    00000002     os.aem4f : task.oem4f (.text:_TaskShutdown)
                  0000464c    000002a0     rtsv7M4_T_le_v4SPD16_eabi.lib : mktime.c.obj (.text:__mktime32)
                  000048ec    00000284     stk.aem4f : sock.oem4f (.text:SockSet)
                  00004b70    00000270     rtsv7M4_T_le_v4SPD16_eabi.lib : _printfi.c.obj (.text:_pconv_a)
                  00004de0    0000025e     stk.aem4f : fileuser.oem4f (.text:fdPoll)
                  0000503e    00000002     hal_ser_stub.aem4f : llserstb.oem4f (.text:_llSerialServiceCheck)
                  00005040    0000024c     stk.aem4f : ipfrag.oem4f (.text:IPReasm)
                  0000528c    0000023c               : icmpin.oem4f (.text:ICMPInput)
                  000054c8    00000238               : udp.oem4f (.text:UdpInput)
                  00005700    00000204     Boot.aem4f : Boot_sysctl.oem4f (.text:ti_catalog_arm_cortexm4_tiva_ce_Boot_sysCtlClockFreqSetI__I)
                  00005904    000001f4     stk.aem4f : sock.oem4f (.text:SockRecv)
                  00005af8    000001f4     sysbios.aem4f : BIOS.obj (.text:ti_sysbios_family_arm_m3_Hwi_excHandlerMax__I)
                  00005cec    000001d0     rtsv7M4_T_le_v4SPD16_eabi.lib : _printfi.c.obj (.text:_pconv_g)
                  00005ebc    000001c4     ntp_lib.obj (.text:startNTP)
                  00006080    000001b8     drivers_tivaware.aem4f : EMACSnow.oem4f (.text:EMACSnow_NIMUInit)
                  00006238    000001b6     rtsv7M4_T_le_v4SPD16_eabi.lib : fd_add_t2.asm.obj (.text)
                  000063ee    00000002     hal_ser_stub.aem4f : llserstb.oem4f (.text:_llSerialShutdown)
                  000063f0    000001b0     stk.aem4f : lliout.oem4f (.text:LLITxIpPacket)
                  000065a0    000001ac               : lliin.oem4f (.text:LLIRxPacket)
                  0000674c    0000019c     os.aem4f : mem.oem4f (.text:mmAlloc)
                  000068e8    0000019a     nettool_ipv4.aem4f : dnsclnt.oem4f (.text:DNSResolve)
                  00006a82    00000002     hal_userled_stub.aem4f : llled.oem4f (.text:_llUserLedInit)
                  00006a84    00000198     stk.aem4f : igmp.oem4f (.text:IGMPInput)
                  00006c1c    00000198     nettool_ipv4.aem4f : ipaddr.oem4f (.text:NtGetPublicHost)
                  00006db4    00000190     stk.aem4f : sock.oem4f (.text:SockNew)
                  00006f44    00000186               : fileuser.oem4f (.text:fdSelect)
                  000070ca    00000002     hal_userled_stub.aem4f : llled.oem4f (.text:_llUserLedShutdown)
                  000070cc    00000174     netctrl_min_ipv4.aem4f : netctrl.oem4f (.text:NC_NetStart)
                  00007240    00000174     sysbios.aem4f : BIOS.obj (.text:ti_sysbios_family_arm_m3_Hwi_excBusFault__I)
                  000073b4    00000170     stk.aem4f : rtc.oem4f (.text:RTCReport)
                  00007524    0000016c     nettool_ipv4.aem4f : dnscomn.oem4f (.text:DNSResolveExternal)
                  00007690    0000016a     stk.aem4f : sb.oem4f (.text:SBRead)
                  000077fa    00000006     driverlib.lib : emac.obj (.text:EMACRxDMADescriptorListSet)
                  00007800    00000164     sysbios.aem4f : BIOS.obj (.text:ti_sysbios_family_arm_m3_Hwi_excUsageFault__I)
                  00007964    00000160     stk.aem4f : sock.oem4f (.text:SockConnect)
                  00007ac4    00000158     nettool_ipv4.aem4f : dhcpmain.oem4f (.text:DHCPOpen)
                  00007c1c    00000150     drivers_tivaware.aem4f : GPIOTiva.oem4f (.text:GPIO_setConfig)
                  00007d6c    00000004     stk.aem4f : bind.oem4f (.text:BindGetIF)
                  00007d70    00000150     sysbios.aem4f : BIOS.obj (.text:ti_sysbios_knl_Event_pend__E)
                  00007ec0    00000150                   : BIOS.obj (.text:ti_sysbios_knl_Task_Instance_finalize__E)
                  00008010    00000148                   : BIOS.obj (.text:ti_sysbios_family_arm_m3_Hwi_excMemFault__I)
                  00008158    00000144     stk.aem4f : bind.oem4f (.text:BindNew)
                  0000829c    00000140               : tcp.oem4f (.text:TcpTimeoutCheck)
                  000083dc    0000013c     nettool_ipv4.aem4f : config.oem4f (.text:CfgAddEntry)
                  00008518    0000013c     stk.aem4f : sockint.oem4f (.text:SockNotify)
                  00008654    0000013c               : sock.oem4f (.text:SockSend)
                  00008790    0000013c     rtsv7M4_T_le_v4SPD16_eabi.lib : _printfi.c.obj (.text:_pconv_e)
                  000088cc    00000004     stk.aem4f : bind.oem4f (.text:BindGetNext)
                  000088d0    00000138     sysbios.aem4f : BIOS.obj (.text:ti_sysbios_knl_Semaphore_pend__E)
                  00008a08    00000136     nettool_ipv4.aem4f : dnspkt.oem4f (.text:DNSGetReply)
                  00008b3e    00000136     rtsv7M4_T_le_v4SPD16_eabi.lib : fd_div_t2.asm.obj (.text)
                  00008c74    00000134     stk.aem4f : icmp.oem4f (.text:ICMPGenPacket)
                  00008da8    00000134     rtsv7M4_T_le_v4SPD16_eabi.lib : localtim.c.obj (.text:__localtime32)
                  00008edc    00000132     nettool_ipv4.aem4f : dnspkt.oem4f (.text:DNSReadRecord)
                  0000900e    00000130     driverlib.lib : gpio.obj (.text:GPIOPadConfigSet)
                  0000913e    00000002     rtsv7M4_T_le_v4SPD16_eabi.lib : _lock.c.obj (.text:_nop)
                  00009140    0000012c     EK_TM4C1294XL.obj (.text:EK_TM4C1294XL_initEMAC)
                  0000926c    00000124     stk.aem4f : sockpcb.oem4f (.text:SockPcbResolve)
                  00009390    00000124               : udp.oem4f (.text:UdpOutput)
                  000094b4    00000124     rtsv7M4_T_le_v4SPD16_eabi.lib : _printfi.c.obj (.text:fcvt)
                  000095d8    00000120     httpget_pem4f.oem4f (.text:ti_ndk_config_Global_stackThread)
                  000096f8    00000118     stk.aem4f : tcpout.oem4f (.text:TcpGenPacket)
                  00009810    00000118     ti.targets.arm.rtsarm.aem4f : Error.oem4f (.text:xdc_runtime_Error_policyDefault__E)
                  00009928    00000114     stk.aem4f : nimu.oem4f (.text:NIMUIoctl)
                  00009a3c    00000110               : node.oem4f (.text:NodeTreeFree)
                  00009b4c    00000110               : raw.oem4f (.text:RawInput)
                  00009c5c    00000110     rtsv7M4_T_le_v4SPD16_eabi.lib : s_scalbn.c.obj (.text:scalbn)
                  00009d6c    0000010c     stk.aem4f : rtable.oem4f (.text:RtFind)
                  00009e78    0000010a               : route.oem4f (.text:RtCreate)
                  00009f82    00000002     hal_ser_stub.aem4f : llserstb.oem4f (.text:llSerialService)
                  00009f84    00000108     drivers_tivaware.aem4f : EMACSnow.oem4f (.text:EMACSnow_emacStart)
                  0000a08c    00000004     driverlib.lib : i2c.obj (.text:I2CMasterControl)
                  0000a090    00000108     sysbios.aem4f : BIOS.obj (.text:ti_sysbios_family_arm_lm4_Timer_start__E)
                  0000a198    00000104     httpget.obj (.text:getBPMValue)
                  0000a29c    00000104     os.aem4f : task.oem4f (.text:llEnter)
                  0000a3a0    00000102     nettool_ipv4.aem4f : dhcppkt.oem4f (.text:dhcpPacketProcess)
                  0000a4a2    00000102                        : inetaddr.oem4f (.text:inet_aton)
                  0000a5a4    00000100     stk.aem4f : igmp.oem4f (.text:IGMPSendReply)
                  0000a6a4    00000100     ti.targets.arm.rtsarm.aem4f : Core-mem.oem4f (.text:xdc_runtime_Core_createObject__I)
                  0000a7a4    000000fc     netctrl_min_ipv4.aem4f : netctrl.oem4f (.text:NetScheduler)
                  0000a8a0    000000fc     rtsv7M4_T_le_v4SPD16_eabi.lib : fd_mul_t2.asm.obj (.text)
                  0000a99c    000000f8     stk.aem4f : pipe.oem4f (.text:PipeRecv)
                  0000aa94    000000f8     ti.targets.arm.rtsarm.aem4f : Startup.oem4f (.text:xdc_runtime_Startup_startMods__I)
                  0000ab8c    000000f8     httpget_pem4f.oem4f (.text:xdc_runtime_System_printfExtend__I)
                  0000ac84    000000f4     os.aem4f : task.oem4f (.text:TaskGetEnv)
                  0000ad78    000000f4     sysbios.aem4f : m3_Hwi_asm.obj (.text:ti_sysbios_family_arm_m3_Hwi_dispatch__I)
                  0000ae6c    00000004     driverlib.lib : i2c.obj (.text:I2CMasterDataGet)
                  0000ae70    000000f4     sysbios.aem4f : BIOS.obj (.text:ti_sysbios_knl_Task_Instance_init__E)
                  0000af64    000000f0     stk.aem4f : lliout.oem4f (.text:LLIGenArpPacket)
                  0000b054    000000f0               : sock.oem4f (.text:SockClose)
                  0000b144    000000ee     nettool_ipv4.aem4f : dnspkt.oem4f (.text:DNSWriteRecord)
                  0000b232    00000006     driverlib.lib : emac.obj (.text:EMACTxDMADescriptorListSet)
                  0000b238    000000ec     sysbios.aem4f : BIOS.obj (.text:ti_sysbios_knl_Task_postInit__I)
                  0000b324    000000e8     os.aem4f : task.oem4f (.text:TaskSetEnv)
                  0000b40c    000000e6     nettool_ipv4.aem4f : dnspkt.oem4f (.text:DNSWriteName)
                  0000b4f2    00000002     rtsv7M4_T_le_v4SPD16_eabi.lib : div0.asm.obj (.text)
                  0000b4f4    000000e0     drivers_tivaware.aem4f : I2CTiva.oem4f (.text:I2CTiva_open)
                  0000b5d4    000000e0     stk.aem4f : tcptime.oem4f (.text:TcpTimeoutRexmt)
                  0000b6b4    000000dc               : sb.oem4f (.text:SBWrite)
                  0000b790    000000dc     nettool_ipv4.aem4f : dhcpsock.oem4f (.text:dhcpSocketOpen)
                  0000b86c    000000dc                        : dhcpsm.oem4f (.text:dhcpState)
                  0000b948    000000d8     stk.aem4f : node.oem4f (.text:NodeAdd)
                  0000ba20    000000d8               : tcpprot.oem4f (.text:TcpPrSetOption)
                  0000baf8    000000d6     drivers_tivaware.aem4f : I2CTiva.oem4f (.text:I2CTiva_hwiFxn)
                  0000bbce    00000002     httpget_pem4f.oem4f (.text:ti_ndk_config_Global_NetworkClose)
                  0000bbd0    000000d4     drivers_tivaware.aem4f : EMACSnow.oem4f (.text:EMACSnow_handleRx)
                  0000bca4    000000d4     stk.aem4f : sockpcb.oem4f (.text:SockPcbBind)
                  0000bd78    000000d4     sysbios.aem4f : BIOS.obj (.text:ti_sysbios_heaps_HeapMem_alloc__E)
                  0000be4c    000000d1     stk.aem4f : nimu.oem4f (.text:NIMUReceivePacket)
                  0000bf1d    00000001     --HOLE-- [fill = 0]
                  0000bf1e    00000002     httpget_pem4f.oem4f (.text:ti_ndk_config_Global_NetworkOpen)
                  0000bf20    000000d0     httpget.obj (.text:pulseDetect)
                  0000bff0    000000cc     stk.aem4f : icmp.oem4f (.text:ICMPSendRtAdv)
                  0000c0bc    000000cc     nettool_ipv4.aem4f : dhcpbild.oem4f (.text:dhcpBuildHeader)
                  0000c188    000000cc                        : dhcpsm.oem4f (.text:dhcpIPAdd)
                  0000c254    000000cc                        : dhcppkt.oem4f (.text:dhcpVerifyMessage)
                  0000c320    000000cc     ti.targets.arm.rtsarm.aem4f : Core-smem.oem4f (.text:xdc_runtime_Core_constructObject__I)
                  0000c3ec    000000c8     stk.aem4f : rawethsock.oem4f (.text:RawEthSockNew)
                  0000c4b4    000000c8     netctrl_min_ipv4.aem4f : netsrv.oem4f (.text:SPIpNet)
                  0000c57c    00000004     driverlib.lib : i2c.obj (.text:I2CMasterDataPut)
                  0000c580    000000c8     sysbios.aem4f : BIOS.obj (.text:ti_sysbios_knl_Task_sleep__E)
                  0000c648    000000c4     drivers_tivaware.aem4f : EMACSnow.oem4f (.text:EMACSnow_InitDMADescriptors)
                  0000c70c    000000c4     stk.aem4f : igmp.oem4f (.text:IGMPJoinHostGroup)
                  0000c7d0    000000c4     nettool_ipv4.aem4f : dhcpsm.oem4f (.text:StateBound)
                  0000c894    000000c2                        : dnspkt.oem4f (.text:DNSReadName)
                  0000c956    00000002     httpget_pem4f.oem4f (.text:ti_sysbios_BIOS_nullFunc__I)
                  0000c958    000000be     nettool_ipv4.aem4f : dnsclnt.oem4f (.text:DNSGetHostByName)
                  0000ca16    00000002     httpget_pem4f.oem4f (.text:xdc_runtime_Startup_reset__I)
                  0000ca18    000000bc     httpget.obj (.text:I2C_writeRegister)
                  0000cad4    000000bc     stk.aem4f : sockpcb.oem4f (.text:SockPcbFind)
                  0000cb90    000000bc               : vlan.oem4f (.text:VLANDeinit)
                  0000cc4c    000000bc     httpget.obj (.text:createTasks)
                  0000cd08    000000bc     sysbios.aem4f : BIOS.obj (.text:ti_sysbios_family_arm_m3_Hwi_excDebugMon__I)
                  0000cdc4    00000004     os.aem4f : ossys.oem4f (.text:NDK_vsprintf)
                  0000cdc8    000000bc     sysbios.aem4f : BIOS.obj (.text:ti_sysbios_family_arm_m3_Hwi_excHardFault__I)
                  0000ce84    00000004     stk.aem4f : node.oem4f (.text:NodeSetRt)
                  0000ce88    000000bc     sysbios.aem4f : BIOS.obj (.text:ti_sysbios_knl_Task_exit__E)
                  0000cf44    000000b8     EK_TM4C1294XL.obj (.text:EK_TM4C1294XL_initGeneral)
                  0000cffc    000000b8     stk.aem4f : icmpin.oem4f (.text:ICMPRevSrcRoute)
                  0000d0b4    000000b8               : lli.oem4f (.text:_LLITimeoutCheck)
                  0000d16c    000000b4               : tcptime.oem4f (.text:TcpTimeoutKeep)
                  0000d220    000000b4     sysbios.aem4f : BIOS.obj (.text:ti_sysbios_knl_Task_checkStacks__E)
                  0000d2d4    000000b1     rtsv7M4_T_le_v4SPD16_eabi.lib : _printfi.c.obj (.text:_ltostr)
                  0000d385    00000003     --HOLE-- [fill = 0]
                  0000d388    000000b1     nettool_ipv4.aem4f : inetaddr.oem4f (.text:createAddrInfo)
                  0000d439    00000001     --HOLE-- [fill = 0]
                  0000d43a    000000b0     stk.aem4f : rawethsock.oem4f (.text:RawEthSockSet)
                  0000d4ea    00000002     --HOLE-- [fill = 0]
                  0000d4ec    000000ac               : rtable.oem4f (.text:RtTimeoutCheck)
                  0000d598    000000ac     sysbios.aem4f : BIOS.obj (.text:ti_sysbios_family_arm_lm4_Timer_enableTiva__I)
                  0000d644    000000a8     stk.aem4f : sockint.oem4f (.text:SockCreatePacket)
                  0000d6ec    00000004               : rawethsock_prot.oem4f (.text:RawEthSockPrAttach)
                  0000d6f0    000000a4     sysbios.aem4f : BIOS.obj (.text:ti_sysbios_knl_Task_setPri__E)
                  0000d794    000000a2     httpget.obj (.text:main)
                  0000d836    00000002     --HOLE-- [fill = 0]
                  0000d838    000000a0     stk.aem4f : ip.oem4f (.text:IPGetRoute)
                  0000d8d8    000000a0     auto_init.aem4f : auto_init.oem4f (.text)
                  0000d978    000000a0     ti.targets.arm.rtsarm.aem4f : Text.oem4f (.text:xdc_runtime_Text_putMod__E)
                  0000da18    0000009e     stk.aem4f : nimu.oem4f (.text:NIMUAddEthernetHeader)
                  0000dab6    0000009e     nettool_ipv4.aem4f : dhcpbild.oem4f (.text:dhcpBuildRequest)
                  0000db54    0000009c     stk.aem4f : exec.oem4f (.text:ExecOpen)
                  0000dbf0    0000009c     rtsv7M4_T_le_v4SPD16_eabi.lib : memcpy_t2.asm.obj (.text)
                  0000dc8c    0000009a     ti.targets.arm.rtsarm.aem4f : Text.oem4f (.text:xdc_runtime_Text_putSite__E)
                  0000dd26    00000002     --HOLE-- [fill = 0]
                  0000dd28    00000098     netctrl_min_ipv4.aem4f : netctrl.oem4f (.text:NC_SystemOpen)
                  0000ddc0    00000098                            : netsrv.oem4f (.text:ServiceScan)
                  0000de58    00000098     Boot.aem4f : Boot.oem4f (.text:ti_catalog_arm_cortexm4_tiva_ce_Boot_sysCtlClockFreqSet__E)
                  0000def0    00000098     sysbios.aem4f : BIOS.obj (.text:ti_sysbios_knl_Task_schedule__I)
                  0000df88    00000096     rtsv7M4_T_le_v4SPD16_eabi.lib : ull_div_t2.asm.obj (.text)
                  0000e01e    00000002     --HOLE-- [fill = 0]
                  0000e020    00000094     nettool_ipv4.aem4f : config.oem4f (.text:CfgRemoveEntry)
                  0000e0b4    00000004     stk.aem4f : rawethsock_prot.oem4f (.text:RawEthSockPrDetach)
                  0000e0b8    00000094     sysbios.aem4f : BIOS.obj (.text:ti_sysbios_family_arm_m3_Hwi_Instance_init__E)
                  0000e14c    00000004     os.aem4f : semaphore.oem4f (.text:SemPend)
                  0000e150    00000094     sysbios.aem4f : BIOS.obj (.text:ti_sysbios_family_arm_m3_Hwi_initNVIC__E)
                  0000e1e4    00000090     nettool_ipv4.aem4f : config.oem4f (.text:CfgExecute)
                  0000e274    00000090     stk.aem4f : igmp.oem4f (.text:IGMPMsg)
                  0000e304    00000090     os.aem4f : mem.oem4f (.text:mmBulkAlloc)
                  0000e394    00000004              : semaphore.oem4f (.text:SemPost)
                  0000e398    00000090     sysbios.aem4f : BIOS.obj (.text:ti_sysbios_knl_Task_Module_startup__E)
                  0000e428    00000090                   : BIOS.obj (.text:ti_sysbios_knl_Task_startCore__E)
                  0000e4b8    0000008c     nettool_ipv4.aem4f : dnscomn.oem4f (.text:DNSResolveQuery)
                  0000e544    0000008c     drivers_tivaware.aem4f : GPIOTiva.oem4f (.text:GPIO_init)
                  0000e5d0    0000008c     httpget.obj (.text:I2C_readRegister)
                  0000e65c    0000008c     stk.aem4f : ip.oem4f (.text:IPMsg)
                  0000e6e8    0000008c     os.aem4f : mem.oem4f (.text:_mmInit)
                  0000e774    0000008c              : mem.oem4f (.text:mmInitPage)
                  0000e800    0000008c     sysbios.aem4f : m3_TaskSupport_asm.obj (.text:ti_sysbios_family_arm_m3_TaskSupport_buildTaskStack)
                  0000e88c    00000004     os.aem4f : semaphore.oem4f (.text:SemReset)
                  0000e890    0000008c     sysbios.aem4f : BIOS.obj (.text:ti_sysbios_knl_Event_post__E)
                  0000e91c    0000008a     netctrl_min_ipv4.aem4f : netsrv.oem4f (.text:SPRoute)
                  0000e9a6    00000002     --HOLE-- [fill = 0]
                  0000e9a8    00000088                            : netsrv.oem4f (.text:ServiceSpawn)
                  0000ea30    00000088     stk.aem4f : sockpcb.oem4f (.text:SockPcbCtlError)
                  0000eab8    00000088     sysbios.aem4f : BIOS.obj (.text:ti_sysbios_knl_Mailbox_post__E)
                  0000eb40    00000087     httpget_pem4f.oem4f (.text:ti_ndk_config_Global_NetworkIPAddr)
                  0000ebc7    00000001     --HOLE-- [fill = 0]
                  0000ebc8    00000086     stk.aem4f : sock.oem4f (.text:SockCheck)
                  0000ec4e    00000086     nettool_ipv4.aem4f : dhcpsm.oem4f (.text:StateRequesting)
                  0000ecd4    00000086     rtsv7M4_T_le_v4SPD16_eabi.lib : fd_cmp_t2.asm.obj (.text:__aeabi_cdcmple)
                  0000ed5a    00000086                                   : fd_cmp_t2.asm.obj (.text:__aeabi_cdrcmple)
                  0000ede0    00000084     nettool_ipv4.aem4f : config.oem4f (.text:CfgGetEntry)
                  0000ee64    00000084     drivers_tivaware.aem4f : EMACSnow.oem4f (.text:EMACSnow_processPhyInterrupt)
                  0000eee8    00000084     stk.aem4f : tcpprot.oem4f (.text:TcpPrAttach)
                  0000ef6c    00000084     os.aem4f : mem.oem4f (.text:mmBulkFree)
                  0000eff0    00000084              : mem.oem4f (.text:mmFree)
                  0000f074    00000004              : task.oem4f (.text:TaskSelf)
                  0000f078    00000084     sysbios.aem4f : BIOS.obj (.text:ti_sysbios_family_arm_m3_Hwi_postInit__I)
                  0000f0fc    00000082     nettool_ipv4.aem4f : dhcpsm.oem4f (.text:StateRenewRebind)
                  0000f17e    00000002     --HOLE-- [fill = 0]
                  0000f180    00000080     drivers_tivaware.aem4f : EMACSnow.oem4f (.text:EMACSnow_emacStop)
                  0000f200    00000080                            : EMACSnow.oem4f (.text:EMACSnow_processPendingTx)
                  0000f280    00000080     stk.aem4f : lli.oem4f (.text:LLINew)
                  0000f300    00000080     netctrl_min_ipv4.aem4f : netsrv.oem4f (.text:NS_BootTask)
                  0000f380    00000080     stk.aem4f : pbm.oem4f (.text:PBM_alloc)
                  0000f400    00000080               : raw.oem4f (.text:RawOutput)
                  0000f480    0000007e     drivers_tivaware.aem4f : I2CTiva.oem4f (.text:I2CTiva_transfer)
                  0000f4fe    0000007e     stk.aem4f : fileuser.oem4f (.text:fdClose)
                  0000f57c    0000007c     nettool_ipv4.aem4f : config.oem4f (.text:CfgGetNextEntry)
                  0000f5f8    0000007c     drivers_tivaware.aem4f : EMACSnow.oem4f (.text:EMACSnow_hwiIntFxn)
                  0000f674    0000007c     httpget.obj (.text:I2C_OpenCommunication)
                  0000f6f0    0000007c     stk.aem4f : igmp.oem4f (.text:IGMPDoMCast)
                  0000f76c    0000007c               : igmp.oem4f (.text:IGMPJoin)
                  0000f7e8    0000007c               : socket.oem4f (.text:NDK_setsockopt)
                  0000f864    0000007c               : nimu.oem4f (.text:NIMURegister)
                  0000f8e0    0000007c               : pbm.oem4f (.text:PBM_free)
                  0000f95c    0000007c     nettool_ipv4.aem4f : inetaddr.oem4f (.text:inet_pton)
                  0000f9d8    0000007c     sysbios.aem4f : BIOS.obj (.text:ti_sysbios_heaps_HeapMem_free__E)
                  0000fa54    0000007a     stk.aem4f : sock.oem4f (.text:SockAccept)
                  0000face    0000007a     rtsv7M4_T_le_v4SPD16_eabi.lib : memset_t2.asm.obj (.text)
                  0000fb48    00000078     driverlib.lib : emac.obj (.text:EMACInit)
                  0000fbc0    00000078     stk.aem4f : socket.oem4f (.text:NDK_sendto)
                  0000fc38    00000078               : tcptime.oem4f (.text:TcpXmitTimer)
                  0000fcb0    00000078               : fileuser.oem4f (.text:fdOpenSession)
                  0000fd28    00000078     os.aem4f : task.oem4f (.text:llExit)
                  0000fda0    00000076     stk.aem4f : pipe.oem4f (.text:PipeSend)
                  0000fe16    00000002     --HOLE-- [fill = 0]
                  0000fe18    00000075               : tcptime.oem4f (.text:TcpTimeoutSackRexmt)
                  0000fe8d    00000003     --HOLE-- [fill = 0]
                  0000fe90    00000074               : igmp.oem4f (.text:IGMPLeaveHostGroup)
                  0000ff04    00000074               : nimu.oem4f (.text:NIMUShutdown)
                  0000ff78    00000074               : raweth.oem4f (.text:RawEthRxPacket)
                  0000ffec    00000074               : sockpcb.oem4f (.text:SockPcbConnect)
                  00010060    00000074     httpget.obj (.text:butterworthFilter)
                  000100d4    00000074     nettool_ipv4.aem4f : inetaddr.oem4f (.text:setAddrInfo)
                  00010148    00000074     sysbios.aem4f : BIOS.obj (.text:ti_sysbios_knl_Mailbox_pend__E)
                  000101bc    00000072     os.aem4f : semaphore.oem4f (.text:SemCreateBinary)
                  0001022e    00000070     stk.aem4f : socket.oem4f (.text:NDK_accept)
                  0001029e    00000070               : socket.oem4f (.text:NDK_send)
                  0001030e    00000002     --HOLE-- [fill = 0]
                  00010310    00000070               : rtable.oem4f (.text:RtFlush)
                  00010380    00000070     netctrl_min_ipv4.aem4f : netsrv.oem4f (.text:SPConfig)
                  000103f0    00000070     stk.aem4f : sock.oem4f (.text:SockShutdown)
                  00010460    00000070     nettool_ipv4.aem4f : dhcptags.oem4f (.text:dhcpDecodeType)
                  000104d0    00000070     sysbios.aem4f : BIOS.obj (.text:ti_sysbios_knl_Clock_workFunc__E)
                  00010540    0000006e     stk.aem4f : socket.oem4f (.text:NDK_recv)
                  000105ae    00000002     --HOLE-- [fill = 0]
                  000105b0    0000006e               : rtable.oem4f (.text:RtWalkNext)
                  0001061e    0000006e               : sockpcb.oem4f (.text:SockPcbFindRaw)
                  0001068c    0000006e     rtsv7M4_T_le_v4SPD16_eabi.lib : _printfi.c.obj (.text:_mcpy)
                  000106fa    0000006e                                   : ll_div_t2.asm.obj (.text)
                  00010768    0000006d     stk.aem4f : node.oem4f (.text:NodeNew)
                  000107d5    00000003     --HOLE-- [fill = 0]
                  000107d8    0000006d     ti.targets.arm.rtsarm.aem4f : System.oem4f (.text:xdc_runtime_System_formatNum__I)
                  00010845    00000003     --HOLE-- [fill = 0]
                  00010848    0000006c     os.aem4f : ossys.oem4f (.text:DbgPrintf)
                  000108b4    0000006c     stk.aem4f : node.oem4f (.text:NodeTreeNew)
                  00010920    0000006c               : raweth.oem4f (.text:RawEthTxPacket)
                  0001098c    0000006c               : udp.oem4f (.text:UdpChecksum)
                  000109f8    0000006c     rtsv7M4_T_le_v4SPD16_eabi.lib : asctime.c.obj (.text:asctime)
                  00010a64    0000006c     httpget_pem4f.oem4f (.text:ti_ndk_config_ip_init)
                  00010ad0    0000006c     sysbios.aem4f : BIOS.obj (.text:ti_sysbios_knl_Swi_restoreHwi__E)
                  00010b3c    0000006c     ti.targets.arm.rtsarm.aem4f : Error.oem4f (.text:xdc_runtime_Error_print__E)
                  00010ba8    0000006c                                 : Memory.oem4f (.text:xdc_runtime_Memory_alloc__E)
                  00010c14    0000006a     stk.aem4f : tcpprot.oem4f (.text:TcpPrInherit)
                  00010c7e    00000002     --HOLE-- [fill = 0]
                  00010c80    00000068     EK_TM4C1294XL.obj (.text:EK_TM4C1294XL_initI2C)
                  00010ce8    00000068     stk.aem4f : socket.oem4f (.text:NDK_socket)
                  00010d50    00000068               : pbm.oem4f (.text:PBM_open)
                  00010db8    00000068               : sock.oem4f (.text:SockListen)
                  00010e20    00000068               : rtable.oem4f (.text:_RtNodeInsert)
                  00010e88    00000068     rtsv7M4_T_le_v4SPD16_eabi.lib : copy_decompress_lzss.c.obj (.text:decompress:lzss:__TI_decompress_lzss)
                  00010ef0    00000068     sntp_ndk.aem4f : sntp.oem4f (.text:socketSetup)
                  00010f58    00000066     ti.targets.arm.rtsarm.aem4f : Core-mem.oem4f (.text:xdc_runtime_Core_deleteObject__I)
                  00010fbe    00000002     --HOLE-- [fill = 0]
                  00010fc0    00000064     nettool_ipv4.aem4f : config.oem4f (.text:CfgFree)
                  00011024    00000064     drivers_tivaware.aem4f : GPIOTiva.oem4f (.text:GPIO_hwiIntFxn)
                  00011088    00000064     stk.aem4f : pbm.oem4f (.text:PBMQ_enq)
                  000110ec    00000064               : sockint.oem4f (.text:SockSpawnAbort)
                  00011150    00000064     rtsv7M4_T_le_v4SPD16_eabi.lib : s_frexp.c.obj (.text:frexp)
                  000111b4    00000064     hal_timer_bios.aem4f : lltimer.oem4f (.text:llTimerTick)
                  00011218    00000064     sysbios.aem4f : BIOS.obj (.text:ti_sysbios_family_arm_lm4_Timer_Module_startup__E)
                  0001127c    00000064     httpget_pem4f.oem4f (.text:ti_sysbios_family_arm_m3_Hwi_create)
                  000112e0    00000064     sysbios.aem4f : BIOS.obj (.text:ti_sysbios_family_arm_m3_Hwi_dispatchC__I)
                  00011344    00000004     os.aem4f : task.oem4f (.text:TaskSetPri)
                  00011348    00000064     sysbios.aem4f : BIOS.obj (.text:ti_sysbios_knl_Semaphore_post__E)
                  000113ac    00000064     stk.aem4f : lliin.oem4f (.text:updateRtTable)
                  00011410    00000062     drivers_tivaware.aem4f : I2CTiva.oem4f (.text:I2CTiva_primeTransfer)
                  00011472    00000062     stk.aem4f : ipin.oem4f (.text:IPRouteIP)
                  000114d4    00000062               : sb.oem4f (.text:SBNew)
                  00011536    00000002     --HOLE-- [fill = 0]
                  00011538    00000060     nettool_ipv4.aem4f : config.oem4f (.text:CfgGetEntryCnt)
                  00011598    00000060     stk.aem4f : file.oem4f (.text:FdWaitEvent)
                  000115f8    00000060               : nimu.oem4f (.text:NIMUUnregister)
                  00011658    00000060               : node.oem4f (.text:NodeFind)
                  000116b8    00000060               : rtc.oem4f (.text:RTCMsg)
                  00011718    00000060               : tcp.oem4f (.text:TcpChecksum)
                  00011778    00000060     nettool_ipv4.aem4f : dhcptags.oem4f (.text:dhcpBuildOptions)
                  000117d8    00000060     httpget_pem4f.oem4f (.text:ti_ndk_config_Global_serviceReport)
                  00011838    0000005e     stk.aem4f : route.oem4f (.text:RtRemove)
                  00011896    0000005e     nettool_ipv4.aem4f : dhcpsm.oem4f (.text:StateSelecting)
                  000118f4    0000005e     stk.aem4f : vlan.oem4f (.text:VLANReceivePacket)
                  00011952    00000002     --HOLE-- [fill = 0]
                  00011954    0000005c     nettool_ipv4.aem4f : config.oem4f (.text:CfgSetExecuteOrder)
                  000119b0    0000005c     stk.aem4f : nimu.oem4f (.text:NIMUIoctlSpecialCmd)
                  00011a0c    0000005c     netctrl_min_ipv4.aem4f : netsrv.oem4f (.text:SPService)
                  00011a68    0000005c     httpget_pem4f.oem4f (.text:ti_sysbios_knl_Swi_create)
                  00011ac4    00000004     hal_ser_stub.aem4f : llserstb.oem4f (.text:_llSerialInit)
                  00011ac8    0000005c     sysbios.aem4f : BIOS.obj (.text:ti_sysbios_knl_Swi_run__I)
                  00011b24    00000004     rtsv7M4_T_le_v4SPD16_eabi.lib : exit.c.obj (.text:abort:abort)
                  00011b28    0000005c     sysbios.aem4f : BIOS.obj (.text:ti_sysbios_knl_Swi_schedule__I)
                  00011b84    0000005c     httpget_pem4f.oem4f (.text:ti_sysbios_knl_Task_create)
                  00011be0    0000005c     sysbios.aem4f : BIOS.obj (.text:ti_sysbios_knl_Task_unblockI__E)
                  00011c3c    0000005b     ti.targets.arm.rtsarm.aem4f : Text.oem4f (.text:xdc_runtime_Text_putLab__E)
                  00011c97    00000001     --HOLE-- [fill = 0]
                  00011c98    0000005a     stk.aem4f : rawethsock.oem4f (.text:RawEthSockCheck)
                  00011cf2    0000005a               : route.oem4f (.text:RtRedirect)
                  00011d4c    0000005a               : tcpprot.oem4f (.text:TcpValidateMetrics)
                  00011da6    0000005a     nettool_ipv4.aem4f : dhcpbild.oem4f (.text:dhcpBuildDecline)
                  00011e00    0000005a     os.aem4f : mem.oem4f (.text:mmCopy)
                  00011e5a    0000005a     httpget_pem4f.oem4f (.text:ti_ndk_config_tcp_init)
                  00011eb4    00000058     stk.aem4f : bind.oem4f (.text:BindFree)
                  00011f0c    00000058     boot.aem4f : boot.oem4f (.text)
                  00011f64    00000058     driverlib.lib : emac.obj (.text:EMACPHYConfigSet)
                  00011fbc    00000058     rtsv7M4_T_le_v4SPD16_eabi.lib : hostwrite.c.obj (.text:HOSTwrite)
                  00012014    00000058     stk.aem4f : igmp.oem4f (.text:IGMPTimer)
                  0001206c    00000058     os.aem4f : semaphore.oem4f (.text:SemCreate)
                  000120c4    00000058     httpget_pem4f.oem4f (.text:ti_sysbios_family_arm_m3_Hwi_construct)
                  0001211c    00000058     sysbios.aem4f : m3_Hwi_asm_switch.obj (.text:ti_sysbios_family_arm_m3_Hwi_initStacks__E)
                  00012174    00000056     driverlib.lib : gpio.obj (.text:GPIOIntTypeSet)
                  000121ca    00000056     rtsv7M4_T_le_v4SPD16_eabi.lib : _printfi.c.obj (.text:_pconv_f)
                  00012220    00000054     nettool_ipv4.aem4f : config.oem4f (.text:CfgEntryDeRef)
                  00012274    00000054     stk.aem4f : igmp.oem4f (.text:IGMPLeave)
                  000122c8    00000054               : rawethsock_pcb.oem4f (.text:RawEthSockPcbAttach)
                  0001231c    00000054     sntp_ndk.aem4f : sntp.oem4f (.text:SNTP_setServers)
                  00012370    00000054     stk.aem4f : sockpcb.oem4f (.text:SockCleanPcb)
                  000123c4    00000054               : tcptime.oem4f (.text:TcpTimeoutPersist)
                  00012418    00000054     rtsv7M4_T_le_v4SPD16_eabi.lib : _ltoa.c.obj (.text:__TI_ltoa)
                  0001246c    00000054     httpget.obj (.text:removeDCValue)
                  000124c0    00000054     sysbios.aem4f : BIOS.obj (.text:ti_sysbios_family_arm_lm4_Timer_initDevice__I)
                  00012514    00000004     stk.aem4f : listlib.oem4f (.text:list_get_head)
                  00012518    00000054     sysbios.aem4f : BIOS.obj (.text:ti_sysbios_knl_Swi_Instance_init__E)
                  0001256c    00000054     ti.targets.arm.rtsarm.aem4f : Assert.oem4f (.text:xdc_runtime_Assert_raise__I)
                  000125c0    00000052     nettool_ipv4.aem4f : dnscomn.oem4f (.text:DNSReplyFree)
                  00012612    00000052     stk.aem4f : tcpprot.oem4f (.text:TcpPrDetach)
                  00012664    00000052     rtsv7M4_T_le_v4SPD16_eabi.lib : _printfi.c.obj (.text:_ecpy)
                  000126b6    00000002     --HOLE-- [fill = 0]
                  000126b8    00000050     drivers_tivaware.aem4f : GPIOTiva.oem4f (.text:GPIO_setCallback)
                  00012708    00000050                            : GPIOTiva.oem4f (.text:GPIO_write)
                  00012758    00000050     stk.aem4f : socket.oem4f (.text:NDK_bind)
                  000127a8    00000050               : socket.oem4f (.text:NDK_connect)
                  000127f8    00000050               : route.oem4f (.text:RtNew)
                  00012848    00000050     driverlib.lib : sysctl.obj (.text:SysCtlPeripheralReset)
                  00012898    00000050     Boot.aem4f : Boot_sysctl.oem4f (.text:_SysCtlFrequencyGet)
                  000128e8    00000050     sysbios.aem4f : BIOS.obj (.text:ti_sysbios_family_arm_m3_Hwi_Module_startup__E)
                  00012938    00000050                   : BIOS.obj (.text:ti_sysbios_knl_Clock_Instance_init__E)
                  00012988    00000050     ti.targets.arm.rtsarm.aem4f : Startup.oem4f (.text:xdc_runtime_Startup_exec__E)
                  000129d8    00000050                                 : Text.oem4f (.text:xdc_runtime_Text_visitRope2__I)
                  00012a28    0000004e     stk.aem4f : node.oem4f (.text:NodeDeRef)
                  00012a76    0000004e     nettool_ipv4.aem4f : config.oem4f (.text:_CfgEntryScan)
                  00012ac4    0000004d     sntp_ndk.aem4f : sntp.oem4f (.text:hasKissCode)
                  00012b11    00000003     --HOLE-- [fill = 0]
                  00012b14    0000004c     nettool_ipv4.aem4f : ipaddr.oem4f (.text:NtAddNetwork)
                  00012b60    0000004c     stk.aem4f : sockint.oem4f (.text:SockValidateRoute)
                  00012bac    0000004c     rtsv7M4_T_le_v4SPD16_eabi.lib : atoi.c.obj (.text:atoi)
                  00012bf8    0000004c                                   : cpy_tbl.c.obj (.text:copy_in)
                  00012c44    0000004c                                   : snprintf.c.obj (.text:snprintf)
                  00012c90    0000004c     sysbios.aem4f : BIOS.obj (.text:ti_sysbios_heaps_HeapMem_getStats__E)
                  00012cdc    00000004     stk.aem4f : listlib.oem4f (.text:list_get_next)
                  00012ce0    0000004c     sysbios.aem4f : BIOS.obj (.text:ti_sysbios_knl_Swi_runLoop__I)
                  00012d2c    00000004     httpget_pem4f.oem4f (.text:ti_sysbios_BIOS_RtsGateProxy_enter__E)
                  00012d30    0000004c     sysbios.aem4f : BIOS.obj (.text:ti_sysbios_knl_Task_allBlockedFunction__I)
                  00012d7c    0000004a     netctrl_min_ipv4.aem4f : netsrv.oem4f (.text:ServiceKill)
                  00012dc6    0000004a     stk.aem4f : sock.oem4f (.text:SockDisconnect)
                  00012e10    0000004a               : timer.oem4f (.text:TimerNew)
                  00012e5a    00000048     nettool_ipv4.aem4f : config.oem4f (.text:CfgNew)
                  00012ea2    00000002     --HOLE-- [fill = 0]
                  00012ea4    00000048     driverlib.lib : gpio.obj (.text:GPIOPinConfigure)
                  00012eec    00000048                   : i2c.obj (.text:I2CMasterInitExpClk)
                  00012f34    00000048     stk.aem4f : lli.oem4f (.text:LLIMsg)
                  00012f7c    00000048               : node.oem4f (.text:NodeWalk)
                  00012fc4    00000048               : rawethsock_pcb.oem4f (.text:RawEthSockPcbDetach)
                  0001300c    00000048               : sockpcb.oem4f (.text:SockPcbResolveChain)
                  00013054    00000048               : tcpprot.oem4f (.text:TcpDrop)
                  0001309c    00000048               : lli.oem4f (.text:_LLIExpListInsert)
                  000130e4    00000048               : rtable.oem4f (.text:_RtExpListInsert)
                  0001312c    00000048               : file.oem4f (.text:fdint_lockfd)
                  00013174    00000048     rtsv7M4_T_le_v4SPD16_eabi.lib : fd_toi_t2.asm.obj (.text)
                  000131bc    00000004     httpget_pem4f.oem4f (.text:ti_sysbios_BIOS_RtsGateProxy_leave__E)
                  000131c0    00000048     sysbios.aem4f : BIOS.obj (.text:ti_sysbios_family_arm_lm4_Timer_enableTimers__I)
                  00013208    00000048                   : BIOS.obj (.text:ti_sysbios_family_arm_m3_Hwi_disableInterrupt__E)
                  00013250    00000048                   : BIOS.obj (.text:ti_sysbios_family_arm_m3_Hwi_enableInterrupt__E)
                  00013298    00000048                   : BIOS.obj (.text:ti_sysbios_family_arm_m3_Hwi_excReserved__I)
                  000132e0    00000048                   : BIOS.obj (.text:ti_sysbios_knl_Mailbox_Module_startup__E)
                  00013328    00000048                   : BIOS.obj (.text:ti_sysbios_knl_Task_deleteTerminatedTasksFunc__I)
                  00013370    00000046     nettool_ipv4.aem4f : ipaddr.oem4f (.text:NtIfIdx2Ip)
                  000133b6    00000046     stk.aem4f : rawethsock.oem4f (.text:RawEthSockSend)
                  000133fc    00000046               : tcpprot.oem4f (.text:TcpPrCtlError)
                  00013442    00000046     os.aem4f : mem.oem4f (.text:mmZeroInit)
                  00013488    00000046     ti.targets.arm.rtsarm.aem4f : Core-params.oem4f (.text:xdc_runtime_Core_assignParams__I)
                  000134ce    00000002     --HOLE-- [fill = 0]
                  000134d0    00000044     drivers_tivaware.aem4f : EMACSnow.oem4f (.text:EMACSnow_processTransmitted)
                  00013514    00000044     stk.aem4f : icmp.oem4f (.text:ICMPChecksum)
                  00013558    00000044               : ipfrag.oem4f (.text:IPReasmFree)
                  0001359c    00000044               : lli.oem4f (.text:LLIGetValidTime)
                  000135e0    00000044               : rtable.oem4f (.text:RouteMsg)
                  00013624    00000044               : rtable.oem4f (.text:RtWalkEnd)
                  00013668    00000044               : sockpcb.oem4f (.text:SockPcbDetach)
                  000136ac    00000044               : timer.oem4f (.text:TimerListInsert)
                  000136f0    00000044     hal_timer_bios.aem4f : lltimer.oem4f (.text:llTimerGetTime)
                  00013734    00000004     sysbios.aem4f : BIOS.obj (.text:ti_sysbios_family_arm_lm4_Timer_masterEnable__I)
                  00013738    00000044                   : BIOS.obj (.text:ti_sysbios_family_arm_lm4_Timer_isrStub__E)
                  0001377c    00000004     httpget_pem4f.oem4f (.text:ti_sysbios_family_arm_m3_Hwi_delete)
                  00013780    00000044     sysbios.aem4f : BIOS.obj (.text:ti_sysbios_family_arm_m3_Hwi_getStackInfo__E)
                  000137c4    00000004     httpget_pem4f.oem4f (.text:ti_sysbios_family_arm_m3_Hwi_destruct)
                  000137c8    00000044     sysbios.aem4f : BIOS.obj (.text:ti_sysbios_knl_Swi_post__E)
                  0001380c    00000044     ti.targets.arm.rtsarm.aem4f : Error.oem4f (.text:xdc_runtime_Error_setX__E)
                  00013850    00000044                                 : SysMin.oem4f (.text:xdc_runtime_SysMin_flush__E)
                  00013894    00000044                                 : Text.oem4f (.text:xdc_runtime_Text_xprintf__I)
                  000138d8    00000042     stk.aem4f : socket.oem4f (.text:NDK_listen)
                  0001391a    00000042               : tcpprot.oem4f (.text:TcpPrSendOOB)
                  0001395c    00000042               : fileuser.oem4f (.text:fdCloseSession)
                  0001399e    00000040     nettool_ipv4.aem4f : dnspkt.oem4f (.text:DNSBuildRequest)
                  000139de    00000002     --HOLE-- [fill = 0]
                  000139e0    00000040     stk.aem4f : lliin.oem4f (.text:LLIValidateRoute)
                  00013a20    00000040               : pbm.oem4f (.text:PBM_copy)
                  00013a60    00000040               : sockpcb.oem4f (.text:SockPcbRtChange)
                  00013aa0    00000040               : tcpprot.oem4f (.text:TcpPrSend)
                  00013ae0    00000040     sntp_ndk.aem4f : sntp.oem4f (.text:changeServer)
                  00013b20    00000040     rtsv7M4_T_le_v4SPD16_eabi.lib : u_divt2.asm.obj (.text)
                  00013b60    00000040                                   : sprintf.c.obj (.text:sprintf)
                  00013ba0    00000040     sysbios.aem4f : BIOS.obj (.text:ti_sysbios_family_arm_lm4_Timer_startup__E)
                  00013be0    00000040                   : BIOS.obj (.text:ti_sysbios_heaps_HeapMem_Instance_init__E)
                  00013c20    0000003e     nettool_ipv4.aem4f : dhcpmain.oem4f (.text:DHCPClose)
                  00013c5e    00000002     --HOLE-- [fill = 0]
                  00013c60    0000003e     stk.aem4f : nimu.oem4f (.text:NIMUAllocateName)
                  00013c9e    0000003e     os.aem4f : task.oem4f (.text:TaskCreate)
                  00013cdc    0000003e     stk.aem4f : tcpprot.oem4f (.text:TcpPrDisconnect)
                  00013d1a    0000003e     rtsv7M4_T_le_v4SPD16_eabi.lib : _printfi.c.obj (.text:_fcpy)
                  00013d58    0000003e     stk.aem4f : file.oem4f (.text:fdint_unlockfd)
                  00013d96    0000003c     nettool_ipv4.aem4f : config.oem4f (.text:CfgEntryGetData)
                  00013dd2    0000003c     driverlib.lib : emac.obj (.text:EMACIntDisable)
                  00013e0e    0000003c     stk.aem4f : node.oem4f (.text:NodeUpdatePL)
                  00013e4a    00000002     --HOLE-- [fill = 0]
                  00013e4c    0000003c               : rtable.oem4f (.text:RtWalkBegin)
                  00013e88    0000003c               : tcpprot.oem4f (.text:TcpPrConnect)
                  00013ec4    0000003c               : tcptime.oem4f (.text:TcpSetPersist)
                  00013f00    0000003c               : rtc.oem4f (.text:_RTCSendRtAdv)
                  00013f3c    0000003c               : rtable.oem4f (.text:_RtNodeRemove)
                  00013f78    0000003c     hal_timer_bios.aem4f : lltimer.oem4f (.text:_llTimerInit)
                  00013fb4    00000004     httpget_pem4f.oem4f (.text:ti_sysbios_family_arm_m3_TaskSupport_Module__startupDone__S)
                  00013fb8    0000003c     sysbios.aem4f : BIOS.obj (.text:ti_sysbios_family_arm_lm4_Seconds_set__E)
                  00013ff4    00000004     httpget_pem4f.oem4f (.text:ti_sysbios_heaps_HeapMem_Module_GateProxy_enter__E)
                  00013ff8    0000003c     sysbios.aem4f : BIOS.obj (.text:ti_sysbios_family_arm_m3_Hwi_excSvCall__I)
                  00014034    00000004     httpget_pem4f.oem4f (.text:ti_sysbios_heaps_HeapMem_Module_GateProxy_leave__E)
                  00014038    0000003c     sysbios.aem4f : BIOS.obj (.text:ti_sysbios_heaps_HeapMem_init__I)
                  00014074    00000004     httpget_pem4f.oem4f (.text:ti_sysbios_knl_Clock_TimerProxy_getMaxTicks__E)
                  00014078    0000003c     sysbios.aem4f : BIOS.obj (.text:ti_sysbios_knl_Swi_restore__E)
                  000140b4    0000003a     driverlib.lib : emac.obj (.text:EMACIntEnable)
                  000140ee    0000003a     drivers_tivaware.aem4f : I2CTiva.oem4f (.text:I2CTiva_completeTransfer)
                  00014128    00000038     driverlib.lib : emac.obj (.text:EMACConfigGet)
                  00014160    00000038     drivers_tivaware.aem4f : I2C.oem4f (.text:I2C_init)
                  00014198    00000038     stk.aem4f : ipfrag.oem4f (.text:IPReasmTimeout)
                  000141d0    00000038               : node.oem4f (.text:NodeGetRt)
                  00014208    00000038     driverlib.lib : sysctl.obj (.text:SysCtlPeripheralReady)
                  00014240    00000038     stk.aem4f : tcpprot.oem4f (.text:TcpClose)
                  00014278    00000038               : timer.oem4f (.text:TimerHSTick)
                  000142b0    00000038     rtsv7M4_T_le_v4SPD16_eabi.lib : trgmsg.c.obj (.text:__TI_writemsg)
                  000142e8    00000038     nettool_ipv4.aem4f : dhcpbild.oem4f (.text:dhcpBuildDiscover)
                  00014320    00000038                        : dhcptags.oem4f (.text:dhcpOptionsClear)
                  00014358    00000038     stk.aem4f : file.oem4f (.text:fdint_waitevent)
                  00014390    00000038     rtsv7M4_T_le_v4SPD16_eabi.lib : fs_tod_t2.asm.obj (.text)
                  000143c8    00000038     sysbios.aem4f : BIOS.obj (.text:ti_sysbios_family_arm_m3_Hwi_excNoIsr__I)
                  00014400    00000038     httpget_pem4f.oem4f (.text:ti_sysbios_knl_Clock_create)
                  00014438    00000038     sysbios.aem4f : BIOS.obj (.text:ti_sysbios_knl_Task_processVitalTaskFlag__I)
                  00014470    00000038     ti.targets.arm.rtsarm.aem4f : SysMin.oem4f (.text:xdc_runtime_SysMin_putch__E)
                  000144a8    00000038                                 : System.oem4f (.text:xdc_runtime_System_atexit__E)
                  000144e0    00000036     drivers_tivaware.aem4f : I2CTiva.oem4f (.text:I2CTiva_close)
                  00014516    00000036     stk.aem4f : ip.oem4f (.text:IPChecksum)
                  0001454c    00000036     rtsv7M4_T_le_v4SPD16_eabi.lib : strncpy.c.obj (.text:strncpy)
                  00014582    00000002     --HOLE-- [fill = 0]
                  00014584    00000035     httpget.obj (.text:printError)
                  000145b9    00000003     --HOLE-- [fill = 0]
                  000145bc    00000034     nettool_ipv4.aem4f : config.oem4f (.text:CfgSetService)
                  000145f0    00000034     driverlib.lib : emac.obj (.text:EMACConfigSet)
                  00014624    00000034                   : emac.obj (.text:EMACIntClear)
                  00014658    00000034     drivers_tivaware.aem4f : EMACSnow.oem4f (.text:EMACSnow_emacPoll)
                  0001468c    00000034                            : EMACSnow.oem4f (.text:EMACSnow_isLinkUp)
                  000146c0    00000034                            : EMAC.oem4f (.text:EMAC_init)
                  000146f4    00000034     stk.aem4f : exec.oem4f (.text:ExecClose)
                  00014728    00000034               : nimu.oem4f (.text:NIMUFindByName)
                  0001475c    00000034               : nimu.oem4f (.text:NIMUInit)
                  00014790    00000034               : rawethsock.oem4f (.text:RawEthSockNotify)
                  000147c4    00000034               : sockprot.oem4f (.text:SockPrCtlError)
                  000147f8    00000034     driverlib.lib : sysctl.obj (.text:SysCtlPeripheralEnable)
                  0001482c    00000034     rtsv7M4_T_le_v4SPD16_eabi.lib : trgmsg.c.obj (.text:__TI_readmsg)
                  00014860    00000034     os.aem4f : mem.oem4f (.text:mmUnInitPage)
                  00014894    00000034              : ossys.oem4f (.text:stricmp)
                  000148c8    00000034     sysbios.aem4f : BIOS.obj (.text:ti_sysbios_family_arm_m3_Hwi_Instance_finalize__E)
                  000148fc    00000004     httpget_pem4f.oem4f (.text:ti_sysbios_knl_Event_delete)
                  00014900    00000034     sysbios.aem4f : BIOS.obj (.text:ti_sysbios_family_arm_m3_Hwi_excNmi__I)
                  00014934    00000004     httpget_pem4f.oem4f (.text:ti_sysbios_knl_Queue_destruct)
                  00014938    00000034     sysbios.aem4f : BIOS.obj (.text:ti_sysbios_hal_Hwi_checkStack)
                  0001496c    00000034     httpget_pem4f.oem4f (.text:ti_sysbios_knl_Semaphore_create)
                  000149a0    00000034     ti.targets.arm.rtsarm.aem4f : Core-label.oem4f (.text:xdc_runtime_Core_assignLabel__I)
                  000149d4    00000033                                 : Text.oem4f (.text:xdc_runtime_Text_printVisFxn__I)
                  00014a07    00000001     --HOLE-- [fill = 0]
                  00014a08    00000032     nettool_ipv4.aem4f : config.oem4f (.text:CfgGetImmediate)
                  00014a3a    00000032     stk.aem4f : pipe.oem4f (.text:PipeCheck)
                  00014a6c    00000032               : route.oem4f (.text:RtDeRef)
                  00014a9e    00000032               : route.oem4f (.text:RtSetFailure)
                  00014ad0    00000032               : sb.oem4f (.text:SBFlush)
                  00014b02    00000032               : sb.oem4f (.text:SBSetMax)
                  00014b34    00000032               : sock.oem4f (.text:SockIntAbort)
                  00014b66    00000032     nettool_ipv4.aem4f : config.oem4f (.text:_CfgAcquire)
                  00014b98    00000032                        : dhcpsm.oem4f (.text:dhcpIPRemove)
                  00014bca    00000006     driverlib.lib : gpio.obj (.text:GPIOIntClear)
                  00014bd0    00000032     sysbios.aem4f : BIOS.obj (.text:ti_sysbios_hal_Hwi_initStack)
                  00014c02    00000006     driverlib.lib : gpio.obj (.text:GPIOPinWrite)
                  00014c08    00000032     sysbios.aem4f : BIOS.obj (.text:ti_sysbios_knl_Event_pendTimeout__I)
                  00014c3a    00000006     driverlib.lib : i2c.obj (.text:I2CMasterIntDisable)
                  00014c40    00000032     sysbios.aem4f : BIOS.obj (.text:ti_sysbios_knl_Semaphore_pendTimeout__I)
                  00014c72    00000030     driverlib.lib : emac.obj (.text:EMACAddrSet)
                  00014ca2    00000002     --HOLE-- [fill = 0]
                  00014ca4    00000030     drivers_tivaware.aem4f : EMACSnow.oem4f (.text:EMACSnow_handlePackets)
                  00014cd4    00000030                            : I2C.oem4f (.text:I2C_open)
                  00014d04    00000030     netctrl_min_ipv4.aem4f : netsrv.oem4f (.text:NS_PreBoot)
                  00014d34    00000030     stk.aem4f : sock.oem4f (.text:SockBind)
                  00014d64    00000030               : sock.oem4f (.text:SockGetName)
                  00014d94    00000030     rtsv7M4_T_le_v4SPD16_eabi.lib : snprintf.c.obj (.text:_outs)
                  00014dc4    00000030     nettool_ipv4.aem4f : dhcpsock.oem4f (.text:dhcpPacketSend)
                  00014df4    00000030     httpget.obj (.text:getTimeStr)
                  00014e24    00000030     stk.aem4f : listlib.oem4f (.text:list_remove_node)
                  00014e54    00000030     httpget_pem4f.oem4f (.text:ti_sysbios_BIOS_atExitFunc__I)
                  00014e84    00000004     httpget_pem4f.oem4f (.text:ti_sysbios_knl_Semaphore_delete)
                  00014e88    00000030     sysbios.aem4f : BIOS.obj (.text:ti_sysbios_family_arm_lm4_Timer_stop__E)
                  00014eb8    00000030                   : BIOS.obj (.text:ti_sysbios_family_arm_m3_TaskSupport_start__E)
                  00014ee8    00000030     httpget_pem4f.oem4f (.text:ti_sysbios_gates_GateHwi_Object__create__S)
                  00014f18    00000030     httpget_pem4f.oem4f (.text:ti_sysbios_gates_GateMutex_Object__create__S)
                  00014f48    00000030     sysbios.aem4f : BIOS.obj (.text:ti_sysbios_gates_GateMutex_enter__E)
                  00014f78    00000030     httpget_pem4f.oem4f (.text:ti_sysbios_heaps_HeapMem_Object__create__S)
                  00014fa8    00000030     httpget_pem4f.oem4f (.text:ti_sysbios_knl_Event_create)
                  00014fd8    00000030     sysbios.aem4f : BIOS.obj (.text:ti_sysbios_knl_Mailbox_postInit__I)
                  00015008    00000030     httpget_pem4f.oem4f (.text:ti_sysbios_knl_Semaphore_construct)
                  00015038    00000030     ti.targets.arm.rtsarm.aem4f : SysMin.oem4f (.text:xdc_runtime_SysMin_abort__E)
                  00015068    00000030                                 : System.oem4f (.text:xdc_runtime_System_processAtExit__E)
                  00015098    0000002e     stk.aem4f : sb.oem4f (.text:SBFree)
                  000150c6    0000002e     rtsv7M4_T_le_v4SPD16_eabi.lib : i_tofd_t2.asm.obj (.text)
                  000150f4    0000002c     driverlib.lib : emac.obj (.text:EMACIntStatus)
                  00015120    0000002c     stk.aem4f : file.oem4f (.text:FdSignalEvent)
                  0001514c    0000002c               : igmp.oem4f (.text:IGMPTestGroup)
                  00015178    0000002c     os.aem4f : task.oem4f (.text:NDK_hookCreate)
                  000151a4    0000002c     stk.aem4f : nimu.oem4f (.text:NIMUAllocateIndex)
                  000151d0    0000002c               : nimu.oem4f (.text:NIMUPacketServiceCheck)
                  000151fc    0000002c               : pipe.oem4f (.text:PipeClose)
                  00015228    0000002c     sntp_ndk.aem4f : sntp.oem4f (.text:SNTP_forceTimeSync)
                  00015254    0000002c     stk.aem4f : sockpcb.oem4f (.text:SockPcbAttach)
                  00015280    0000002c               : lli.oem4f (.text:_LLIExpListRemove)
                  000152ac    0000002c               : lli.oem4f (.text:_LLITimeoutFlush)
                  000152d8    0000002c               : rtable.oem4f (.text:_RtExpListRemove)
                  00015304    0000002c               : file.oem4f (.text:fdint_setevent)
                  00015330    0000002c     rtsv7M4_T_le_v4SPD16_eabi.lib : strncmp.c.obj (.text:strncmp)
                  0001535c    0000002c     httpget_pem4f.oem4f (.text:ti_sysbios_knl_Clock_doTick__I)
                  00015388    0000002c     httpget_pem4f.oem4f (.text:ti_sysbios_knl_Queue_construct)
                  000153b4    00000004     httpget_pem4f.oem4f (.text:ti_sysbios_knl_Semaphore_destruct)
                  000153b8    0000002c     sysbios.aem4f : BIOS.obj (.text:ti_sysbios_knl_Task_restore__E)
                  000153e4    0000002c     ti.targets.arm.rtsarm.aem4f : Text.oem4f (.text:xdc_runtime_Text_cordText__E)
                  00015410    0000002a     driverlib.lib : gpio.obj (.text:GPIODirModeSet)
                  0001543a    0000002a     stk.aem4f : pbm.oem4f (.text:PBMQ_deq)
                  00015464    0000002a     netctrl_min_ipv4.aem4f : netsrv.oem4f (.text:ServiceCallback)
                  0001548e    0000002a     nettool_ipv4.aem4f : config.oem4f (.text:_CfgRelease)
                  000154b8    0000002a                        : inetaddr.oem4f (.text:mergeLists)
                  000154e2    0000002a     ti.targets.arm.rtsarm.aem4f : System.oem4f (.text:xdc_runtime_System_putchar__I)
                  0001550c    00000028     stk.aem4f : bind.oem4f (.text:BindFindByNet)
                  00015534    00000028               : lli.oem4f (.text:LLIFree)
                  0001555c    00000028     netctrl_min_ipv4.aem4f : netctrl.oem4f (.text:NC_SystemClose)
                  00015584    00000028     stk.aem4f : nimu.oem4f (.text:NIMUCreatePacket)
                  000155ac    00000028               : nimu.oem4f (.text:NIMUPacketService)
                  000155d4    00000028               : tcpin.oem4f (.text:TcpEnterTimeWait)
                  000155fc    00000028               : timer.oem4f (.text:TimerListRemove)
                  00015624    00000028               : vlan.oem4f (.text:VLANFindSourceInterface)
                  0001564c    00000028               : vlan.oem4f (.text:VLANInit)
                  00015674    00000028     nettool_ipv4.aem4f : dhcpsock.oem4f (.text:dhcpPacketReceive)
                  0001569c    00000028     drivers_tivaware.aem4f : EMACSnow.oem4f (.text:signalLinkChange)
                  000156c4    00000004     httpget_pem4f.oem4f (.text:ti_sysbios_knl_Swi_delete)
                  000156c8    00000028     sysbios.aem4f : BIOS.obj (.text:ti_sysbios_knl_Clock_addI__E)
                  000156f0    00000028                   : BIOS.obj (.text:ti_sysbios_knl_Swi_Module_startup__E)
                  00015718    00000026     nettool_ipv4.aem4f : config.oem4f (.text:CfgEntryInfo)
                  0001573e    00000026     driverlib.lib : emac.obj (.text:EMACPHYRead)
                  00015764    00000026                   : emac.obj (.text:EMACPHYWrite)
                  0001578a    00000026     stk.aem4f : rawethsock.oem4f (.text:RawEthSockClose)
                  000157b0    00000026     sysbios.aem4f : m3_Hwi_asm.obj (.text:ti_sysbios_family_arm_m3_Hwi_pendSV__I)
                  000157d6    00000026     ti.targets.arm.rtsarm.aem4f : System.oem4f (.text:xdc_runtime_System_avprintf__E)
                  000157fc    00000024     stk.aem4f : bind.oem4f (.text:BindFindByHost)
                  00015820    00000024               : bind.oem4f (.text:BindGetIFByDBCast)
                  00015844    00000024     drivers_tivaware.aem4f : EMACSnow.oem4f (.text:EMACSnow_pkt_service)
                  00015868    00000024                            : EMACSnow.oem4f (.text:EMACSnow_primeRx)
                  0001588c    00000024     stk.aem4f : exec.oem4f (.text:ExecTimer)
                  000158b0    00000024               : nimu.oem4f (.text:NIMUFindByIndex)
                  000158d4    00000024               : rtc.oem4f (.text:RTCAddHook)
                  000158f8    00000024               : rawethsock_pcb.oem4f (.text:RawEthSockPcbFind)
                  0001591c    00000024               : route.oem4f (.text:RtFree)
                  00015940    00000024               : route.oem4f (.text:RtSetTimeout)
                  00015964    00000024               : sockpcb.oem4f (.text:SockPcbCleanup)
                  00015988    00000024               : tcpprot.oem4f (.text:TcpPrListen)
                  000159ac    00000024               : tcptime.oem4f (.text:TcpTimeoutWait2)
                  000159d0    00000024     nettool_ipv4.aem4f : config.oem4f (.text:_CfgEntryProcess)
                  000159f4    00000024     httpget_pem4f.oem4f (.text:ti_sysbios_BIOS_errorRaiseHook__I)
                  00015a18    00000024     httpget_pem4f.oem4f (.text:ti_sysbios_BIOS_registerRTSLock__I)
                  00015a3c    00000024     httpget_pem4f.oem4f (.text:ti_sysbios_BIOS_removeRTSLock__I)
                  00015a60    00000024     httpget_pem4f.oem4f (.text:ti_sysbios_BIOS_startFunc__I)
                  00015a84    00000024     httpget_pem4f.oem4f (.text:ti_sysbios_gates_GateMutex_Object__delete__S)
                  00015aa8    00000024     sysbios.aem4f : BIOS.obj (.text:ti_sysbios_knl_Clock_Module_startup__E)
                  00015acc    00000004     httpget_pem4f.oem4f (.text:ti_sysbios_knl_Task_delete)
                  00015ad0    00000024     sysbios.aem4f : BIOS.obj (.text:ti_sysbios_knl_Semaphore_Instance_init__E)
                  00015af4    00000024     httpget_pem4f.oem4f (.text:ti_sysbios_knl_Semaphore_Object__delete__S)
                  00015b18    00000024     sysbios.aem4f : BIOS.obj (.text:ti_sysbios_knl_Task_restoreHwi__E)
                  00015b3c    00000024     ti.targets.arm.rtsarm.aem4f : System.oem4f (.text:xdc_runtime_System_vprintf__E)
                  00015b60    00000022     nettool_ipv4.aem4f : config.oem4f (.text:CfgEntryRef)
                  00015b82    00000022     stk.aem4f : vlan.oem4f (.text:VLANFindNode)
                  00015ba4    00000004     ti.targets.arm.rtsarm.aem4f : Error.oem4f (.text:xdc_runtime_Error_getMsg__E)
                  00015ba8    00000022     sysbios.aem4f : BIOS.obj (.text:ti_sysbios_family_arm_lm4_Timer_write__I)
                  00015bca    00000022     httpget_pem4f.oem4f (.text:xdc_runtime_SysMin_output__I)
                  00015bec    00000020     netctrl_min_ipv4.aem4f : netctrl.oem4f (.text:NC_BootComplete)
                  00015c0c    00000020     stk.aem4f : nimu.oem4f (.text:NIMUGetNumOfObject)
                  00015c2c    00000020               : rtc.oem4f (.text:RTCRemoveHook)
                  00015c4c    00000020               : tcp.oem4f (.text:TcpTimeoutRemove)
                  00015c6c    00000020     Boot.aem4f : Boot_sysctl.oem4f (.text:_SysCtlMemTimingGet)
                  00015c8c    00000020     httpget_pem4f.oem4f (.text:ti_sysbios_BIOS_rtsLock__I)
                  00015cac    00000020     httpget_pem4f.oem4f (.text:ti_sysbios_family_arm_m3_Hwi_Object__delete__S)
                  00015ccc    00000020     sysbios.aem4f : m3_Hwi_asm.obj (.text:ti_sysbios_family_arm_m3_Hwi_excHandlerAsm__I)
                  00015cec    00000004     ti.targets.arm.rtsarm.aem4f : Error.oem4f (.text:xdc_runtime_Error_getSite__E)
                  00015cf0    00000020     sysbios.aem4f : BIOS.obj (.text:ti_sysbios_family_arm_m3_Hwi_excHandler__I)
                  00015d10    00000020     httpget_pem4f.oem4f (.text:ti_sysbios_gates_GateHwi_Object__delete__S)
                  00015d30    00000020     httpget_pem4f.oem4f (.text:ti_sysbios_heaps_HeapMem_Object__delete__S)
                  00015d50    00000020     httpget_pem4f.oem4f (.text:ti_sysbios_knl_Event_Object__delete__S)
                  00015d70    00000020     sysbios.aem4f : BIOS.obj (.text:ti_sysbios_knl_Idle_run__E)
                  00015d90    00000020     httpget_pem4f.oem4f (.text:ti_sysbios_knl_Semaphore_Object__destruct__S)
                  00015db0    00000020     httpget_pem4f.oem4f (.text:ti_sysbios_knl_Swi_Object__delete__S)
                  00015dd0    00000020     httpget_pem4f.oem4f (.text:ti_sysbios_knl_Task_Object__delete__S)
                  00015df0    00000020     ti.targets.arm.rtsarm.aem4f : Registry.oem4f (.text:xdc_runtime_Registry_findById__E)
                  00015e10    00000020                                 : SysMin.oem4f (.text:xdc_runtime_SysMin_Module_startup__E)
                  00015e30    0000001e     stk.aem4f : fileuser.oem4f (.text:fdError)
                  00015e4e    0000001e               : listlib.oem4f (.text:list_remove)
                  00015e6c    0000001e     httpget.obj (.text:recv)
                  00015e8a    0000001e     httpget.obj (.text:send)
                  00015ea8    0000001e     rtsv7M4_T_le_v4SPD16_eabi.lib : strcat.c.obj (.text:strcat)
                  00015ec6    0000001e     sysbios.aem4f : m3_Hwi_asm_switch.obj (.text:ti_sysbios_family_xxx_Hwi_switchAndRunFunc)
                  00015ee4    0000001c     stk.aem4f : bind.oem4f (.text:BindFindByIF)
                  00015f00    0000001c               : exec.oem4f (.text:ExecBroadcast)
                  00015f1c    0000001c     os.aem4f : ossys.oem4f (.text:NDK_sprintf)
                  00015f38    0000001c     stk.aem4f : nimu.oem4f (.text:NIMUAddHeader)
                  00015f54    0000001c               : sockprot.oem4f (.text:SockPrDetach)
                  00015f70    0000001c     os.aem4f : task.oem4f (.text:TaskDestroy)
                  00015f8c    0000001c     drivers_tivaware.aem4f : GPIOTiva.oem4f (.text:getGpioIntIndex)
                  00015fa8    0000001c     rtsv7M4_T_le_v4SPD16_eabi.lib : memccpy.c.obj (.text:memccpy)
                  00015fc4    0000001c     httpget_pem4f.oem4f (.text:ti_ndk_config_global_taskCreateHook)
                  00015fe0    0000001c     sysbios.aem4f : BIOS.obj (.text:ti_sysbios_family_arm_lm4_Seconds_get__E)
                  00015ffc    0000001c     httpget_pem4f.oem4f (.text:ti_sysbios_family_arm_m3_Hwi_Object__destruct__S)
                  00016018    0000001c     sysbios.aem4f : BIOS.obj (.text:ti_sysbios_gates_GateMutex_Instance_init__E)
                  00016034    0000001c     httpget_pem4f.oem4f (.text:ti_sysbios_knl_Queue_Object__destruct__S)
                  00016050    0000001c     sysbios.aem4f : BIOS.obj (.text:ti_sysbios_knl_Queue_get__E)
                  0001606c    00000004     httpget_pem4f.oem4f (.text:xdc_runtime_System_Module_GateProxy_enter__E)
                  00016070    0000001c     sysbios.aem4f : BIOS.obj (.text:ti_sysbios_knl_Queue_put__E)
                  0001608c    00000004     httpget_pem4f.oem4f (.text:xdc_runtime_System_Module_GateProxy_leave__E)
                  00016090    0000001c     sysbios.aem4f : BIOS.obj (.text:ti_sysbios_knl_Task_enter__I)
                  000160ac    0000001c     ti.targets.arm.rtsarm.aem4f : Error.oem4f (.text:xdc_runtime_Error_raiseX__E)
                  000160c8    0000001c                                 : Memory.oem4f (.text:xdc_runtime_Memory_valloc__E)
                  000160e4    0000001c                                 : SysMin.oem4f (.text:xdc_runtime_SysMin_exit__E)
                  00016100    0000001c                                 : System.oem4f (.text:xdc_runtime_System_abort__E)
                  0001611c    0000001a     stk.aem4f : bind.oem4f (.text:BindGetIP)
                  00016136    0000001a               : sockint.oem4f (.text:SockSetOOBMark)
                  00016150    0000001a     rtsv7M4_T_le_v4SPD16_eabi.lib : s_copysign.c.obj (.text:copysign)
                  0001616a    0000001a     stk.aem4f : file.oem4f (.text:fdint_getfdt)
                  00016184    0000001a     httpget_pem4f.oem4f (.text:ti_sysbios_family_arm_m3_Hwi_Handle__label__S)
                  0001619e    0000001a     httpget_pem4f.oem4f (.text:ti_sysbios_gates_GateHwi_Handle__label__S)
                  000161b8    0000001a     httpget_pem4f.oem4f (.text:ti_sysbios_gates_GateMutex_Handle__label__S)
                  000161d2    0000001a     httpget_pem4f.oem4f (.text:ti_sysbios_heaps_HeapMem_Handle__label__S)
                  000161ec    0000001a     httpget_pem4f.oem4f (.text:ti_sysbios_knl_Swi_Handle__label__S)
                  00016206    0000001a     httpget_pem4f.oem4f (.text:ti_sysbios_knl_Task_Handle__label__S)
                  00016220    0000001a     sysbios.aem4f : BIOS.obj (.text:ti_sysbios_knl_Task_sleepTimeout__I)
                  0001623a    0000001a     httpget_pem4f.oem4f (.text:xdc_runtime_System_aprintf__E)
                  00016254    0000001a     httpget_pem4f.oem4f (.text:xdc_runtime_System_printf__E)
                  0001626e    00000002     --HOLE-- [fill = 0]
                  00016270    00000018     drivers_tivaware.aem4f : EMACSnow.oem4f (.text:EMACSnow_emacSend)
                  00016288    00000018     stk.aem4f : ip.oem4f (.text:IPRtChange)
                  000162a0    00000018               : rawethsock_pcb.oem4f (.text:RawEthSockPcbCleanup)
                  000162b8    00000018     nettool_ipv4.aem4f : ipaddr.oem4f (.text:RouteHook)
                  000162d0    00000018     stk.aem4f : tcpin.oem4f (.text:SEQ_GEQ)
                  000162e8    00000018               : tcpout.oem4f (.text:SEQ_GEQ)
                  00016300    00000018               : tcpin.oem4f (.text:SEQ_GT)
                  00016318    00000018               : tcpout.oem4f (.text:SEQ_GT)
                  00016330    00000018               : tcpin.oem4f (.text:SEQ_LEQ)
                  00016348    00000018               : tcpout.oem4f (.text:SEQ_LEQ)
                  00016360    00000018               : tcpin.oem4f (.text:SEQ_LT)
                  00016378    00000018               : tcpout.oem4f (.text:SEQ_LT)
                  00016390    00000018               : tcp.oem4f (.text:TcpTimeoutAdd)
                  000163a8    00000018     rtsv7M4_T_le_v4SPD16_eabi.lib : args_main.c.obj (.text:_args_main)
                  000163c0    00000018                                   : snprintf.c.obj (.text:_outc)
                  000163d8    00000018                                   : sprintf.c.obj (.text:_outs)
                  000163f0    00000018     nettool_ipv4.aem4f : dhcpsock.oem4f (.text:dhcpSocketClose)
                  00016408    00000018     stk.aem4f : file.oem4f (.text:fdint_clearevent)
                  00016420    00000018     nettool_ipv4.aem4f : inetaddr.oem4f (.text:freeaddrinfo)
                  00016438    00000018     stk.aem4f : listlib.oem4f (.text:list_add)
                  00016450    00000018     rtsv7M4_T_le_v4SPD16_eabi.lib : strcmp.c.obj (.text:strcmp)
                  00016468    00000018     httpget.obj (.text:swi_func)
                  00016480    00000018     httpget_pem4f.oem4f (.text:ti_sysbios_BIOS_rtsUnlock__I)
                  00016498    00000018     httpget_pem4f.oem4f (.text:ti_sysbios_family_arm_lm4_Timer_Module__startupDone__F)
                  000164b0    00000018     httpget_pem4f.oem4f (.text:ti_sysbios_family_arm_m3_Hwi_Module__startupDone__F)
                  000164c8    00000018     sysbios.aem4f : m3_TaskSupport_asm.obj (.text:ti_sysbios_family_arm_m3_TaskSupport_swap__E)
                  000164e0    00000018                   : BIOS.obj (.text:ti_sysbios_gates_GateMutex_leave__E)
                  000164f8    00000018     httpget_pem4f.oem4f (.text:time)
                  00016510    00000018     ti.targets.arm.rtsarm.aem4f : Error.oem4f (.text:xdc_runtime_Error_check__E)
                  00016528    00000018                                 : System.oem4f (.text:xdc_runtime_System_exit__E)
                  00016540    00000018                                 : Text.oem4f (.text:xdc_runtime_Text_ropeText__E)
                  00016558    00000016     driverlib.lib : emac.obj (.text:EMACReset)
                  0001656e    00000016                   : emac.obj (.text:EMACRxEnable)
                  00016584    00000016                   : emac.obj (.text:EMACTxEnable)
                  0001659a    00000016                   : i2c.obj (.text:I2CMasterErr)
                  000165b0    00000016     stk.aem4f : file.oem4f (.text:fdint_freefdt)
                  000165c6    00000016     rtsv7M4_T_le_v4SPD16_eabi.lib : strchr.c.obj (.text:strchr)
                  000165dc    00000016     httpget_pem4f.oem4f (.text:ti_sysbios_BIOS_exitFunc__I)
                  000165f2    00000016     ntp_lib.obj (.text:ti_sysbios_knl_Semaphore_Params_init)
                  00016608    00000016     httpget.obj (.text:ti_sysbios_knl_Task_Params_init)
                  0001661e    00000016     ti.targets.arm.rtsarm.aem4f : System.oem4f (.text:xdc_runtime_System_vsprintf__E)
                  00016634    00000014     stk.aem4f : bind.oem4f (.text:BindIPHost2IF)
                  00016648    00000014     driverlib.lib : flash.obj (.text:FlashUserGet)
                  0001665c    00000014     netctrl_min_ipv4.aem4f : netctrl.oem4f (.text:NC_NetStop)
                  00016670    00000014     os.aem4f : task.oem4f (.text:NDK_hookExit)
                  00016684    00000014     stk.aem4f : nimu.oem4f (.text:NIMUSendPacket)
                  00016698    00000014     nettool_ipv4.aem4f : ipaddr.oem4f (.text:NtRemoveNetwork)
                  000166ac    00000014     stk.aem4f : rawethsock_pcb.oem4f (.text:RawEthSockPcbInit)
                  000166c0    00000014               : timer.oem4f (.text:TimerFree)
                  000166d4    00000014     httpget.obj (.text:accept)
                  000166e8    00000014     httpget.obj (.text:bind)
                  000166fc    00000014     httpget.obj (.text:socket)
                  00016710    00000014     rtsv7M4_T_le_v4SPD16_eabi.lib : strcpy.c.obj (.text:strcpy)
                  00016724    00000014                                   : strlen.c.obj (.text:strlen)
                  00016738    00000014     httpget_pem4f.oem4f (.text:ti_ndk_config_global_taskExitHook)
                  0001674c    00000014     httpget_pem4f.oem4f (.text:ti_sysbios_family_arm_m3_Hwi_Object__get__S)
                  00016760    00000014     sysbios.aem4f : BIOS.obj (.text:ti_sysbios_family_arm_m3_Hwi_switchFromBootStack__E)
                  00016774    00000014     httpget_pem4f.oem4f (.text:ti_sysbios_heaps_HeapMem_Object__get__S)
                  00016788    00000014     sysbios.aem4f : BIOS.obj (.text:ti_sysbios_knl_Event_Instance_init__E)
                  0001679c    00000014     httpget_pem4f.oem4f (.text:ti_sysbios_knl_Mailbox_Object__get__S)
                  000167b0    00000014     httpget_pem4f.oem4f (.text:ti_sysbios_knl_Swi_Object__get__S)
                  000167c4    00000014     httpget_pem4f.oem4f (.text:ti_sysbios_knl_Task_Object__first__S)
                  000167d8    00000014     httpget_pem4f.oem4f (.text:ti_sysbios_knl_Task_Object__next__S)
                  000167ec    00000014     ntp_lib.obj (.text:timeUpdateHook)
                  00016800    00000014     httpget.obj (.text:timerISR)
                  00016814    00000012     driverlib.lib : gpio.obj (.text:GPIOPinTypeEthernetLED)
                  00016826    00000012                   : gpio.obj (.text:GPIOPinTypeI2C)
                  00016838    00000012                   : gpio.obj (.text:GPIOPinTypeI2CSCL)
                  0001684a    00000012     stk.aem4f : sockprot.oem4f (.text:SockPrAttach)
                  0001685c    00000012               : sockint.oem4f (.text:SockSetOOBData)
                  0001686e    00000012     nettool_ipv4.aem4f : inetaddr.oem4f (.text:inet_addr)
                  00016880    00000012     httpget.obj (.text:netIPAddrHook)
                  00016892    00000006     driverlib.lib : i2c.obj (.text:I2CMasterIntEnable)
                  00016898    00000012     sysbios.aem4f : BIOS.obj (.text:ti_sysbios_hal_Hwi_Module_startup__E)
                  000168aa    00000006     drivers_tivaware.aem4f : I2CTiva.oem4f (.text:I2CTiva_control)
                  000168b0    00000012     sysbios.aem4f : BIOS.obj (.text:ti_sysbios_hal_Timer_Module_startup__E)
                  000168c2    00000006     driverlib.lib : sysctl.obj (.text:SysCtlDelay)
                  000168c8    00000012     sysbios.aem4f : BIOS.obj (.text:ti_sysbios_knl_Semaphore_reset__E)
                  000168da    00000012     rtsv7M4_T_le_v4SPD16_eabi.lib : wcslen.c.obj (.text:wcslen)
                  000168ec    00000012     httpget_pem4f.oem4f (.text:xdc_runtime_Startup_exec__I)
                  000168fe    00000002     --HOLE-- [fill = 0]
                  00016900    00000010     httpget_pem4f.oem4f (.text:.bootCodeSection:ti_catalog_arm_cortexm4_tiva_ce_Boot_init__I)
                  00016910    00000010     stk.aem4f : bind.oem4f (.text:BindIF2IPHost)
[...]
0001930c  ti_sysbios_family_arm_m3_Hwi_excHookFuncs__A                         
00019314  ti_sysbios_knl_Idle_funcList__A                                      
0001931c  ti_sysbios_knl_Idle_funcList__C                                      
00019324  ti_sysbios_knl_Task_hooks__C                                         
0001932c  xdc_runtime_Startup_firstFxns__C                                     
00019334  xdc_runtime_Startup_lastFxns__C                                      
0001933c  ti_catalog_arm_cortexm4_tiva_ce_Boot_A_mustNotUseEnhancedClockMode__C
00019340  ti_catalog_arm_cortexm4_tiva_ce_Boot_Module__diagsEnabled__C         
00019344  ti_catalog_arm_cortexm4_tiva_ce_Boot_Module__diagsIncluded__C        
00019348  ti_catalog_arm_cortexm4_tiva_ce_Boot_Module__diagsMask__C            
0001934c  ti_sysbios_family_arm_lm4_Timer_enableFunc__C                        
00019350  ti_sysbios_family_arm_lm4_Timer_numTimerDevices__C                   
00019354  ti_sysbios_family_arm_lm4_Timer_startupNeeded__C                     
00019358  ti_sysbios_family_arm_m3_Hwi_E_NMI__C                                
0001935c  ti_sysbios_family_arm_m3_Hwi_E_alreadyDefined__C                     
00019360  ti_sysbios_family_arm_m3_Hwi_E_busFault__C                           
00019364  ti_sysbios_family_arm_m3_Hwi_E_debugMon__C                           
00019368  ti_sysbios_family_arm_m3_Hwi_E_hardFault__C                          
0001936c  ti_sysbios_family_arm_m3_Hwi_E_memFault__C                           
00019370  ti_sysbios_family_arm_m3_Hwi_E_noIsr__C                              
00019374  ti_sysbios_family_arm_m3_Hwi_E_reserved__C                           
00019378  ti_sysbios_family_arm_m3_Hwi_E_svCall__C                             
0001937c  ti_sysbios_family_arm_m3_Hwi_E_usageFault__C                         
00019380  ti_sysbios_family_arm_m3_Hwi_NUM_INTERRUPTS__C                       
00019384  ti_sysbios_family_arm_m3_Hwi_Object__count__C                        
00019388  ti_sysbios_family_arm_m3_Hwi_ccr__C                                  
0001938c  ti_sysbios_family_arm_m3_Hwi_excHandlerFunc__C                       
00019390  ti_sysbios_family_arm_m3_Hwi_excHookFuncs__C                         
00019394  ti_sysbios_family_arm_m3_Hwi_nullIsrFunc__C                          
00019398  ti_sysbios_family_arm_m3_Hwi_priGroup__C                             
0001939c  ti_sysbios_family_arm_m3_TaskSupport_stackAlignment__C               
000193a0  ti_sysbios_gates_GateMutex_Instance_State_sem__O                     
000193a4  ti_sysbios_hal_Hwi_E_stackOverflow__C                                
000193a8  ti_sysbios_heaps_HeapMem_E_memory__C                                 
000193ac  ti_sysbios_heaps_HeapMem_Module__gateObj__C                          
000193b0  ti_sysbios_heaps_HeapMem_Object__count__C                            
000193b4  ti_sysbios_heaps_HeapMem_reqAlign__C                                 
000193b8  ti_sysbios_knl_Clock_Module_State_clockQ__O                          
000193bc  ti_sysbios_knl_Event_Instance_State_pendQ__O                         
000193c0  ti_sysbios_knl_Mailbox_Instance_State_dataQue__O                     
000193c4  ti_sysbios_knl_Mailbox_Instance_State_dataSem__O                     
000193c8  ti_sysbios_knl_Mailbox_Instance_State_freeQue__O                     
000193cc  ti_sysbios_knl_Mailbox_Instance_State_freeSem__O                     
000193d0  ti_sysbios_knl_Mailbox_Object__count__C                              
000193d4  ti_sysbios_knl_Mailbox_maxTypeAlign__C                               
000193d8  ti_sysbios_knl_Semaphore_Instance_State_pendQ__O                     
000193dc  ti_sysbios_knl_Swi_Object__count__C                                  
000193e0  ti_sysbios_knl_Task_E_deleteNotAllowed__C                            
000193e4  ti_sysbios_knl_Task_E_spOutOfBounds__C                               
000193e8  ti_sysbios_knl_Task_E_stackOverflow__C                               
000193ec  ti_sysbios_knl_Task_Module_State_inactiveQ__O                        
000193f0  ti_sysbios_knl_Task_Module_State_terminatedQ__O                      
000193f4  ti_sysbios_knl_Task_Object__count__C                                 
000193f8  ti_sysbios_knl_Task_Object__heap__C                                  
000193fc  ti_sysbios_knl_Task_allBlockedFunc__C                                
00019400  ti_sysbios_knl_Task_defaultStackHeap__C                              
00019404  ti_sysbios_knl_Task_defaultStackSize__C                              
00019408  ti_sysbios_knl_Task_numConstructedTasks__C                           
0001940c  xdc_runtime_Assert_E_assertFailed__C                                 
00019410  xdc_runtime_Core_A_initializedParams__C                              
00019414  xdc_runtime_Core_Module__diagsEnabled__C                             
00019418  xdc_runtime_Core_Module__diagsIncluded__C                            
0001941c  xdc_runtime_Core_Module__diagsMask__C                                
00019420  xdc_runtime_Error_E_memory__C                                        
00019424  xdc_runtime_Error_Module__diagsEnabled__C                            
00019428  xdc_runtime_Error_Module__diagsIncluded__C                           
0001942c  xdc_runtime_Error_Module__diagsMask__C                               
00019430  xdc_runtime_Error_Module__loggerFxn8__C                              
00019434  xdc_runtime_Error_Module__loggerObj__C                               
00019438  xdc_runtime_Error_policyFxn__C                                       
0001943c  xdc_runtime_Error_raiseHook__C                                       
00019440  xdc_runtime_IGateProvider_Interface__BASE__C                         
00019444  xdc_runtime_IHeap_Interface__BASE__C                                 
00019448  xdc_runtime_IModule_Interface__BASE__C                               
0001944c  xdc_runtime_Log_L_error__C                                           
00019450  xdc_runtime_Main_Module__diagsEnabled__C                             
00019454  xdc_runtime_Main_Module__diagsIncluded__C                            
00019458  xdc_runtime_Main_Module__diagsMask__C                                
0001945c  xdc_runtime_Main_Module__loggerFxn4__C                               
00019460  xdc_runtime_Main_Module__loggerObj__C                                
00019464  xdc_runtime_Memory_defaultHeapInstance__C                            
00019468  xdc_runtime_Startup_execImpl__C                                      
0001946c  xdc_runtime_Startup_lastFxns__A                                      
00019470  xdc_runtime_Startup_maxPasses__C                                     
00019474  xdc_runtime_Startup_sfxnRts__C                                       
00019478  xdc_runtime_Startup_sfxnTab__C                                       
0001947c  xdc_runtime_SysMin_bufSize__C                                        
00019480  xdc_runtime_SysMin_outputFunc__C                                     
00019484  xdc_runtime_System_Module__gateObj__C                                
00019488  xdc_runtime_System_abortFxn__C                                       
0001948c  xdc_runtime_System_exitFxn__C                                        
00019490  xdc_runtime_System_extendFxn__C                                      
00019494  xdc_runtime_System_maxAtexitHandlers__C                              
00019498  xdc_runtime_Text_charTab__C                                          
0001949c  xdc_runtime_Text_nameEmpty__C                                        
000194a0  xdc_runtime_Text_nameStatic__C                                       
000194a4  xdc_runtime_Text_nameUnknown__C                                      
000194a8  xdc_runtime_Text_nodeTab__C                                          
000194ac  xdc_runtime_Text_visitRopeFxn__C                                     
000194b0  ti_sysbios_knl_Task_Module__id__C                                    
000194b2  xdc_runtime_Core_Module__id__C                                       
000194b4  xdc_runtime_Error_Module__loggerDefined__C                           
000194b6  xdc_runtime_Error_maxDepth__C                                        
000194b8  xdc_runtime_Main_Module__id__C                                       
000194ba  xdc_runtime_Main_Module__loggerDefined__C                            
000194bc  xdc_runtime_Memory_Module__id__C                                     
000194be  xdc_runtime_SysMin_flushAtExit__C                                    
000194c0  xdc_runtime_Text_charCnt__C                                          
000194c2  xdc_runtime_Text_isLoaded__C                                         
000194c4  xdc_runtime_Text_registryModsLastId__C                               
000194c6  xdc_runtime_Text_unnamedModsLastId__C                                
000194c8  __TI_static_base__                                                   
000198e4  __TI_Handler_Table_Base                                              
000198f0  __TI_Handler_Table_Limit                                             
00019900  __TI_CINIT_Base                                                      
00019918  __TI_CINIT_Limit                                                     
20000000  __start___llvm_prf_cnts                                              
20000000  __stop___llvm_prf_cnts                                               
20000000  ti_sysbios_family_arm_m3_Hwi_ramVectors                              
20000380  ti_sysbios_heaps_HeapMem_Instance_State_0_buf__A                     
20005380  ti_ndk_config_Global_pit                                             
20005428  ti_ndk_config_Global_pitBuffer                                       
20009c28  _ICMPIn                                                              
20009c74  PBMQ_free                                                            
20009c80  ti_ndk_config_Global_pBufMem                                         
2000d880  ti_ndk_config_Global_pHdrMem                                         
2000db78  ti_sysbios_knl_Task_Instance_State_0_stack__A                        
2000e178  ti_sysbios_knl_Task_Instance_State_1_stack__A                        
2000e378  ti_sysbios_family_arm_m3_Hwi_dispatchTable                           
2000e6d8  __CIOBUF_                                                            
2000e8f8  i2cTivaObjects                                                       
2000e9f8  tcps                                                                 
2000eb68  ti_sysbios_knl_Mailbox_Instance_State_0_allocBuf__A                  
2000edb8  xdc_runtime_SysMin_Module_State_0_outbuf__A                          
2000ee38  ips                                                                  
2000eea0  nimu_mcb                                                             
2000ef04  _ICMPOut                                                             
2000ef90  ntpServers                                                           
2000efc0  vlan_mcb                                                             
2000f00c  udps                                                                 
2000f04c  BlockCount                                                           
2000f068  BlockMax                                                             
2000f084  PageCount                                                            
2000f0a0  PageMax                                                              
2000f0bc  i2cTransaction                                                       
2000f0d8  stkEvent                                                             
2000f114  i2cParams                                                            
2000f134  raweths                                                              
2000f144  raws                                                                 
2000f154  tpseudo                                                              
2000f160  upseudo                                                              
2000f16c  emacObjects                                                          
2000f174  parmbuf                                                              
2000f19c  _IGMPInDiscard                                                       
2000f1a0  _IGMPInQuery                                                         
2000f1a4  _IGMPInQueryGroup                                                    
2000f1a8  _IGMPInResponse                                                      
2000f1ac  _IGMPOutResponse                                                     
2000f1b0  g_ulStatus                                                           
2000f1c4  i2c                                                                  
2000f1c8  raweth_pcb                                                           
2000f1cc  ti_sysbios_knl_Task_Instance_State_0_hookEnv__A                      
2000f1d0  ti_sysbios_knl_Task_Instance_State_1_hookEnv__A                      
2000f1d4  ts                                                                   
2000f1d8  ti_sysbios_family_arm_lm4_Timer_Object__table__V                     
2000f298  _ipcfg                                                               
2000f34c  ti_sysbios_knl_Task_Object__table__V                                 
2000f3e4  ti_sysbios_knl_Swi_Module_State_0_readyQ__A                          
2000f464  ti_sysbios_knl_Task_Module_State_0_readyQ__A                         
2000f4e4  ti_sysbios_knl_Swi_Object__table__V                                  
2000f544  ti_sysbios_knl_Mailbox_Object__table__V                              
2000f5e4  ti_sysbios_family_arm_m3_Hwi_Object__table__V                        
2000f62c  ti_sysbios_knl_Task_Module__state__V                                 
2000f6f0  ti_sysbios_family_arm_lm4_Timer_Module_State_0_device__A             
2000f730  ti_sysbios_gates_GateMutex_Object__table__V                          
2000f79c  ti_sysbios_family_arm_m3_Hwi_Module__state__V                        
2000f7d0  enablePrefetch                                                       
2000f7d4  phyCounter                                                           
2000f802  ti_sysbios_family_arm_m3_Hwi_Module_State_0_excActive__A             
2000f864  ti_sysbios_knl_Clock_Module__state__V                                
2000f890  pstrMsgName                                                          
2000f8b8  _oscfg                                                               
2000f900  PITCount                                                             
2000f904  PITUsed                                                              
2000f908  PITHigh                                                              
2000f924  ti_sysbios_BIOS_Module__state__V                                     
2000f948  ti_sysbios_family_arm_lm4_Timer_Module_State_0_handles__A            
2000f968  BPM                                                                  
2000f9a0  ti_ndk_config_Global_Id2Size                                         
2000f9bc  ti_sysbios_knl_Swi_Module__state__V                                  
2000fa20  ti_sysbios_heaps_HeapMem_Object__table__V                            
2000fa74  ti_sysbios_knl_Semaphore_Object__table__V                            
2000fa88  _tz                                                                  
2000fa98  gpioPinConfigs                                                       
2000fab0  _IGMPForceVersion1                                                   
2000fab8  ti_sysbios_family_arm_lm4_Timer_Module__state__V                     
2000fac4  xdc_runtime_SysMin_Module__state__V                                  
2000fadc  _lock                                                                
2000fae0  _unlock                                                              
2000fae4  NIMUDeviceTable                                                      
2000faec  gpioCallbackFunctions                                                
2000faf4  ti_ndk_config_Global_HostName                                        
2000faf8  __xdc__init__addr                                                    
2000fb0c  _ICMPInErrors                                                        
2000fb10  _ICMPOutErrors                                                       
2000fb14  _IPExecuting                                                         
2000fb2c  tcp_iss                                                              
2000fb30  ptTimeFirst                                                          
2000fb3c  ti_sysbios_family_arm_lm4_Seconds_Module__state__V                   
2000fb44  ti_sysbios_family_arm_lm4_TimestampProvider_Module__state__V         
2000fb4c  ti_sysbios_family_arm_m3_Hwi_Module__root__V                         
2000fb54  ti_sysbios_gates_GateHwi_Module__root__V                             
2000fb5c  ti_sysbios_gates_GateMutex_Module__root__V                           
2000fb64  ti_sysbios_hal_Timer_Object__table__V                                
2000fb6c  ti_sysbios_heaps_HeapMem_Module__root__V                             
2000fb74  ti_sysbios_knl_Clock_Module__root__V                                 
2000fb7c  ti_sysbios_knl_Event_Module__root__V                                 
2000fb84  ti_sysbios_knl_Queue_Module__root__V                                 
2000fb8c  ti_sysbios_knl_Semaphore_Module__root__V                             
2000fb94  ti_sysbios_knl_Swi_Module__root__V                                   
2000fb9c  ti_sysbios_knl_Task_Module__root__V                                  
2000fba4  xdc_runtime_Registry_Module__state__V                                
2000fbac  xdc_runtime_Startup_Module__state__V                                 
2000fbb4  xdc_runtime_System_Module_State_0_atexitHandlers__A                  
2000fbbc  xdc_runtime_System_Module__state__V                                  
2000fbc4  macAddress                                                           
2000fbd6  xdc_runtime_Error_Module__state__V                                   
2000fbec  errno                                                                
2000fbf0  main_func_sp                                                         
2000fbf8  _IPReasmPtr                                                          
2000fc08  ti_sysbios_family_arm_m3_Hwi_Module_State_0_excContext__A            
2000fc0c  ti_sysbios_family_arm_m3_Hwi_Module_State_0_excStack__A              
2000fc10  ti_sysbios_gates_GateHwi_Object__table__V                            
2000fc14  ti_sysbios_knl_Task_Module_State_0_idleTask__A                       
2000fc18  xdc_runtime_Memory_Module__state__V                                  
2000fc20  __stack                                                              
20010420  __STACK_END                                                          
e000e000  ti_sysbios_family_arm_m3_Hwi_nvic                                    
ffffffff  __TI_pprof_out_hndl                                                  
ffffffff  __TI_prof_data_size                                                  
ffffffff  __TI_prof_data_start                                                 
ffffffff  __binit__                                                            
ffffffff  __c_args__                                                           
ffffffff  binit                                                                
UNDEFED   SHT$$INIT_ARRAY$$Base                                                
UNDEFED   SHT$$INIT_ARRAY$$Limit                                               

[1148 symbols]
