******************************************************************************
                  TI ARM Linker PC v20.2.5                     
******************************************************************************
>> Linked Thu Jan 27 02:26:45 2022

OUTPUT FILE NAME:   <httpget_EK_TM4C1294XL_TI.out>
ENTRY POINT SYMBOL: "_c_int00"  address: 00011e65


MEMORY CONFIGURATION

         name            origin    length      used     unused   attr    fill
----------------------  --------  ---------  --------  --------  ----  --------
  FLASH                 00000000   00100000  00019844  000e67bc  R  X
  SRAM                  20000000   00040000  00010384  0002fc7c  RW X


SEGMENT ALLOCATION MAP

run origin  load origin   length   init length attrs members
----------  ----------- ---------- ----------- ----- -------
00000000    00000000    00019850   00019850    r-x
  00000000    00000000    0000003c   0000003c    r-- .resetVecs
  00000040    00000040    00016d12   00016d12    r-x .text
  00016d54    00016d54    000026be   000026be    r-- .const
  00019418    00019418    00000438   00000438    r-- .cinit
20000000    20000000    00000360   00000000    rw-
  20000000    20000000    00000360   00000000    rw- .vecs
20000380    20000380    00010028   00000000    rw-
  20000380    20000380    0000ee5c   00000000    rw- .bss
  2000f1dc    2000f1dc    000009c8   00000000    rw- .data
  2000fba8    2000fba8    00000800   00000000    rw- .stack


SECTION ALLOCATION MAP

 output                                  attributes/
section   page    origin      length       input sections
--------  ----  ----------  ----------   ----------------
.text      0    00000040    00016d12     
                  00000040    00000c68     stk.aem4f : tcpin.oem4f (.text:TcpInput)
                  00000ca8    00000a4e     rtsv7M4_T_le_v4SPD16_eabi.lib : _printfi.c.obj (.text:__TI_printfi)
                  000016f6    00000002     hal_userled_stub.aem4f : llled.oem4f (.text:LED_TOGGLE)
                  000016f8    000008b8     stk.aem4f : tcpout.oem4f (.text:TcpOutput)
                  00001fb0    00000478     sntp_ndk.aem4f : sntp.oem4f (.text:syncTime)
                  00002428    00000430     sysbios.aem4f : BIOS.obj (.text:ti_sysbios_family_arm_m3_Hwi_excDumpRegs__I)
                  00002858    00000408     stk.aem4f : ipout.oem4f (.text:IPTxPacket)
                  00002c60    00000388     sntp_ndk.aem4f : sntp.oem4f (.text:SNTP_start)
                  00002fe8    00000384     stk.aem4f : ipin.oem4f (.text:IPRxPacket)
                  0000336c    00000372     nettool_ipv4.aem4f : dnscomn.oem4f (.text:DNSResolveByName)
                  000036de    00000002     stk.aem4f : nat.oem4f (.text:NatMsg)
                  000036e0    00000354     httpget.obj (.text:serverSocketTask)
                  00003a34    0000034c     ti.targets.arm.rtsarm.aem4f : System.oem4f (.text:xdc_runtime_System_doPrint__I)
                  00003d80    000002fe     nettool_ipv4.aem4f : dnscomn.oem4f (.text:DNSResolveByAddr)
                  0000407e    00000002     os.aem4f : task.oem4f (.text:_TaskInit)
                  00004080    000002f8     nettool_ipv4.aem4f : inetaddr.oem4f (.text:getaddrinfo)
                  00004378    000002da                        : dnscomn.oem4f (.text:DNSResolveByNS)
                  00004652    00000002     os.aem4f : task.oem4f (.text:_TaskShutdown)
                  00004654    000002a0     rtsv7M4_T_le_v4SPD16_eabi.lib : mktime.c.obj (.text:__mktime32)
                  000048f4    00000284     stk.aem4f : sock.oem4f (.text:SockSet)
                  00004b78    00000270     rtsv7M4_T_le_v4SPD16_eabi.lib : _printfi.c.obj (.text:_pconv_a)
                  00004de8    0000025e     stk.aem4f : fileuser.oem4f (.text:fdPoll)
                  00005046    00000002     hal_ser_stub.aem4f : llserstb.oem4f (.text:_llSerialServiceCheck)
                  00005048    0000024c     stk.aem4f : ipfrag.oem4f (.text:IPReasm)
                  00005294    0000023c               : icmpin.oem4f (.text:ICMPInput)
                  000054d0    00000238               : udp.oem4f (.text:UdpInput)
                  00005708    00000204     Boot.aem4f : Boot_sysctl.oem4f (.text:ti_catalog_arm_cortexm4_tiva_ce_Boot_sysCtlClockFreqSetI__I)
                  0000590c    000001f4     stk.aem4f : sock.oem4f (.text:SockRecv)
                  00005b00    000001f4     sysbios.aem4f : BIOS.obj (.text:ti_sysbios_family_arm_m3_Hwi_excHandlerMax__I)
                  00005cf4    000001e8     httpget.obj (.text:getBPMValue)
                  00005edc    000001d0     rtsv7M4_T_le_v4SPD16_eabi.lib : _printfi.c.obj (.text:_pconv_g)
                  000060ac    000001c4     ntp_lib.obj (.text:startNTP)
                  00006270    000001b8     drivers_tivaware.aem4f : EMACSnow.oem4f (.text:EMACSnow_NIMUInit)
                  00006428    000001b6     rtsv7M4_T_le_v4SPD16_eabi.lib : fd_add_t2.asm.obj (.text)
                  000065de    00000002     hal_ser_stub.aem4f : llserstb.oem4f (.text:_llSerialShutdown)
                  000065e0    000001b0     stk.aem4f : lliout.oem4f (.text:LLITxIpPacket)
                  00006790    000001ac               : lliin.oem4f (.text:LLIRxPacket)
                  0000693c    0000019c     os.aem4f : mem.oem4f (.text:mmAlloc)
                  00006ad8    0000019a     nettool_ipv4.aem4f : dnsclnt.oem4f (.text:DNSResolve)
                  00006c72    00000002     hal_userled_stub.aem4f : llled.oem4f (.text:_llUserLedInit)
                  00006c74    00000198     stk.aem4f : igmp.oem4f (.text:IGMPInput)
                  00006e0c    00000198     nettool_ipv4.aem4f : ipaddr.oem4f (.text:NtGetPublicHost)
                  00006fa4    00000190     stk.aem4f : sock.oem4f (.text:SockNew)
                  00007134    00000186               : fileuser.oem4f (.text:fdSelect)
                  000072ba    00000002     hal_userled_stub.aem4f : llled.oem4f (.text:_llUserLedShutdown)
                  000072bc    00000174     netctrl_min_ipv4.aem4f : netctrl.oem4f (.text:NC_NetStart)
                  00007430    00000174     sysbios.aem4f : BIOS.obj (.text:ti_sysbios_family_arm_m3_Hwi_excBusFault__I)
                  000075a4    00000170     stk.aem4f : rtc.oem4f (.text:RTCReport)
                  00007714    0000016c     nettool_ipv4.aem4f : dnscomn.oem4f (.text:DNSResolveExternal)
                  00007880    0000016a     stk.aem4f : sb.oem4f (.text:SBRead)
                  000079ea    00000006     driverlib.lib : emac.obj (.text:EMACRxDMADescriptorListSet)
                  000079f0    00000164     sysbios.aem4f : BIOS.obj (.text:ti_sysbios_family_arm_m3_Hwi_excUsageFault__I)
                  00007b54    00000160     stk.aem4f : sock.oem4f (.text:SockConnect)
                  00007cb4    00000158     nettool_ipv4.aem4f : dhcpmain.oem4f (.text:DHCPOpen)
                  00007e0c    00000150     drivers_tivaware.aem4f : GPIOTiva.oem4f (.text:GPIO_setConfig)
                  00007f5c    00000004     stk.aem4f : bind.oem4f (.text:BindGetIF)
                  00007f60    00000150     sysbios.aem4f : BIOS.obj (.text:ti_sysbios_knl_Event_pend__E)
                  000080b0    00000148                   : BIOS.obj (.text:ti_sysbios_family_arm_m3_Hwi_excMemFault__I)
                  000081f8    00000148                   : BIOS.obj (.text:ti_sysbios_knl_Task_Instance_finalize__E)
                  00008340    00000144     stk.aem4f : bind.oem4f (.text:BindNew)
                  00008484    00000140               : tcp.oem4f (.text:TcpTimeoutCheck)
                  000085c4    0000013c     nettool_ipv4.aem4f : config.oem4f (.text:CfgAddEntry)
                  00008700    0000013c     stk.aem4f : sockint.oem4f (.text:SockNotify)
                  0000883c    0000013c               : sock.oem4f (.text:SockSend)
                  00008978    0000013c     rtsv7M4_T_le_v4SPD16_eabi.lib : _printfi.c.obj (.text:_pconv_e)
                  00008ab4    00000004     stk.aem4f : bind.oem4f (.text:BindGetNext)
                  00008ab8    00000138     sysbios.aem4f : BIOS.obj (.text:ti_sysbios_knl_Semaphore_pend__E)
                  00008bf0    00000136     nettool_ipv4.aem4f : dnspkt.oem4f (.text:DNSGetReply)
                  00008d26    00000136     rtsv7M4_T_le_v4SPD16_eabi.lib : fd_div_t2.asm.obj (.text)
                  00008e5c    00000134     stk.aem4f : icmp.oem4f (.text:ICMPGenPacket)
                  00008f90    00000134     rtsv7M4_T_le_v4SPD16_eabi.lib : localtim.c.obj (.text:__localtime32)
                  000090c4    00000132     nettool_ipv4.aem4f : dnspkt.oem4f (.text:DNSReadRecord)
                  000091f6    00000130     driverlib.lib : gpio.obj (.text:GPIOPadConfigSet)
                  00009326    00000002     rtsv7M4_T_le_v4SPD16_eabi.lib : _lock.c.obj (.text:_nop)
                  00009328    0000012c     EK_TM4C1294XL.obj (.text:EK_TM4C1294XL_initEMAC)
                  00009454    00000124     stk.aem4f : sockpcb.oem4f (.text:SockPcbResolve)
                  00009578    00000124               : udp.oem4f (.text:UdpOutput)
                  0000969c    00000124     rtsv7M4_T_le_v4SPD16_eabi.lib : _printfi.c.obj (.text:fcvt)
                  000097c0    00000120     httpget_pem4f.oem4f (.text:ti_ndk_config_Global_stackThread)
                  000098e0    00000118     stk.aem4f : tcpout.oem4f (.text:TcpGenPacket)
                  000099f8    00000118     ti.targets.arm.rtsarm.aem4f : Error.oem4f (.text:xdc_runtime_Error_policyDefault__E)
                  00009b10    00000114     stk.aem4f : nimu.oem4f (.text:NIMUIoctl)
                  00009c24    00000110               : node.oem4f (.text:NodeTreeFree)
                  00009d34    00000110               : raw.oem4f (.text:RawInput)
                  00009e44    00000110     rtsv7M4_T_le_v4SPD16_eabi.lib : s_scalbn.c.obj (.text:scalbn)
                  00009f54    0000010c     stk.aem4f : rtable.oem4f (.text:RtFind)
                  0000a060    0000010a               : route.oem4f (.text:RtCreate)
                  0000a16a    00000002     hal_ser_stub.aem4f : llserstb.oem4f (.text:llSerialService)
                  0000a16c    00000108     drivers_tivaware.aem4f : EMACSnow.oem4f (.text:EMACSnow_emacStart)
                  0000a274    00000004     driverlib.lib : i2c.obj (.text:I2CMasterControl)
                  0000a278    00000108     sysbios.aem4f : BIOS.obj (.text:ti_sysbios_family_arm_lm4_Timer_start__E)
                  0000a380    00000104     os.aem4f : task.oem4f (.text:llEnter)
                  0000a484    00000102     nettool_ipv4.aem4f : dhcppkt.oem4f (.text:dhcpPacketProcess)
                  0000a586    00000102                        : inetaddr.oem4f (.text:inet_aton)
                  0000a688    00000100     stk.aem4f : igmp.oem4f (.text:IGMPSendReply)
                  0000a788    00000100     ti.targets.arm.rtsarm.aem4f : Core-mem.oem4f (.text:xdc_runtime_Core_createObject__I)
                  0000a888    000000fc     netctrl_min_ipv4.aem4f : netctrl.oem4f (.text:NetScheduler)
                  0000a984    000000fc     rtsv7M4_T_le_v4SPD16_eabi.lib : fd_mul_t2.asm.obj (.text)
                  0000aa80    000000f8     stk.aem4f : pipe.oem4f (.text:PipeRecv)
                  0000ab78    000000f8     ti.targets.arm.rtsarm.aem4f : Startup.oem4f (.text:xdc_runtime_Startup_startMods__I)
                  0000ac70    000000f8     httpget_pem4f.oem4f (.text:xdc_runtime_System_printfExtend__I)
                  0000ad68    000000f4     os.aem4f : task.oem4f (.text:TaskGetEnv)
                  0000ae5c    000000f4     sysbios.aem4f : m3_Hwi_asm.obj (.text:ti_sysbios_family_arm_m3_Hwi_dispatch__I)
                  0000af50    000000f4                   : BIOS.obj (.text:ti_sysbios_knl_Task_Instance_init__E)
                  0000b044    000000f0     stk.aem4f : lliout.oem4f (.text:LLIGenArpPacket)
                  0000b134    000000f0               : sock.oem4f (.text:SockClose)
                  0000b224    000000ee     nettool_ipv4.aem4f : dnspkt.oem4f (.text:DNSWriteRecord)
                  0000b312    00000002     rtsv7M4_T_le_v4SPD16_eabi.lib : div0.asm.obj (.text)
                  0000b314    000000e8     os.aem4f : task.oem4f (.text:TaskSetEnv)
                  0000b3fc    000000e6     nettool_ipv4.aem4f : dnspkt.oem4f (.text:DNSWriteName)
                  0000b4e2    00000002     httpget_pem4f.oem4f (.text:ti_ndk_config_Global_NetworkClose)
                  0000b4e4    000000e4     httpget.obj (.text:createTasks)
                  0000b5c8    000000e4     sysbios.aem4f : BIOS.obj (.text:ti_sysbios_knl_Task_postInit__I)
                  0000b6ac    000000e0     drivers_tivaware.aem4f : I2CTiva.oem4f (.text:I2CTiva_open)
                  0000b78c    000000e0     stk.aem4f : tcptime.oem4f (.text:TcpTimeoutRexmt)
                  0000b86c    000000dc               : sb.oem4f (.text:SBWrite)
                  0000b948    000000dc     nettool_ipv4.aem4f : dhcpsock.oem4f (.text:dhcpSocketOpen)
                  0000ba24    000000dc                        : dhcpsm.oem4f (.text:dhcpState)
                  0000bb00    000000d8     stk.aem4f : node.oem4f (.text:NodeAdd)
                  0000bbd8    000000d8               : tcpprot.oem4f (.text:TcpPrSetOption)
                  0000bcb0    000000d6     drivers_tivaware.aem4f : I2CTiva.oem4f (.text:I2CTiva_hwiFxn)
                  0000bd86    00000002     httpget_pem4f.oem4f (.text:ti_ndk_config_Global_NetworkOpen)
                  0000bd88    000000d4     drivers_tivaware.aem4f : EMACSnow.oem4f (.text:EMACSnow_handleRx)
                  0000be5c    000000d4     stk.aem4f : sockpcb.oem4f (.text:SockPcbBind)
                  0000bf30    000000d4     sysbios.aem4f : BIOS.obj (.text:ti_sysbios_heaps_HeapMem_alloc__E)
                  0000c004    000000d1     stk.aem4f : nimu.oem4f (.text:NIMUReceivePacket)
                  0000c0d5    00000001     --HOLE-- [fill = 0]
                  0000c0d6    00000002     httpget_pem4f.oem4f (.text:ti_sysbios_BIOS_nullFunc__I)
                  0000c0d8    000000cc     stk.aem4f : icmp.oem4f (.text:ICMPSendRtAdv)
                  0000c1a4    000000cc     nettool_ipv4.aem4f : dhcpbild.oem4f (.text:dhcpBuildHeader)
                  0000c270    000000cc                        : dhcpsm.oem4f (.text:dhcpIPAdd)
                  0000c33c    000000cc                        : dhcppkt.oem4f (.text:dhcpVerifyMessage)
                  0000c408    000000cc     ti.targets.arm.rtsarm.aem4f : Core-smem.oem4f (.text:xdc_runtime_Core_constructObject__I)
                  0000c4d4    000000c8     stk.aem4f : rawethsock.oem4f (.text:RawEthSockNew)
                  0000c59c    000000c8     netctrl_min_ipv4.aem4f : netsrv.oem4f (.text:SPIpNet)
                  0000c664    000000c4     drivers_tivaware.aem4f : EMACSnow.oem4f (.text:EMACSnow_InitDMADescriptors)
                  0000c728    000000c4     stk.aem4f : igmp.oem4f (.text:IGMPJoinHostGroup)
                  0000c7ec    000000c4     nettool_ipv4.aem4f : dhcpsm.oem4f (.text:StateBound)
                  0000c8b0    000000c2                        : dnspkt.oem4f (.text:DNSReadName)
                  0000c972    00000006     driverlib.lib : emac.obj (.text:EMACTxDMADescriptorListSet)
                  0000c978    000000c0     sysbios.aem4f : BIOS.obj (.text:ti_sysbios_knl_Task_sleep__E)
                  0000ca38    000000be     nettool_ipv4.aem4f : dnsclnt.oem4f (.text:DNSGetHostByName)
                  0000caf6    00000002     httpget_pem4f.oem4f (.text:xdc_runtime_Startup_reset__I)
                  0000caf8    000000bc     httpget.obj (.text:I2C_writeRegister)
                  0000cbb4    000000bc     stk.aem4f : sockpcb.oem4f (.text:SockPcbFind)
                  0000cc70    000000bc               : vlan.oem4f (.text:VLANDeinit)
                  0000cd2c    00000004     driverlib.lib : i2c.obj (.text:I2CMasterDataGet)
                  0000cd30    000000bc     sysbios.aem4f : BIOS.obj (.text:ti_sysbios_family_arm_m3_Hwi_excDebugMon__I)
                  0000cdec    00000004     driverlib.lib : i2c.obj (.text:I2CMasterDataPut)
                  0000cdf0    000000bc     sysbios.aem4f : BIOS.obj (.text:ti_sysbios_family_arm_m3_Hwi_excHardFault__I)
                  0000ceac    00000004     os.aem4f : ossys.oem4f (.text:NDK_vsprintf)
                  0000ceb0    000000bc     sysbios.aem4f : BIOS.obj (.text:ti_sysbios_knl_Task_exit__E)
                  0000cf6c    000000b8     EK_TM4C1294XL.obj (.text:EK_TM4C1294XL_initGeneral)
                  0000d024    000000b8     stk.aem4f : icmpin.oem4f (.text:ICMPRevSrcRoute)
                  0000d0dc    000000b8               : lli.oem4f (.text:_LLITimeoutCheck)
                  0000d194    000000b4               : tcptime.oem4f (.text:TcpTimeoutKeep)
                  0000d248    000000b4     sysbios.aem4f : BIOS.obj (.text:ti_sysbios_knl_Task_checkStacks__E)
                  0000d2fc    000000b1     rtsv7M4_T_le_v4SPD16_eabi.lib : _printfi.c.obj (.text:_ltostr)
                  0000d3ad    00000003     --HOLE-- [fill = 0]
                  0000d3b0    000000b1     nettool_ipv4.aem4f : inetaddr.oem4f (.text:createAddrInfo)
                  0000d461    00000001     --HOLE-- [fill = 0]
                  0000d462    000000b0     stk.aem4f : rawethsock.oem4f (.text:RawEthSockSet)
                  0000d512    00000002     --HOLE-- [fill = 0]
                  0000d514    000000ac               : rtable.oem4f (.text:RtTimeoutCheck)
                  0000d5c0    000000ac     sysbios.aem4f : BIOS.obj (.text:ti_sysbios_family_arm_lm4_Timer_enableTiva__I)
                  0000d66c    000000a8     stk.aem4f : sockint.oem4f (.text:SockCreatePacket)
                  0000d714    00000004               : node.oem4f (.text:NodeSetRt)
                  0000d718    000000a4     sysbios.aem4f : BIOS.obj (.text:ti_sysbios_knl_Task_setPri__E)
                  0000d7bc    000000a2     httpget.obj (.text:main)
                  0000d85e    00000002     --HOLE-- [fill = 0]
                  0000d860    000000a0     stk.aem4f : ip.oem4f (.text:IPGetRoute)
                  0000d900    000000a0     auto_init.aem4f : auto_init.oem4f (.text)
                  0000d9a0    000000a0     ti.targets.arm.rtsarm.aem4f : Text.oem4f (.text:xdc_runtime_Text_putMod__E)
                  0000da40    0000009e     stk.aem4f : nimu.oem4f (.text:NIMUAddEthernetHeader)
                  0000dade    0000009e     nettool_ipv4.aem4f : dhcpbild.oem4f (.text:dhcpBuildRequest)
                  0000db7c    0000009c     stk.aem4f : exec.oem4f (.text:ExecOpen)
                  0000dc18    0000009c     rtsv7M4_T_le_v4SPD16_eabi.lib : memcpy_t2.asm.obj (.text)
                  0000dcb4    0000009a     ti.targets.arm.rtsarm.aem4f : Text.oem4f (.text:xdc_runtime_Text_putSite__E)
                  0000dd4e    00000002     --HOLE-- [fill = 0]
                  0000dd50    00000098     netctrl_min_ipv4.aem4f : netctrl.oem4f (.text:NC_SystemOpen)
                  0000dde8    00000098                            : netsrv.oem4f (.text:ServiceScan)
                  0000de80    00000098     Boot.aem4f : Boot.oem4f (.text:ti_catalog_arm_cortexm4_tiva_ce_Boot_sysCtlClockFreqSet__E)
                  0000df18    00000098     sysbios.aem4f : BIOS.obj (.text:ti_sysbios_knl_Task_schedule__I)
                  0000dfb0    00000096     rtsv7M4_T_le_v4SPD16_eabi.lib : ull_div_t2.asm.obj (.text)
                  0000e046    00000002     --HOLE-- [fill = 0]
                  0000e048    00000094     nettool_ipv4.aem4f : config.oem4f (.text:CfgRemoveEntry)
                  0000e0dc    00000004     stk.aem4f : rawethsock_prot.oem4f (.text:RawEthSockPrAttach)
                  0000e0e0    00000094     sysbios.aem4f : BIOS.obj (.text:ti_sysbios_family_arm_m3_Hwi_Instance_init__E)
                  0000e174    00000004     stk.aem4f : rawethsock_prot.oem4f (.text:RawEthSockPrDetach)
                  0000e178    00000094     sysbios.aem4f : BIOS.obj (.text:ti_sysbios_family_arm_m3_Hwi_initNVIC__E)
                  0000e20c    00000090     nettool_ipv4.aem4f : config.oem4f (.text:CfgExecute)
                  0000e29c    00000090     stk.aem4f : igmp.oem4f (.text:IGMPMsg)
                  0000e32c    00000090     os.aem4f : mem.oem4f (.text:mmBulkAlloc)
                  0000e3bc    00000004              : semaphore.oem4f (.text:SemPend)
                  0000e3c0    00000090     sysbios.aem4f : BIOS.obj (.text:ti_sysbios_knl_Task_Module_startup__E)
                  0000e450    00000090                   : BIOS.obj (.text:ti_sysbios_knl_Task_startCore__E)
                  0000e4e0    0000008c     nettool_ipv4.aem4f : dnscomn.oem4f (.text:DNSResolveQuery)
                  0000e56c    0000008c     drivers_tivaware.aem4f : GPIOTiva.oem4f (.text:GPIO_init)
                  0000e5f8    0000008c     httpget.obj (.text:I2C_readRegister)
                  0000e684    0000008c     stk.aem4f : ip.oem4f (.text:IPMsg)
                  0000e710    0000008c     os.aem4f : mem.oem4f (.text:_mmInit)
                  0000e79c    0000008c              : mem.oem4f (.text:mmInitPage)
                  0000e828    0000008c     sysbios.aem4f : m3_TaskSupport_asm.obj (.text:ti_sysbios_family_arm_m3_TaskSupport_buildTaskStack)
                  0000e8b4    00000004     os.aem4f : semaphore.oem4f (.text:SemPost)
                  0000e8b8    0000008c     sysbios.aem4f : BIOS.obj (.text:ti_sysbios_knl_Event_post__E)
                  0000e944    0000008a     netctrl_min_ipv4.aem4f : netsrv.oem4f (.text:SPRoute)
                  0000e9ce    00000002     --HOLE-- [fill = 0]
                  0000e9d0    00000088                            : netsrv.oem4f (.text:ServiceSpawn)
                  0000ea58    00000088     stk.aem4f : sockpcb.oem4f (.text:SockPcbCtlError)
                  0000eae0    00000088     sysbios.aem4f : BIOS.obj (.text:ti_sysbios_knl_Mailbox_post__E)
                  0000eb68    00000087     httpget_pem4f.oem4f (.text:ti_ndk_config_Global_NetworkIPAddr)
                  0000ebef    00000001     --HOLE-- [fill = 0]
                  0000ebf0    00000086     stk.aem4f : sock.oem4f (.text:SockCheck)
                  0000ec76    00000086     nettool_ipv4.aem4f : dhcpsm.oem4f (.text:StateRequesting)
                  0000ecfc    00000086     rtsv7M4_T_le_v4SPD16_eabi.lib : fd_cmp_t2.asm.obj (.text:__aeabi_cdcmple)
                  0000ed82    00000086                                   : fd_cmp_t2.asm.obj (.text:__aeabi_cdrcmple)
                  0000ee08    00000084     nettool_ipv4.aem4f : config.oem4f (.text:CfgGetEntry)
                  0000ee8c    00000084     drivers_tivaware.aem4f : EMACSnow.oem4f (.text:EMACSnow_processPhyInterrupt)
                  0000ef10    00000084     stk.aem4f : tcpprot.oem4f (.text:TcpPrAttach)
                  0000ef94    00000084     os.aem4f : mem.oem4f (.text:mmBulkFree)
                  0000f018    00000084              : mem.oem4f (.text:mmFree)
                  0000f09c    00000004              : semaphore.oem4f (.text:SemReset)
                  0000f0a0    00000084     sysbios.aem4f : BIOS.obj (.text:ti_sysbios_family_arm_m3_Hwi_postInit__I)
                  0000f124    00000082     nettool_ipv4.aem4f : dhcpsm.oem4f (.text:StateRenewRebind)
                  0000f1a6    00000002     --HOLE-- [fill = 0]
                  0000f1a8    00000080     drivers_tivaware.aem4f : EMACSnow.oem4f (.text:EMACSnow_emacStop)
                  0000f228    00000080                            : EMACSnow.oem4f (.text:EMACSnow_processPendingTx)
                  0000f2a8    00000080     stk.aem4f : lli.oem4f (.text:LLINew)
                  0000f328    00000080     netctrl_min_ipv4.aem4f : netsrv.oem4f (.text:NS_BootTask)
                  0000f3a8    00000080     stk.aem4f : pbm.oem4f (.text:PBM_alloc)
                  0000f428    00000080               : raw.oem4f (.text:RawOutput)
                  0000f4a8    0000007e     drivers_tivaware.aem4f : I2CTiva.oem4f (.text:I2CTiva_transfer)
                  0000f526    0000007e     stk.aem4f : fileuser.oem4f (.text:fdClose)
                  0000f5a4    0000007c     nettool_ipv4.aem4f : config.oem4f (.text:CfgGetNextEntry)
                  0000f620    0000007c     drivers_tivaware.aem4f : EMACSnow.oem4f (.text:EMACSnow_hwiIntFxn)
                  0000f69c    0000007c     httpget.obj (.text:I2C_OpenCommunication)
                  0000f718    0000007c     stk.aem4f : igmp.oem4f (.text:IGMPDoMCast)
                  0000f794    0000007c               : igmp.oem4f (.text:IGMPJoin)
                  0000f810    0000007c               : socket.oem4f (.text:NDK_setsockopt)
                  0000f88c    0000007c               : nimu.oem4f (.text:NIMURegister)
                  0000f908    0000007c               : pbm.oem4f (.text:PBM_free)
                  0000f984    0000007c     nettool_ipv4.aem4f : inetaddr.oem4f (.text:inet_pton)
                  0000fa00    0000007c     sysbios.aem4f : BIOS.obj (.text:ti_sysbios_heaps_HeapMem_free__E)
                  0000fa7c    0000007a     stk.aem4f : sock.oem4f (.text:SockAccept)
                  0000faf6    0000007a     rtsv7M4_T_le_v4SPD16_eabi.lib : memset_t2.asm.obj (.text)
                  0000fb70    00000078     driverlib.lib : emac.obj (.text:EMACInit)
                  0000fbe8    00000078     stk.aem4f : socket.oem4f (.text:NDK_sendto)
                  0000fc60    00000078               : tcptime.oem4f (.text:TcpXmitTimer)
                  0000fcd8    00000078               : fileuser.oem4f (.text:fdOpenSession)
                  0000fd50    00000078     os.aem4f : task.oem4f (.text:llExit)
                  0000fdc8    00000076     stk.aem4f : pipe.oem4f (.text:PipeSend)
                  0000fe3e    00000002     --HOLE-- [fill = 0]
                  0000fe40    00000075               : tcptime.oem4f (.text:TcpTimeoutSackRexmt)
                  0000feb5    00000003     --HOLE-- [fill = 0]
                  0000feb8    00000074               : igmp.oem4f (.text:IGMPLeaveHostGroup)
                  0000ff2c    00000074               : nimu.oem4f (.text:NIMUShutdown)
                  0000ffa0    00000074               : raweth.oem4f (.text:RawEthRxPacket)
                  00010014    00000074               : sockpcb.oem4f (.text:SockPcbConnect)
                  00010088    00000074     nettool_ipv4.aem4f : inetaddr.oem4f (.text:setAddrInfo)
                  000100fc    00000004     os.aem4f : task.oem4f (.text:TaskSelf)
                  00010100    00000074     sysbios.aem4f : BIOS.obj (.text:ti_sysbios_knl_Mailbox_pend__E)
                  00010174    00000072     os.aem4f : semaphore.oem4f (.text:SemCreateBinary)
                  000101e6    00000070     stk.aem4f : socket.oem4f (.text:NDK_accept)
                  00010256    00000070               : socket.oem4f (.text:NDK_send)
                  000102c6    00000002     --HOLE-- [fill = 0]
                  000102c8    00000070               : rtable.oem4f (.text:RtFlush)
                  00010338    00000070     netctrl_min_ipv4.aem4f : netsrv.oem4f (.text:SPConfig)
                  000103a8    00000070     stk.aem4f : sock.oem4f (.text:SockShutdown)
                  00010418    00000070     nettool_ipv4.aem4f : dhcptags.oem4f (.text:dhcpDecodeType)
                  00010488    00000070     sysbios.aem4f : BIOS.obj (.text:ti_sysbios_knl_Clock_workFunc__E)
                  000104f8    0000006e     stk.aem4f : socket.oem4f (.text:NDK_recv)
                  00010566    00000002     --HOLE-- [fill = 0]
                  00010568    0000006e               : rtable.oem4f (.text:RtWalkNext)
                  000105d6    0000006e               : sockpcb.oem4f (.text:SockPcbFindRaw)
                  00010644    0000006e     rtsv7M4_T_le_v4SPD16_eabi.lib : _printfi.c.obj (.text:_mcpy)
                  000106b2    0000006e                                   : ll_div_t2.asm.obj (.text)
                  00010720    0000006d     stk.aem4f : node.oem4f (.text:NodeNew)
                  0001078d    00000003     --HOLE-- [fill = 0]
                  00010790    0000006d     ti.targets.arm.rtsarm.aem4f : System.oem4f (.text:xdc_runtime_System_formatNum__I)
                  000107fd    00000003     --HOLE-- [fill = 0]
                  00010800    0000006c     os.aem4f : ossys.oem4f (.text:DbgPrintf)
                  0001086c    0000006c     stk.aem4f : node.oem4f (.text:NodeTreeNew)
                  000108d8    0000006c               : raweth.oem4f (.text:RawEthTxPacket)
                  00010944    0000006c               : udp.oem4f (.text:UdpChecksum)
                  000109b0    0000006c     rtsv7M4_T_le_v4SPD16_eabi.lib : asctime.c.obj (.text:asctime)
                  00010a1c    0000006c     httpget_pem4f.oem4f (.text:ti_ndk_config_ip_init)
                  00010a88    0000006c     sysbios.aem4f : BIOS.obj (.text:ti_sysbios_knl_Swi_restoreHwi__E)
                  00010af4    0000006c     ti.targets.arm.rtsarm.aem4f : Error.oem4f (.text:xdc_runtime_Error_print__E)
                  00010b60    0000006c                                 : Memory.oem4f (.text:xdc_runtime_Memory_alloc__E)
                  00010bcc    0000006a     stk.aem4f : tcpprot.oem4f (.text:TcpPrInherit)
                  00010c36    00000002     --HOLE-- [fill = 0]
                  00010c38    00000068     EK_TM4C1294XL.obj (.text:EK_TM4C1294XL_initI2C)
                  00010ca0    00000068     stk.aem4f : socket.oem4f (.text:NDK_socket)
                  00010d08    00000068               : pbm.oem4f (.text:PBM_open)
                  00010d70    00000068               : sock.oem4f (.text:SockListen)
                  00010dd8    00000068               : rtable.oem4f (.text:_RtNodeInsert)
                  00010e40    00000068     rtsv7M4_T_le_v4SPD16_eabi.lib : copy_decompress_lzss.c.obj (.text:decompress:lzss:__TI_decompress_lzss)
                  00010ea8    00000068     sntp_ndk.aem4f : sntp.oem4f (.text:socketSetup)
                  00010f10    00000066     ti.targets.arm.rtsarm.aem4f : Core-mem.oem4f (.text:xdc_runtime_Core_deleteObject__I)
                  00010f76    00000002     --HOLE-- [fill = 0]
                  00010f78    00000064     nettool_ipv4.aem4f : config.oem4f (.text:CfgFree)
                  00010fdc    00000064     drivers_tivaware.aem4f : GPIOTiva.oem4f (.text:GPIO_hwiIntFxn)
                  00011040    00000064     stk.aem4f : pbm.oem4f (.text:PBMQ_enq)
                  000110a4    00000064               : sockint.oem4f (.text:SockSpawnAbort)
                  00011108    00000064     rtsv7M4_T_le_v4SPD16_eabi.lib : s_frexp.c.obj (.text:frexp)
                  0001116c    00000064     hal_timer_bios.aem4f : lltimer.oem4f (.text:llTimerTick)
                  000111d0    00000064     httpget_pem4f.oem4f (.text:ti_sysbios_family_arm_m3_Hwi_create)
                  00011234    00000004     os.aem4f : task.oem4f (.text:TaskSetPri)
                  00011238    00000064     sysbios.aem4f : BIOS.obj (.text:ti_sysbios_family_arm_m3_Hwi_dispatchC__I)
                  0001129c    00000004     hal_ser_stub.aem4f : llserstb.oem4f (.text:_llSerialInit)
                  000112a0    00000064     sysbios.aem4f : BIOS.obj (.text:ti_sysbios_knl_Semaphore_post__E)
                  00011304    00000064     stk.aem4f : lliin.oem4f (.text:updateRtTable)
                  00011368    00000062     drivers_tivaware.aem4f : I2CTiva.oem4f (.text:I2CTiva_primeTransfer)
                  000113ca    00000062     stk.aem4f : ipin.oem4f (.text:IPRouteIP)
                  0001142c    00000062               : sb.oem4f (.text:SBNew)
                  0001148e    00000002     --HOLE-- [fill = 0]
                  00011490    00000060     nettool_ipv4.aem4f : config.oem4f (.text:CfgGetEntryCnt)
                  000114f0    00000060     stk.aem4f : file.oem4f (.text:FdWaitEvent)
                  00011550    00000060               : nimu.oem4f (.text:NIMUUnregister)
                  000115b0    00000060               : node.oem4f (.text:NodeFind)
                  00011610    00000060               : rtc.oem4f (.text:RTCMsg)
                  00011670    00000060               : tcp.oem4f (.text:TcpChecksum)
                  000116d0    00000060     nettool_ipv4.aem4f : dhcptags.oem4f (.text:dhcpBuildOptions)
                  00011730    00000060     httpget_pem4f.oem4f (.text:ti_ndk_config_Global_serviceReport)
                  00011790    0000005e     stk.aem4f : route.oem4f (.text:RtRemove)
                  000117ee    0000005e     nettool_ipv4.aem4f : dhcpsm.oem4f (.text:StateSelecting)
                  0001184c    0000005e     stk.aem4f : vlan.oem4f (.text:VLANReceivePacket)
                  000118aa    00000002     --HOLE-- [fill = 0]
                  000118ac    0000005c     nettool_ipv4.aem4f : config.oem4f (.text:CfgSetExecuteOrder)
                  00011908    0000005c     stk.aem4f : nimu.oem4f (.text:NIMUIoctlSpecialCmd)
                  00011964    0000005c     netctrl_min_ipv4.aem4f : netsrv.oem4f (.text:SPService)
                  000119c0    0000005c     httpget_pem4f.oem4f (.text:ti_sysbios_knl_Swi_create)
                  00011a1c    00000004     rtsv7M4_T_le_v4SPD16_eabi.lib : exit.c.obj (.text:abort:abort)
                  00011a20    0000005c     sysbios.aem4f : BIOS.obj (.text:ti_sysbios_knl_Swi_run__I)
                  00011a7c    00000004     stk.aem4f : listlib.oem4f (.text:list_get_head)
                  00011a80    0000005c     sysbios.aem4f : BIOS.obj (.text:ti_sysbios_knl_Swi_schedule__I)
                  00011adc    0000005c     httpget_pem4f.oem4f (.text:ti_sysbios_knl_Task_create)
                  00011b38    0000005c     sysbios.aem4f : BIOS.obj (.text:ti_sysbios_knl_Task_unblockI__E)
                  00011b94    0000005b     ti.targets.arm.rtsarm.aem4f : Text.oem4f (.text:xdc_runtime_Text_putLab__E)
                  00011bef    00000001     --HOLE-- [fill = 0]
                  00011bf0    0000005a     stk.aem4f : rawethsock.oem4f (.text:RawEthSockCheck)
                  00011c4a    0000005a               : route.oem4f (.text:RtRedirect)
                  00011ca4    0000005a               : tcpprot.oem4f (.text:TcpValidateMetrics)
                  00011cfe    0000005a     nettool_ipv4.aem4f : dhcpbild.oem4f (.text:dhcpBuildDecline)
                  00011d58    0000005a     os.aem4f : mem.oem4f (.text:mmCopy)
                  00011db2    0000005a     httpget_pem4f.oem4f (.text:ti_ndk_config_tcp_init)
                  00011e0c    00000058     stk.aem4f : bind.oem4f (.text:BindFree)
                  00011e64    00000058     boot.aem4f : boot.oem4f (.text)
                  00011ebc    00000058     driverlib.lib : emac.obj (.text:EMACPHYConfigSet)
                  00011f14    00000058     rtsv7M4_T_le_v4SPD16_eabi.lib : hostwrite.c.obj (.text:HOSTwrite)
                  00011f6c    00000058     stk.aem4f : igmp.oem4f (.text:IGMPTimer)
                  00011fc4    00000058     os.aem4f : semaphore.oem4f (.text:SemCreate)
                  0001201c    00000058     httpget_pem4f.oem4f (.text:ti_sysbios_family_arm_m3_Hwi_construct)
                  00012074    00000058     sysbios.aem4f : m3_Hwi_asm_switch.obj (.text:ti_sysbios_family_arm_m3_Hwi_initStacks__E)
                  000120cc    00000056     driverlib.lib : gpio.obj (.text:GPIOIntTypeSet)
                  00012122    00000056     rtsv7M4_T_le_v4SPD16_eabi.lib : _printfi.c.obj (.text:_pconv_f)
                  00012178    00000054     nettool_ipv4.aem4f : config.oem4f (.text:CfgEntryDeRef)
                  000121cc    00000054     stk.aem4f : igmp.oem4f (.text:IGMPLeave)
                  00012220    00000054               : rawethsock_pcb.oem4f (.text:RawEthSockPcbAttach)
                  00012274    00000054     sntp_ndk.aem4f : sntp.oem4f (.text:SNTP_setServers)
                  000122c8    00000054     stk.aem4f : sockpcb.oem4f (.text:SockCleanPcb)
                  0001231c    00000054               : tcptime.oem4f (.text:TcpTimeoutPersist)
                  00012370    00000054     rtsv7M4_T_le_v4SPD16_eabi.lib : _ltoa.c.obj (.text:__TI_ltoa)
                  000123c4    00000004     stk.aem4f : listlib.oem4f (.text:list_get_next)
                  000123c8    00000054     sysbios.aem4f : BIOS.obj (.text:ti_sysbios_family_arm_lm4_Timer_initDevice__I)
                  0001241c    00000004     httpget_pem4f.oem4f (.text:ti_sysbios_BIOS_RtsGateProxy_enter__E)
                  00012420    00000054     sysbios.aem4f : BIOS.obj (.text:ti_sysbios_knl_Swi_Instance_init__E)
                  00012474    00000054     ti.targets.arm.rtsarm.aem4f : Assert.oem4f (.text:xdc_runtime_Assert_raise__I)
                  000124c8    00000052     nettool_ipv4.aem4f : dnscomn.oem4f (.text:DNSReplyFree)
                  0001251a    00000052     stk.aem4f : tcpprot.oem4f (.text:TcpPrDetach)
                  0001256c    00000052     rtsv7M4_T_le_v4SPD16_eabi.lib : _printfi.c.obj (.text:_ecpy)
                  000125be    00000002     --HOLE-- [fill = 0]
                  000125c0    00000050     drivers_tivaware.aem4f : GPIOTiva.oem4f (.text:GPIO_setCallback)
                  00012610    00000050                            : GPIOTiva.oem4f (.text:GPIO_write)
                  00012660    00000050     stk.aem4f : socket.oem4f (.text:NDK_bind)
                  000126b0    00000050               : socket.oem4f (.text:NDK_connect)
                  00012700    00000050               : route.oem4f (.text:RtNew)
                  00012750    00000050     driverlib.lib : sysctl.obj (.text:SysCtlPeripheralReset)
                  000127a0    00000050     Boot.aem4f : Boot_sysctl.oem4f (.text:_SysCtlFrequencyGet)
                  000127f0    00000050     sysbios.aem4f : BIOS.obj (.text:ti_sysbios_family_arm_m3_Hwi_Module_startup__E)
                  00012840    00000050     ti.targets.arm.rtsarm.aem4f : Startup.oem4f (.text:xdc_runtime_Startup_exec__E)
                  00012890    00000050                                 : Text.oem4f (.text:xdc_runtime_Text_visitRope2__I)
                  000128e0    0000004e     stk.aem4f : node.oem4f (.text:NodeDeRef)
                  0001292e    0000004e     nettool_ipv4.aem4f : config.oem4f (.text:_CfgEntryScan)
                  0001297c    0000004d     sntp_ndk.aem4f : sntp.oem4f (.text:hasKissCode)
                  000129c9    00000003     --HOLE-- [fill = 0]
                  000129cc    0000004c     nettool_ipv4.aem4f : ipaddr.oem4f (.text:NtAddNetwork)
                  00012a18    0000004c     stk.aem4f : sockint.oem4f (.text:SockValidateRoute)
                  00012a64    0000004c     rtsv7M4_T_le_v4SPD16_eabi.lib : atoi.c.obj (.text:atoi)
                  00012ab0    0000004c                                   : cpy_tbl.c.obj (.text:copy_in)
                  00012afc    0000004c                                   : snprintf.c.obj (.text:snprintf)
                  00012b48    0000004c     sysbios.aem4f : BIOS.obj (.text:ti_sysbios_heaps_HeapMem_getStats__E)
                  00012b94    00000004     httpget_pem4f.oem4f (.text:ti_sysbios_BIOS_RtsGateProxy_leave__E)
                  00012b98    0000004c     sysbios.aem4f : BIOS.obj (.text:ti_sysbios_knl_Swi_runLoop__I)
                  00012be4    00000004                   : BIOS.obj (.text:ti_sysbios_family_arm_lm4_Timer_masterEnable__I)
                  00012be8    0000004c                   : BIOS.obj (.text:ti_sysbios_knl_Task_allBlockedFunction__I)
                  00012c34    0000004a     netctrl_min_ipv4.aem4f : netsrv.oem4f (.text:ServiceKill)
                  00012c7e    0000004a     stk.aem4f : sock.oem4f (.text:SockDisconnect)
                  00012cc8    0000004a               : timer.oem4f (.text:TimerNew)
                  00012d12    00000048     nettool_ipv4.aem4f : config.oem4f (.text:CfgNew)
                  00012d5a    00000002     --HOLE-- [fill = 0]
                  00012d5c    00000048     driverlib.lib : gpio.obj (.text:GPIOPinConfigure)
                  00012da4    00000048                   : i2c.obj (.text:I2CMasterInitExpClk)
                  00012dec    00000048     stk.aem4f : lli.oem4f (.text:LLIMsg)
                  00012e34    00000048               : node.oem4f (.text:NodeWalk)
                  00012e7c    00000048               : rawethsock_pcb.oem4f (.text:RawEthSockPcbDetach)
                  00012ec4    00000048               : sockpcb.oem4f (.text:SockPcbResolveChain)
                  00012f0c    00000048               : tcpprot.oem4f (.text:TcpDrop)
                  00012f54    00000048               : lli.oem4f (.text:_LLIExpListInsert)
                  00012f9c    00000048               : rtable.oem4f (.text:_RtExpListInsert)
                  00012fe4    00000048               : file.oem4f (.text:fdint_lockfd)
                  0001302c    00000048     rtsv7M4_T_le_v4SPD16_eabi.lib : fd_toi_t2.asm.obj (.text)
                  00013074    00000004     httpget_pem4f.oem4f (.text:ti_sysbios_family_arm_m3_Hwi_delete)
                  00013078    00000048     sysbios.aem4f : BIOS.obj (.text:ti_sysbios_family_arm_lm4_Timer_enableTimers__I)
                  000130c0    00000048                   : BIOS.obj (.text:ti_sysbios_family_arm_m3_Hwi_disableInterrupt__E)
                  00013108    00000048                   : BIOS.obj (.text:ti_sysbios_family_arm_m3_Hwi_enableInterrupt__E)
                  00013150    00000048                   : BIOS.obj (.text:ti_sysbios_family_arm_m3_Hwi_excReserved__I)
                  00013198    00000048                   : BIOS.obj (.text:ti_sysbios_knl_Mailbox_Module_startup__E)
                  000131e0    00000048                   : BIOS.obj (.text:ti_sysbios_knl_Task_deleteTerminatedTasksFunc__I)
                  00013228    00000046     nettool_ipv4.aem4f : ipaddr.oem4f (.text:NtIfIdx2Ip)
                  0001326e    00000046     stk.aem4f : rawethsock.oem4f (.text:RawEthSockSend)
                  000132b4    00000046               : tcpprot.oem4f (.text:TcpPrCtlError)
                  000132fa    00000046     os.aem4f : mem.oem4f (.text:mmZeroInit)
                  00013340    00000046     ti.targets.arm.rtsarm.aem4f : Core-params.oem4f (.text:xdc_runtime_Core_assignParams__I)
                  00013386    00000002     --HOLE-- [fill = 0]
                  00013388    00000044     drivers_tivaware.aem4f : EMACSnow.oem4f (.text:EMACSnow_processTransmitted)
                  000133cc    00000044     stk.aem4f : icmp.oem4f (.text:ICMPChecksum)
                  00013410    00000044               : ipfrag.oem4f (.text:IPReasmFree)
                  00013454    00000044               : lli.oem4f (.text:LLIGetValidTime)
                  00013498    00000044               : rtable.oem4f (.text:RouteMsg)
                  000134dc    00000044               : rtable.oem4f (.text:RtWalkEnd)
                  00013520    00000044               : sockpcb.oem4f (.text:SockPcbDetach)
                  00013564    00000044               : timer.oem4f (.text:TimerListInsert)
                  000135a8    00000044     hal_timer_bios.aem4f : lltimer.oem4f (.text:llTimerGetTime)
                  000135ec    00000004     httpget_pem4f.oem4f (.text:ti_sysbios_family_arm_m3_Hwi_destruct)
                  000135f0    00000044     sysbios.aem4f : BIOS.obj (.text:ti_sysbios_family_arm_lm4_Timer_isrStub__E)
                  00013634    00000004     httpget_pem4f.oem4f (.text:ti_sysbios_family_arm_m3_TaskSupport_Module__startupDone__S)
                  00013638    00000044     sysbios.aem4f : BIOS.obj (.text:ti_sysbios_family_arm_m3_Hwi_getStackInfo__E)
                  0001367c    00000004     httpget_pem4f.oem4f (.text:ti_sysbios_heaps_HeapMem_Module_GateProxy_enter__E)
                  00013680    00000044     sysbios.aem4f : BIOS.obj (.text:ti_sysbios_knl_Swi_post__E)
                  000136c4    00000044     ti.targets.arm.rtsarm.aem4f : Error.oem4f (.text:xdc_runtime_Error_setX__E)
                  00013708    00000044                                 : SysMin.oem4f (.text:xdc_runtime_SysMin_flush__E)
                  0001374c    00000044                                 : Text.oem4f (.text:xdc_runtime_Text_xprintf__I)
                  00013790    00000042     stk.aem4f : socket.oem4f (.text:NDK_listen)
                  000137d2    00000042               : tcpprot.oem4f (.text:TcpPrSendOOB)
                  00013814    00000042               : fileuser.oem4f (.text:fdCloseSession)
                  00013856    00000040     nettool_ipv4.aem4f : dnspkt.oem4f (.text:DNSBuildRequest)
                  00013896    00000002     --HOLE-- [fill = 0]
                  00013898    00000040     stk.aem4f : lliin.oem4f (.text:LLIValidateRoute)
                  000138d8    00000040               : pbm.oem4f (.text:PBM_copy)
                  00013918    00000040               : sockpcb.oem4f (.text:SockPcbRtChange)
                  00013958    00000040               : tcpprot.oem4f (.text:TcpPrSend)
                  00013998    00000040     sntp_ndk.aem4f : sntp.oem4f (.text:changeServer)
                  000139d8    00000040     rtsv7M4_T_le_v4SPD16_eabi.lib : u_divt2.asm.obj (.text)
                  00013a18    00000040                                   : sprintf.c.obj (.text:sprintf)
                  00013a58    00000040     sysbios.aem4f : BIOS.obj (.text:ti_sysbios_family_arm_lm4_Timer_Module_startup__E)
                  00013a98    00000040                   : BIOS.obj (.text:ti_sysbios_family_arm_lm4_Timer_startup__E)
                  00013ad8    00000040                   : BIOS.obj (.text:ti_sysbios_heaps_HeapMem_Instance_init__E)
                  00013b18    0000003e     nettool_ipv4.aem4f : dhcpmain.oem4f (.text:DHCPClose)
                  00013b56    00000002     --HOLE-- [fill = 0]
                  00013b58    0000003e     stk.aem4f : nimu.oem4f (.text:NIMUAllocateName)
                  00013b96    0000003e     os.aem4f : task.oem4f (.text:TaskCreate)
                  00013bd4    0000003e     stk.aem4f : tcpprot.oem4f (.text:TcpPrDisconnect)
                  00013c12    0000003e     rtsv7M4_T_le_v4SPD16_eabi.lib : _printfi.c.obj (.text:_fcpy)
                  00013c50    0000003e     stk.aem4f : file.oem4f (.text:fdint_unlockfd)
                  00013c8e    0000003c     nettool_ipv4.aem4f : config.oem4f (.text:CfgEntryGetData)
                  00013cca    0000003c     driverlib.lib : emac.obj (.text:EMACIntDisable)
                  00013d06    0000003c     stk.aem4f : node.oem4f (.text:NodeUpdatePL)
                  00013d42    00000002     --HOLE-- [fill = 0]
                  00013d44    0000003c               : rtable.oem4f (.text:RtWalkBegin)
                  00013d80    0000003c               : tcpprot.oem4f (.text:TcpPrConnect)
                  00013dbc    0000003c               : tcptime.oem4f (.text:TcpSetPersist)
                  00013df8    0000003c               : rtc.oem4f (.text:_RTCSendRtAdv)
                  00013e34    0000003c               : rtable.oem4f (.text:_RtNodeRemove)
                  00013e70    0000003c     hal_timer_bios.aem4f : lltimer.oem4f (.text:_llTimerInit)
                  00013eac    00000004     httpget_pem4f.oem4f (.text:ti_sysbios_heaps_HeapMem_Module_GateProxy_leave__E)
                  00013eb0    0000003c     sysbios.aem4f : BIOS.obj (.text:ti_sysbios_family_arm_lm4_Seconds_set__E)
                  00013eec    00000004     httpget_pem4f.oem4f (.text:ti_sysbios_knl_Clock_TimerProxy_getMaxTicks__E)
                  00013ef0    0000003c     sysbios.aem4f : BIOS.obj (.text:ti_sysbios_family_arm_m3_Hwi_excSvCall__I)
                  00013f2c    00000004     httpget_pem4f.oem4f (.text:ti_sysbios_knl_Event_delete)
                  00013f30    0000003c     sysbios.aem4f : BIOS.obj (.text:ti_sysbios_heaps_HeapMem_init__I)
                  00013f6c    00000004     httpget_pem4f.oem4f (.text:ti_sysbios_knl_Queue_destruct)
                  00013f70    0000003c     sysbios.aem4f : BIOS.obj (.text:ti_sysbios_knl_Clock_Instance_init__E)
                  00013fac    00000004     httpget_pem4f.oem4f (.text:ti_sysbios_knl_Semaphore_delete)
                  00013fb0    0000003c     sysbios.aem4f : BIOS.obj (.text:ti_sysbios_knl_Swi_restore__E)
                  00013fec    0000003a     driverlib.lib : emac.obj (.text:EMACIntEnable)
                  00014026    0000003a     drivers_tivaware.aem4f : I2CTiva.oem4f (.text:I2CTiva_completeTransfer)
                  00014060    00000038     driverlib.lib : emac.obj (.text:EMACConfigGet)
                  00014098    00000038     drivers_tivaware.aem4f : I2C.oem4f (.text:I2C_init)
                  000140d0    00000038     stk.aem4f : ipfrag.oem4f (.text:IPReasmTimeout)
                  00014108    00000038               : node.oem4f (.text:NodeGetRt)
                  00014140    00000038     driverlib.lib : sysctl.obj (.text:SysCtlPeripheralReady)
                  00014178    00000038     stk.aem4f : tcpprot.oem4f (.text:TcpClose)
                  000141b0    00000038               : timer.oem4f (.text:TimerHSTick)
                  000141e8    00000038     rtsv7M4_T_le_v4SPD16_eabi.lib : trgmsg.c.obj (.text:__TI_writemsg)
                  00014220    00000038     nettool_ipv4.aem4f : dhcpbild.oem4f (.text:dhcpBuildDiscover)
                  00014258    00000038                        : dhcptags.oem4f (.text:dhcpOptionsClear)
                  00014290    00000038     stk.aem4f : file.oem4f (.text:fdint_waitevent)
                  000142c8    00000038     rtsv7M4_T_le_v4SPD16_eabi.lib : fs_tod_t2.asm.obj (.text)
                  00014300    00000038     sysbios.aem4f : BIOS.obj (.text:ti_sysbios_family_arm_m3_Hwi_excNoIsr__I)
                  00014338    00000038     httpget_pem4f.oem4f (.text:ti_sysbios_knl_Clock_create)
                  00014370    00000038     ti.targets.arm.rtsarm.aem4f : SysMin.oem4f (.text:xdc_runtime_SysMin_putch__E)
                  000143a8    00000038                                 : System.oem4f (.text:xdc_runtime_System_atexit__E)
                  000143e0    00000036     drivers_tivaware.aem4f : I2CTiva.oem4f (.text:I2CTiva_close)
                  00014416    00000036     stk.aem4f : ip.oem4f (.text:IPChecksum)
                  0001444c    00000036     rtsv7M4_T_le_v4SPD16_eabi.lib : strncpy.c.obj (.text:strncpy)
                  00014482    00000002     --HOLE-- [fill = 0]
                  00014484    00000035     httpget.obj (.text:printError)
                  000144b9    00000003     --HOLE-- [fill = 0]
                  000144bc    00000034     nettool_ipv4.aem4f : config.oem4f (.text:CfgSetService)
                  000144f0    00000034     driverlib.lib : emac.obj (.text:EMACConfigSet)
                  00014524    00000034                   : emac.obj (.text:EMACIntClear)
                  00014558    00000034     drivers_tivaware.aem4f : EMACSnow.oem4f (.text:EMACSnow_emacPoll)
                  0001458c    00000034                            : EMACSnow.oem4f (.text:EMACSnow_isLinkUp)
                  000145c0    00000034                            : EMAC.oem4f (.text:EMAC_init)
                  000145f4    00000034     stk.aem4f : exec.oem4f (.text:ExecClose)
                  00014628    00000034               : nimu.oem4f (.text:NIMUFindByName)
                  0001465c    00000034               : nimu.oem4f (.text:NIMUInit)
                  00014690    00000034               : rawethsock.oem4f (.text:RawEthSockNotify)
                  000146c4    00000034               : sockprot.oem4f (.text:SockPrCtlError)
                  000146f8    00000034     driverlib.lib : sysctl.obj (.text:SysCtlPeripheralEnable)
                  0001472c    00000034     rtsv7M4_T_le_v4SPD16_eabi.lib : trgmsg.c.obj (.text:__TI_readmsg)
                  00014760    00000034     os.aem4f : mem.oem4f (.text:mmUnInitPage)
                  00014794    00000034              : ossys.oem4f (.text:stricmp)
                  000147c8    00000034     sysbios.aem4f : BIOS.obj (.text:ti_sysbios_family_arm_m3_Hwi_Instance_finalize__E)
                  000147fc    00000004     httpget_pem4f.oem4f (.text:ti_sysbios_knl_Semaphore_destruct)
                  00014800    00000034     sysbios.aem4f : BIOS.obj (.text:ti_sysbios_family_arm_m3_Hwi_excNmi__I)
                  00014834    00000004     httpget_pem4f.oem4f (.text:ti_sysbios_knl_Swi_delete)
                  00014838    00000034     sysbios.aem4f : BIOS.obj (.text:ti_sysbios_hal_Hwi_checkStack)
                  0001486c    00000034     httpget_pem4f.oem4f (.text:ti_sysbios_knl_Semaphore_create)
                  000148a0    00000034     ti.targets.arm.rtsarm.aem4f : Core-label.oem4f (.text:xdc_runtime_Core_assignLabel__I)
                  000148d4    00000033                                 : Text.oem4f (.text:xdc_runtime_Text_printVisFxn__I)
                  00014907    00000001     --HOLE-- [fill = 0]
                  00014908    00000032     nettool_ipv4.aem4f : config.oem4f (.text:CfgGetImmediate)
                  0001493a    00000032     stk.aem4f : pipe.oem4f (.text:PipeCheck)
                  0001496c    00000032               : route.oem4f (.text:RtDeRef)
                  0001499e    00000032               : route.oem4f (.text:RtSetFailure)
                  000149d0    00000032               : sb.oem4f (.text:SBFlush)
                  00014a02    00000032               : sb.oem4f (.text:SBSetMax)
                  00014a34    00000032               : sock.oem4f (.text:SockIntAbort)
                  00014a66    00000032     nettool_ipv4.aem4f : config.oem4f (.text:_CfgAcquire)
                  00014a98    00000032                        : dhcpsm.oem4f (.text:dhcpIPRemove)
                  00014aca    00000006     driverlib.lib : gpio.obj (.text:GPIOIntClear)
                  00014ad0    00000032     sysbios.aem4f : BIOS.obj (.text:ti_sysbios_hal_Hwi_initStack)
                  00014b02    00000006     driverlib.lib : gpio.obj (.text:GPIOPinWrite)
                  00014b08    00000032     sysbios.aem4f : BIOS.obj (.text:ti_sysbios_knl_Event_pendTimeout__I)
                  00014b3a    00000006     driverlib.lib : i2c.obj (.text:I2CMasterIntDisable)
                  00014b40    00000032     sysbios.aem4f : BIOS.obj (.text:ti_sysbios_knl_Semaphore_pendTimeout__I)
                  00014b72    00000030     driverlib.lib : emac.obj (.text:EMACAddrSet)
                  00014ba2    00000002     --HOLE-- [fill = 0]
                  00014ba4    00000030     drivers_tivaware.aem4f : EMACSnow.oem4f (.text:EMACSnow_handlePackets)
                  00014bd4    00000030                            : I2C.oem4f (.text:I2C_open)
                  00014c04    00000030     netctrl_min_ipv4.aem4f : netsrv.oem4f (.text:NS_PreBoot)
                  00014c34    00000030     stk.aem4f : sock.oem4f (.text:SockBind)
                  00014c64    00000030               : sock.oem4f (.text:SockGetName)
                  00014c94    00000030     rtsv7M4_T_le_v4SPD16_eabi.lib : snprintf.c.obj (.text:_outs)
                  00014cc4    00000030     nettool_ipv4.aem4f : dhcpsock.oem4f (.text:dhcpPacketSend)
                  00014cf4    00000030     httpget.obj (.text:getTimeStr)
                  00014d24    00000030     stk.aem4f : listlib.oem4f (.text:list_remove_node)
                  00014d54    00000030     httpget_pem4f.oem4f (.text:ti_sysbios_BIOS_atExitFunc__I)
                  00014d84    00000004     httpget_pem4f.oem4f (.text:ti_sysbios_knl_Task_delete)
                  00014d88    00000030     sysbios.aem4f : BIOS.obj (.text:ti_sysbios_family_arm_lm4_Timer_stop__E)
                  00014db8    00000030                   : BIOS.obj (.text:ti_sysbios_family_arm_m3_TaskSupport_start__E)
                  00014de8    00000030     httpget_pem4f.oem4f (.text:ti_sysbios_gates_GateHwi_Object__create__S)
                  00014e18    00000030     httpget_pem4f.oem4f (.text:ti_sysbios_gates_GateMutex_Object__create__S)
                  00014e48    00000030     sysbios.aem4f : BIOS.obj (.text:ti_sysbios_gates_GateMutex_enter__E)
                  00014e78    00000030     httpget_pem4f.oem4f (.text:ti_sysbios_heaps_HeapMem_Object__create__S)
                  00014ea8    00000030     httpget_pem4f.oem4f (.text:ti_sysbios_knl_Event_create)
                  00014ed8    00000030     sysbios.aem4f : BIOS.obj (.text:ti_sysbios_knl_Mailbox_postInit__I)
                  00014f08    00000030     httpget_pem4f.oem4f (.text:ti_sysbios_knl_Semaphore_construct)
                  00014f38    00000030     sysbios.aem4f : BIOS.obj (.text:ti_sysbios_knl_Task_processVitalTaskFlag__I)
                  00014f68    00000030     ti.targets.arm.rtsarm.aem4f : SysMin.oem4f (.text:xdc_runtime_SysMin_abort__E)
                  00014f98    00000030                                 : System.oem4f (.text:xdc_runtime_System_processAtExit__E)
                  00014fc8    0000002e     stk.aem4f : sb.oem4f (.text:SBFree)
                  00014ff6    0000002e     rtsv7M4_T_le_v4SPD16_eabi.lib : i_tofd_t2.asm.obj (.text)
                  00015024    0000002c     driverlib.lib : emac.obj (.text:EMACIntStatus)
                  00015050    0000002c     stk.aem4f : file.oem4f (.text:FdSignalEvent)
                  0001507c    0000002c               : igmp.oem4f (.text:IGMPTestGroup)
                  000150a8    0000002c     os.aem4f : task.oem4f (.text:NDK_hookCreate)
                  000150d4    0000002c     stk.aem4f : nimu.oem4f (.text:NIMUAllocateIndex)
                  00015100    0000002c               : nimu.oem4f (.text:NIMUPacketServiceCheck)
                  0001512c    0000002c               : pipe.oem4f (.text:PipeClose)
                  00015158    0000002c     sntp_ndk.aem4f : sntp.oem4f (.text:SNTP_forceTimeSync)
                  00015184    0000002c     stk.aem4f : sockpcb.oem4f (.text:SockPcbAttach)
                  000151b0    0000002c               : lli.oem4f (.text:_LLIExpListRemove)
                  000151dc    0000002c               : lli.oem4f (.text:_LLITimeoutFlush)
                  00015208    0000002c               : rtable.oem4f (.text:_RtExpListRemove)
                  00015234    0000002c               : file.oem4f (.text:fdint_setevent)
                  00015260    0000002c     rtsv7M4_T_le_v4SPD16_eabi.lib : strncmp.c.obj (.text:strncmp)
                  0001528c    0000002c     httpget_pem4f.oem4f (.text:ti_sysbios_knl_Clock_doTick__I)
                  000152b8    0000002c     httpget_pem4f.oem4f (.text:ti_sysbios_knl_Queue_construct)
                  000152e4    00000004     ti.targets.arm.rtsarm.aem4f : Error.oem4f (.text:xdc_runtime_Error_getMsg__E)
                  000152e8    0000002c     sysbios.aem4f : BIOS.obj (.text:ti_sysbios_knl_Task_restore__E)
                  00015314    0000002c     ti.targets.arm.rtsarm.aem4f : Text.oem4f (.text:xdc_runtime_Text_cordText__E)
                  00015340    0000002a     driverlib.lib : gpio.obj (.text:GPIODirModeSet)
                  0001536a    0000002a     stk.aem4f : pbm.oem4f (.text:PBMQ_deq)
                  00015394    0000002a     netctrl_min_ipv4.aem4f : netsrv.oem4f (.text:ServiceCallback)
                  000153be    0000002a     nettool_ipv4.aem4f : config.oem4f (.text:_CfgRelease)
                  000153e8    0000002a                        : inetaddr.oem4f (.text:mergeLists)
                  00015412    0000002a     ti.targets.arm.rtsarm.aem4f : System.oem4f (.text:xdc_runtime_System_putchar__I)
                  0001543c    00000028     stk.aem4f : bind.oem4f (.text:BindFindByNet)
                  00015464    00000028               : lli.oem4f (.text:LLIFree)
                  0001548c    00000028     netctrl_min_ipv4.aem4f : netctrl.oem4f (.text:NC_SystemClose)
                  000154b4    00000028     stk.aem4f : nimu.oem4f (.text:NIMUCreatePacket)
                  000154dc    00000028               : nimu.oem4f (.text:NIMUPacketService)
                  00015504    00000028               : tcpin.oem4f (.text:TcpEnterTimeWait)
                  0001552c    00000028               : timer.oem4f (.text:TimerListRemove)
                  00015554    00000028               : vlan.oem4f (.text:VLANFindSourceInterface)
                  0001557c    00000028               : vlan.oem4f (.text:VLANInit)
                  000155a4    00000028     nettool_ipv4.aem4f : dhcpsock.oem4f (.text:dhcpPacketReceive)
                  000155cc    00000028     drivers_tivaware.aem4f : EMACSnow.oem4f (.text:signalLinkChange)
                  000155f4    00000004     ti.targets.arm.rtsarm.aem4f : Error.oem4f (.text:xdc_runtime_Error_getSite__E)
                  000155f8    00000028     sysbios.aem4f : BIOS.obj (.text:ti_sysbios_knl_Clock_addI__E)
                  00015620    00000028                   : BIOS.obj (.text:ti_sysbios_knl_Swi_Module_startup__E)
                  00015648    00000026     nettool_ipv4.aem4f : config.oem4f (.text:CfgEntryInfo)
                  0001566e    00000026     driverlib.lib : emac.obj (.text:EMACPHYRead)
                  00015694    00000026                   : emac.obj (.text:EMACPHYWrite)
                  000156ba    00000026     stk.aem4f : rawethsock.oem4f (.text:RawEthSockClose)
                  000156e0    00000026     sysbios.aem4f : m3_Hwi_asm.obj (.text:ti_sysbios_family_arm_m3_Hwi_pendSV__I)
                  00015706    00000026     ti.targets.arm.rtsarm.aem4f : System.oem4f (.text:xdc_runtime_System_avprintf__E)
                  0001572c    00000024     stk.aem4f : bind.oem4f (.text:BindFindByHost)
                  00015750    00000024               : bind.oem4f (.text:BindGetIFByDBCast)
                  00015774    00000024     drivers_tivaware.aem4f : EMACSnow.oem4f (.text:EMACSnow_pkt_service)
                  00015798    00000024                            : EMACSnow.oem4f (.text:EMACSnow_primeRx)
                  000157bc    00000024     stk.aem4f : exec.oem4f (.text:ExecTimer)
                  000157e0    00000024               : nimu.oem4f (.text:NIMUFindByIndex)
                  00015804    00000024               : rtc.oem4f (.text:RTCAddHook)
                  00015828    00000024               : rawethsock_pcb.oem4f (.text:RawEthSockPcbFind)
                  0001584c    00000024               : route.oem4f (.text:RtFree)
                  00015870    00000024               : route.oem4f (.text:RtSetTimeout)
                  00015894    00000024               : sockpcb.oem4f (.text:SockPcbCleanup)
                  000158b8    00000024               : tcpprot.oem4f (.text:TcpPrListen)
                  000158dc    00000024               : tcptime.oem4f (.text:TcpTimeoutWait2)
                  00015900    00000024     nettool_ipv4.aem4f : config.oem4f (.text:_CfgEntryProcess)
                  00015924    00000024     httpget_pem4f.oem4f (.text:ti_sysbios_BIOS_errorRaiseHook__I)
                  00015948    00000024     httpget_pem4f.oem4f (.text:ti_sysbios_BIOS_registerRTSLock__I)
                  0001596c    00000024     httpget_pem4f.oem4f (.text:ti_sysbios_BIOS_removeRTSLock__I)
                  00015990    00000024     httpget_pem4f.oem4f (.text:ti_sysbios_BIOS_startFunc__I)
                  000159b4    00000024     httpget_pem4f.oem4f (.text:ti_sysbios_gates_GateMutex_Object__delete__S)
                  000159d8    00000024     sysbios.aem4f : BIOS.obj (.text:ti_sysbios_knl_Clock_Module_startup__E)
                  000159fc    00000004     httpget_pem4f.oem4f (.text:xdc_runtime_System_Module_GateProxy_enter__E)
                  00015a00    00000024     sysbios.aem4f : BIOS.obj (.text:ti_sysbios_knl_Clock_start__E)
                  00015a24    00000004     httpget_pem4f.oem4f (.text:xdc_runtime_System_Module_GateProxy_leave__E)
                  00015a28    00000024     sysbios.aem4f : BIOS.obj (.text:ti_sysbios_knl_Semaphore_Instance_init__E)
                  00015a4c    00000024     httpget_pem4f.oem4f (.text:ti_sysbios_knl_Semaphore_Object__delete__S)
                  00015a70    00000024     sysbios.aem4f : BIOS.obj (.text:ti_sysbios_knl_Task_restoreHwi__E)
                  00015a94    00000024     ti.targets.arm.rtsarm.aem4f : System.oem4f (.text:xdc_runtime_System_vprintf__E)
                  00015ab8    00000022     nettool_ipv4.aem4f : config.oem4f (.text:CfgEntryRef)
                  00015ada    00000022     stk.aem4f : vlan.oem4f (.text:VLANFindNode)
                  00015afc    00000004     ti.targets.arm.rtsarm.aem4f : System.oem4f (.text:xdc_runtime_System_aprintf_va__F)
                  00015b00    00000022     sysbios.aem4f : BIOS.obj (.text:ti_sysbios_family_arm_lm4_Timer_write__I)
                  00015b22    00000022     httpget_pem4f.oem4f (.text:xdc_runtime_SysMin_output__I)
                  00015b44    00000020     netctrl_min_ipv4.aem4f : netctrl.oem4f (.text:NC_BootComplete)
                  00015b64    00000020     stk.aem4f : nimu.oem4f (.text:NIMUGetNumOfObject)
                  00015b84    00000020               : rtc.oem4f (.text:RTCRemoveHook)
                  00015ba4    00000020               : tcp.oem4f (.text:TcpTimeoutRemove)
                  00015bc4    00000020     Boot.aem4f : Boot_sysctl.oem4f (.text:_SysCtlMemTimingGet)
                  00015be4    00000020     httpget_pem4f.oem4f (.text:ti_sysbios_BIOS_rtsLock__I)
                  00015c04    00000004     ti.targets.arm.rtsarm.aem4f : System.oem4f (.text:xdc_runtime_System_printf_va__F)
                  00015c08    00000020     sysbios.aem4f : BIOS.obj (.text:ti_sysbios_family_arm_lm4_Timer_postInit__I)
                  00015c28    00000020     httpget_pem4f.oem4f (.text:ti_sysbios_family_arm_m3_Hwi_Object__delete__S)
                  00015c48    00000020     sysbios.aem4f : m3_Hwi_asm.obj (.text:ti_sysbios_family_arm_m3_Hwi_excHandlerAsm__I)
                  00015c68    00000020                   : BIOS.obj (.text:ti_sysbios_family_arm_m3_Hwi_excHandler__I)
                  00015c88    00000020     httpget_pem4f.oem4f (.text:ti_sysbios_gates_GateHwi_Object__delete__S)
                  00015ca8    00000020     httpget_pem4f.oem4f (.text:ti_sysbios_heaps_HeapMem_Object__delete__S)
                  00015cc8    00000020     httpget_pem4f.oem4f (.text:ti_sysbios_knl_Event_Object__delete__S)
                  00015ce8    00000020     sysbios.aem4f : BIOS.obj (.text:ti_sysbios_knl_Idle_run__E)
                  00015d08    00000020     httpget_pem4f.oem4f (.text:ti_sysbios_knl_Semaphore_Object__destruct__S)
                  00015d28    00000020     httpget_pem4f.oem4f (.text:ti_sysbios_knl_Swi_Object__delete__S)
                  00015d48    00000020     httpget_pem4f.oem4f (.text:ti_sysbios_knl_Task_Object__delete__S)
                  00015d68    00000020     ti.targets.arm.rtsarm.aem4f : Registry.oem4f (.text:xdc_runtime_Registry_findById__E)
                  00015d88    00000020                                 : SysMin.oem4f (.text:xdc_runtime_SysMin_Module_startup__E)
                  00015da8    0000001e     stk.aem4f : fileuser.oem4f (.text:fdError)
                  00015dc6    0000001e               : listlib.oem4f (.text:list_remove)
                  00015de4    0000001e     httpget.obj (.text:recv)
                  00015e02    0000001e     httpget.obj (.text:send)
                  00015e20    0000001e     rtsv7M4_T_le_v4SPD16_eabi.lib : strcat.c.obj (.text:strcat)
                  00015e3e    0000001e     sysbios.aem4f : m3_Hwi_asm_switch.obj (.text:ti_sysbios_family_xxx_Hwi_switchAndRunFunc)
                  00015e5c    0000001c     stk.aem4f : bind.oem4f (.text:BindFindByIF)
                  00015e78    0000001c               : exec.oem4f (.text:ExecBroadcast)
                  00015e94    0000001c     os.aem4f : ossys.oem4f (.text:NDK_sprintf)
                  00015eb0    0000001c     stk.aem4f : nimu.oem4f (.text:NIMUAddHeader)
                  00015ecc    0000001c               : sockprot.oem4f (.text:SockPrDetach)
                  00015ee8    0000001c     os.aem4f : task.oem4f (.text:TaskDestroy)
                  00015f04    0000001c     drivers_tivaware.aem4f : GPIOTiva.oem4f (.text:getGpioIntIndex)
                  00015f20    0000001c     rtsv7M4_T_le_v4SPD16_eabi.lib : memccpy.c.obj (.text:memccpy)
                  00015f3c    0000001c     httpget_pem4f.oem4f (.text:ti_ndk_config_global_taskCreateHook)
                  00015f58    0000001c     sysbios.aem4f : BIOS.obj (.text:ti_sysbios_family_arm_lm4_Seconds_get__E)
                  00015f74    0000001c     httpget_pem4f.oem4f (.text:ti_sysbios_family_arm_m3_Hwi_Object__destruct__S)
                  00015f90    0000001c     sysbios.aem4f : BIOS.obj (.text:ti_sysbios_gates_GateMutex_Instance_init__E)
                  00015fac    0000001c     httpget_pem4f.oem4f (.text:ti_sysbios_knl_Queue_Object__destruct__S)
                  00015fc8    0000001c     sysbios.aem4f : BIOS.obj (.text:ti_sysbios_knl_Queue_get__E)
                  00015fe4    00000004     --HOLE-- [fill = 0]
                  00015fe8    0000001c                   : BIOS.obj (.text:ti_sysbios_knl_Queue_put__E)
                  00016004    00000004     --HOLE-- [fill = 0]
                  00016008    0000001c                   : BIOS.obj (.text:ti_sysbios_knl_Task_enter__I)
                  00016024    0000001c     ti.targets.arm.rtsarm.aem4f : Error.oem4f (.text:xdc_runtime_Error_raiseX__E)
                  00016040    0000001c                                 : Memory.oem4f (.text:xdc_runtime_Memory_valloc__E)
                  0001605c    0000001c                                 : SysMin.oem4f (.text:xdc_runtime_SysMin_exit__E)
                  00016078    0000001c                                 : System.oem4f (.text:xdc_runtime_System_abort__E)
                  00016094    0000001a     stk.aem4f : bind.oem4f (.text:BindGetIP)
                  000160ae    0000001a               : sockint.oem4f (.text:SockSetOOBMark)
                  000160c8    0000001a     rtsv7M4_T_le_v4SPD16_eabi.lib : s_copysign.c.obj (.text:copysign)
                  000160e2    0000001a     stk.aem4f : file.oem4f (.text:fdint_getfdt)
                  000160fc    0000001a     httpget_pem4f.oem4f (.text:ti_sysbios_family_arm_m3_Hwi_Handle__label__S)
                  00016116    0000001a     httpget_pem4f.oem4f (.text:ti_sysbios_gates_GateHwi_Handle__label__S)
                  00016130    0000001a     httpget_pem4f.oem4f (.text:ti_sysbios_gates_GateMutex_Handle__label__S)
                  0001614a    0000001a     httpget_pem4f.oem4f (.text:ti_sysbios_heaps_HeapMem_Handle__label__S)
                  00016164    0000001a     httpget_pem4f.oem4f (.text:ti_sysbios_knl_Swi_Handle__label__S)
                  0001617e    0000001a     httpget_pem4f.oem4f (.text:ti_sysbios_knl_Task_Handle__label__S)
                  00016198    0000001a     sysbios.aem4f : BIOS.obj (.text:ti_sysbios_knl_Task_sleepTimeout__I)
                  000161b2    0000001a     httpget_pem4f.oem4f (.text:xdc_runtime_System_aprintf__E)
                  000161cc    0000001a     httpget_pem4f.oem4f (.text:xdc_runtime_System_printf__E)
                  000161e6    00000002     --HOLE-- [fill = 0]
                  000161e8    00000018     drivers_tivaware.aem4f : EMACSnow.oem4f (.text:EMACSnow_emacSend)
                  00016200    00000018     stk.aem4f : ip.oem4f (.text:IPRtChange)
                  00016218    00000018               : rawethsock_pcb.oem4f (.text:RawEthSockPcbCleanup)
                  00016230    00000018     nettool_ipv4.aem4f : ipaddr.oem4f (.text:RouteHook)
                  00016248    00000018     stk.aem4f : tcpin.oem4f (.text:SEQ_GEQ)
                  00016260    00000018               : tcpout.oem4f (.text:SEQ_GEQ)
                  00016278    00000018               : tcpin.oem4f (.text:SEQ_GT)
                  00016290    00000018               : tcpout.oem4f (.text:SEQ_GT)
                  000162a8    00000018               : tcpin.oem4f (.text:SEQ_LEQ)
                  000162c0    00000018               : tcpout.oem4f (.text:SEQ_LEQ)
                  000162d8    00000018               : tcpin.oem4f (.text:SEQ_LT)
                  000162f0    00000018               : tcpout.oem4f (.text:SEQ_LT)
                  00016308    00000018               : tcp.oem4f (.text:TcpTimeoutAdd)
                  00016320    00000018     rtsv7M4_T_le_v4SPD16_eabi.lib : args_main.c.obj (.text:_args_main)
                  00016338    00000018                                   : snprintf.c.obj (.text:_outc)
                  00016350    00000018                                   : sprintf.c.obj (.text:_outs)
                  00016368    00000018     nettool_ipv4.aem4f : dhcpsock.oem4f (.text:dhcpSocketClose)
                  00016380    00000018     stk.aem4f : file.oem4f (.text:fdint_clearevent)
                  00016398    00000018     nettool_ipv4.aem4f : inetaddr.oem4f (.text:freeaddrinfo)
                  000163b0    00000018     stk.aem4f : listlib.oem4f (.text:list_add)
                  000163c8    00000018     rtsv7M4_T_le_v4SPD16_eabi.lib : strcmp.c.obj (.text:strcmp)
                  000163e0    00000018     httpget.obj (.text:swi_func)
                  000163f8    00000018     httpget_pem4f.oem4f (.text:ti_sysbios_BIOS_rtsUnlock__I)
                  00016410    00000018     httpget_pem4f.oem4f (.text:ti_sysbios_family_arm_lm4_Timer_Module__startupDone__F)
                  00016428    00000018     httpget_pem4f.oem4f (.text:ti_sysbios_family_arm_m3_Hwi_Module__startupDone__F)
                  00016440    00000018     sysbios.aem4f : m3_TaskSupport_asm.obj (.text:ti_sysbios_family_arm_m3_TaskSupport_swap__E)
                  00016458    00000018                   : BIOS.obj (.text:ti_sysbios_gates_GateMutex_leave__E)
                  00016470    00000018                   : BIOS.obj (.text:ti_sysbios_knl_Task_unblock__E)
                  00016488    00000018     httpget_pem4f.oem4f (.text:time)
                  000164a0    00000018     ti.targets.arm.rtsarm.aem4f : Error.oem4f (.text:xdc_runtime_Error_check__E)
                  000164b8    00000018                                 : System.oem4f (.text:xdc_runtime_System_exit__E)
                  000164d0    00000018                                 : Text.oem4f (.text:xdc_runtime_Text_ropeText__E)
                  000164e8    00000016     driverlib.lib : emac.obj (.text:EMACReset)
                  000164fe    00000016                   : emac.obj (.text:EMACRxEnable)
                  00016514    00000016                   : emac.obj (.text:EMACTxEnable)
                  0001652a    00000016                   : i2c.obj (.text:I2CMasterErr)
                  00016540    00000016     stk.aem4f : file.oem4f (.text:fdint_freefdt)
                  00016556    00000016     rtsv7M4_T_le_v4SPD16_eabi.lib : strchr.c.obj (.text:strchr)
                  0001656c    00000016     httpget_pem4f.oem4f (.text:ti_sysbios_BIOS_exitFunc__I)
                  00016582    00000016     ntp_lib.obj (.text:ti_sysbios_knl_Semaphore_Params_init)
                  00016598    00000016     httpget.obj (.text:ti_sysbios_knl_Task_Params_init)
                  000165ae    00000016     ti.targets.arm.rtsarm.aem4f : System.oem4f (.text:xdc_runtime_System_vsprintf__E)
                  000165c4    00000014     stk.aem4f : bind.oem4f (.text:BindIPHost2IF)
                  000165d8    00000014     driverlib.lib : flash.obj (.text:FlashUserGet)
                  000165ec    00000014     netctrl_min_ipv4.aem4f : netctrl.oem4f (.text:NC_NetStop)
                  00016600    00000014     os.aem4f : task.oem4f (.text:NDK_hookExit)
                  00016614    00000014     stk.aem4f : nimu.oem4f (.text:NIMUSendPacket)
                  00016628    00000014     nettool_ipv4.aem4f : ipaddr.oem4f (.text:NtRemoveNetwork)
                  0001663c    00000014     stk.aem4f : rawethsock_pcb.oem4f (.text:RawEthSockPcbInit)
                  00016650    00000014               : timer.oem4f (.text:TimerFree)
                  00016664    00000014     httpget.obj (.text:accept)
                  00016678    00000014     httpget.obj (.text:bind)
                  0001668c    00000014     httpget.obj (.text:socket)
                  000166a0    00000014     rtsv7M4_T_le_v4SPD16_eabi.lib : strcpy.c.obj (.text:strcpy)
                  000166b4    00000014                                   : strlen.c.obj (.text:strlen)
                  000166c8    00000014     httpget_pem4f.oem4f (.text:ti_ndk_config_global_taskExitHook)
                  000166dc    00000014     httpget_pem4f.oem4f (.text:ti_sysbios_family_arm_m3_Hwi_Object__get__S)
                  000166f0    00000014     sysbios.aem4f : BIOS.obj (.text:ti_sysbios_family_arm_m3_Hwi_switchFromBootStack__E)
                  00016704    00000014     httpget_pem4f.oem4f (.text:ti_sysbios_heaps_HeapMem_Object__get__S)
                  00016718    00000014     sysbios.aem4f : BIOS.obj (.text:ti_sysbios_knl_Event_Instance_init__E)
                  0001672c    00000014     httpget_pem4f.oem4f (.text:ti_sysbios_knl_Mailbox_Object__get__S)
                  00016740    00000014     httpget_pem4f.oem4f (.text:ti_sysbios_knl_Swi_Object__get__S)
                  00016754    00000014     httpget_pem4f.oem4f (.text:ti_sysbios_knl_Task_Object__first__S)
                  00016768    00000014     httpget_pem4f.oem4f (.text:ti_sysbios_knl_Task_Object__next__S)
                  0001677c    00000014     ntp_lib.obj (.text:timeUpdateHook)
                  00016790    00000014     httpget.obj (.text:timerISR)
                  000167a4    00000012     driverlib.lib : gpio.obj (.text:GPIOPinTypeEthernetLED)
                  000167b6    00000012                   : gpio.obj (.text:GPIOPinTypeI2C)
                  000167c8    00000012                   : gpio.obj (.text:GPIOPinTypeI2CSCL)
                  000167da    00000012     stk.aem4f : sockprot.oem4f (.text:SockPrAttach)
                  000167ec    00000012               : sockint.oem4f (.text:SockSetOOBData)
                  000167fe    00000012     nettool_ipv4.aem4f : inetaddr.oem4f (.text:inet_addr)
                  00016810    00000012     httpget.obj (.text:netIPAddrHook)
                  00016822    00000006     driverlib.lib : i2c.obj (.text:I2CMasterIntEnable)
                  00016828    00000012     sysbios.aem4f : BIOS.obj (.text:ti_sysbios_hal_Hwi_Module_startup__E)
                  0001683a    00000006     drivers_tivaware.aem4f : I2CTiva.oem4f (.text:I2CTiva_control)
                  00016840    00000012     sysbios.aem4f : BIOS.obj (.text:ti_sysbios_hal_Timer_Module_startup__E)
                  00016852    00000006     driverlib.lib : sysctl.obj (.text:SysCtlDelay)
                  00016858    00000012     sysbios.aem4f : BIOS.obj (.text:ti_sysbios_knl_Semaphore_reset__E)
[...]
00019238  emacHWAttrs                                                          
00019250  EMACSnow_fxnTable                                                    
00019258  ti_sysbios_family_arm_m3_Hwi_excHookFuncs__A                         
00019260  ti_sysbios_knl_Idle_funcList__A                                      
00019268  ti_sysbios_knl_Idle_funcList__C                                      
00019270  ti_sysbios_knl_Task_hooks__C                                         
00019278  xdc_runtime_Startup_firstFxns__C                                     
00019280  xdc_runtime_Startup_lastFxns__C                                      
00019288  ti_catalog_arm_cortexm4_tiva_ce_Boot_A_mustNotUseEnhancedClockMode__C
0001928c  ti_catalog_arm_cortexm4_tiva_ce_Boot_Module__diagsEnabled__C         
00019290  ti_catalog_arm_cortexm4_tiva_ce_Boot_Module__diagsIncluded__C        
00019294  ti_catalog_arm_cortexm4_tiva_ce_Boot_Module__diagsMask__C            
00019298  ti_sysbios_family_arm_lm4_Timer_enableFunc__C                        
0001929c  ti_sysbios_family_arm_lm4_Timer_numTimerDevices__C                   
000192a0  ti_sysbios_family_arm_lm4_Timer_startupNeeded__C                     
000192a4  ti_sysbios_family_arm_m3_Hwi_E_NMI__C                                
000192a8  ti_sysbios_family_arm_m3_Hwi_E_alreadyDefined__C                     
000192ac  ti_sysbios_family_arm_m3_Hwi_E_busFault__C                           
000192b0  ti_sysbios_family_arm_m3_Hwi_E_debugMon__C                           
000192b4  ti_sysbios_family_arm_m3_Hwi_E_hardFault__C                          
000192b8  ti_sysbios_family_arm_m3_Hwi_E_memFault__C                           
000192bc  ti_sysbios_family_arm_m3_Hwi_E_noIsr__C                              
000192c0  ti_sysbios_family_arm_m3_Hwi_E_reserved__C                           
000192c4  ti_sysbios_family_arm_m3_Hwi_E_svCall__C                             
000192c8  ti_sysbios_family_arm_m3_Hwi_E_usageFault__C                         
000192cc  ti_sysbios_family_arm_m3_Hwi_NUM_INTERRUPTS__C                       
000192d0  ti_sysbios_family_arm_m3_Hwi_Object__count__C                        
000192d4  ti_sysbios_family_arm_m3_Hwi_ccr__C                                  
000192d8  ti_sysbios_family_arm_m3_Hwi_excHandlerFunc__C                       
000192dc  ti_sysbios_family_arm_m3_Hwi_excHookFuncs__C                         
000192e0  ti_sysbios_family_arm_m3_Hwi_nullIsrFunc__C                          
000192e4  ti_sysbios_family_arm_m3_Hwi_priGroup__C                             
000192e8  ti_sysbios_family_arm_m3_TaskSupport_stackAlignment__C               
000192ec  ti_sysbios_gates_GateMutex_Instance_State_sem__O                     
000192f0  ti_sysbios_hal_Hwi_E_stackOverflow__C                                
000192f4  ti_sysbios_heaps_HeapMem_E_memory__C                                 
000192f8  ti_sysbios_heaps_HeapMem_Module__gateObj__C                          
000192fc  ti_sysbios_heaps_HeapMem_Object__count__C                            
00019300  ti_sysbios_heaps_HeapMem_reqAlign__C                                 
00019304  ti_sysbios_knl_Clock_Module_State_clockQ__O                          
00019308  ti_sysbios_knl_Event_Instance_State_pendQ__O                         
0001930c  ti_sysbios_knl_Mailbox_Instance_State_dataQue__O                     
00019310  ti_sysbios_knl_Mailbox_Instance_State_dataSem__O                     
00019314  ti_sysbios_knl_Mailbox_Instance_State_freeQue__O                     
00019318  ti_sysbios_knl_Mailbox_Instance_State_freeSem__O                     
0001931c  ti_sysbios_knl_Mailbox_Object__count__C                              
00019320  ti_sysbios_knl_Mailbox_maxTypeAlign__C                               
00019324  ti_sysbios_knl_Semaphore_Instance_State_pendQ__O                     
00019328  ti_sysbios_knl_Swi_Object__count__C                                  
0001932c  ti_sysbios_knl_Task_E_deleteNotAllowed__C                            
00019330  ti_sysbios_knl_Task_E_spOutOfBounds__C                               
00019334  ti_sysbios_knl_Task_E_stackOverflow__C                               
00019338  ti_sysbios_knl_Task_Module_State_inactiveQ__O                        
0001933c  ti_sysbios_knl_Task_Module_State_terminatedQ__O                      
00019340  ti_sysbios_knl_Task_Object__count__C                                 
00019344  ti_sysbios_knl_Task_Object__heap__C                                  
00019348  ti_sysbios_knl_Task_allBlockedFunc__C                                
0001934c  ti_sysbios_knl_Task_defaultStackHeap__C                              
00019350  ti_sysbios_knl_Task_defaultStackSize__C                              
00019354  ti_sysbios_knl_Task_numConstructedTasks__C                           
00019358  xdc_runtime_Assert_E_assertFailed__C                                 
0001935c  xdc_runtime_Core_A_initializedParams__C                              
00019360  xdc_runtime_Core_Module__diagsEnabled__C                             
00019364  xdc_runtime_Core_Module__diagsIncluded__C                            
00019368  xdc_runtime_Core_Module__diagsMask__C                                
0001936c  xdc_runtime_Error_E_memory__C                                        
00019370  xdc_runtime_Error_Module__diagsEnabled__C                            
00019374  xdc_runtime_Error_Module__diagsIncluded__C                           
00019378  xdc_runtime_Error_Module__diagsMask__C                               
0001937c  xdc_runtime_Error_Module__loggerFxn8__C                              
00019380  xdc_runtime_Error_Module__loggerObj__C                               
00019384  xdc_runtime_Error_policyFxn__C                                       
00019388  xdc_runtime_Error_raiseHook__C                                       
0001938c  xdc_runtime_IGateProvider_Interface__BASE__C                         
00019390  xdc_runtime_IHeap_Interface__BASE__C                                 
00019394  xdc_runtime_IModule_Interface__BASE__C                               
00019398  xdc_runtime_Log_L_error__C                                           
0001939c  xdc_runtime_Main_Module__diagsEnabled__C                             
000193a0  xdc_runtime_Main_Module__diagsIncluded__C                            
000193a4  xdc_runtime_Main_Module__diagsMask__C                                
000193a8  xdc_runtime_Main_Module__loggerFxn4__C                               
000193ac  xdc_runtime_Main_Module__loggerObj__C                                
000193b0  xdc_runtime_Memory_defaultHeapInstance__C                            
000193b4  xdc_runtime_Startup_execImpl__C                                      
000193b8  xdc_runtime_Startup_maxPasses__C                                     
000193bc  xdc_runtime_Startup_sfxnRts__C                                       
000193c0  xdc_runtime_Startup_sfxnTab__C                                       
000193c4  xdc_runtime_SysMin_bufSize__C                                        
000193c8  xdc_runtime_SysMin_outputFunc__C                                     
000193cc  xdc_runtime_System_Module__gateObj__C                                
000193d0  xdc_runtime_System_abortFxn__C                                       
000193d4  xdc_runtime_System_exitFxn__C                                        
000193d8  xdc_runtime_System_extendFxn__C                                      
000193dc  xdc_runtime_System_maxAtexitHandlers__C                              
000193e0  xdc_runtime_Text_charTab__C                                          
000193e4  xdc_runtime_Text_nameEmpty__C                                        
000193e8  xdc_runtime_Text_nameStatic__C                                       
000193ec  xdc_runtime_Text_nameUnknown__C                                      
000193f0  xdc_runtime_Text_nodeTab__C                                          
000193f4  xdc_runtime_Text_visitRopeFxn__C                                     
000193f8  ti_sysbios_heaps_HeapMem_Module__id__C                               
000193fa  ti_sysbios_knl_Task_Module__id__C                                    
000193fc  xdc_runtime_Core_Module__id__C                                       
000193fe  xdc_runtime_Error_Module__loggerDefined__C                           
00019400  xdc_runtime_Error_maxDepth__C                                        
00019402  xdc_runtime_Main_Module__id__C                                       
00019404  xdc_runtime_Main_Module__loggerDefined__C                            
00019406  xdc_runtime_Memory_Module__id__C                                     
00019408  xdc_runtime_SysMin_flushAtExit__C                                    
0001940a  xdc_runtime_Text_charCnt__C                                          
0001940c  xdc_runtime_Text_isLoaded__C                                         
0001940e  xdc_runtime_Text_registryModsLastId__C                               
00019410  xdc_runtime_Text_unnamedModsLastId__C                                
00019418  __TI_static_base__                                                   
00019818  __TI_Handler_Table_Base                                              
00019824  __TI_Handler_Table_Limit                                             
00019838  __TI_CINIT_Base                                                      
00019850  __TI_CINIT_Limit                                                     
20000000  __start___llvm_prf_cnts                                              
20000000  __stop___llvm_prf_cnts                                               
20000000  ti_sysbios_family_arm_m3_Hwi_ramVectors                              
20000380  ti_sysbios_heaps_HeapMem_Instance_State_0_buf__A                     
20005380  ti_ndk_config_Global_pit                                             
20005428  ti_ndk_config_Global_pitBuffer                                       
20009c28  _ICMPIn                                                              
20009c74  PBMQ_free                                                            
20009c80  ti_ndk_config_Global_pBufMem                                         
2000d880  ti_ndk_config_Global_pHdrMem                                         
2000db78  ti_sysbios_knl_Task_Instance_State_0_stack__A                        
2000e178  ti_sysbios_knl_Task_Instance_State_1_stack__A                        
2000e378  ti_sysbios_family_arm_m3_Hwi_dispatchTable                           
2000e6d8  __CIOBUF_                                                            
2000e8f8  i2cTivaObjects                                                       
2000e9f8  tcps                                                                 
2000eb68  ti_sysbios_knl_Mailbox_Instance_State_0_allocBuf__A                  
2000edb8  xdc_runtime_SysMin_Module_State_0_outbuf__A                          
2000ee38  ips                                                                  
2000eea0  nimu_mcb                                                             
2000ef04  _ICMPOut                                                             
2000ef90  ntpServers                                                           
2000efc0  vlan_mcb                                                             
2000f00c  udps                                                                 
2000f04c  BlockCount                                                           
2000f068  BlockMax                                                             
2000f084  PageCount                                                            
2000f0a0  PageMax                                                              
2000f0bc  i2cTransaction                                                       
2000f0d8  stkEvent                                                             
2000f118  i2cParams                                                            
2000f138  raweths                                                              
2000f148  raws                                                                 
2000f158  tpseudo                                                              
2000f164  upseudo                                                              
2000f170  emacObjects                                                          
2000f178  parmbuf                                                              
2000f1a0  _IGMPInDiscard                                                       
2000f1a4  _IGMPInQuery                                                         
2000f1a8  _IGMPInQueryGroup                                                    
2000f1ac  _IGMPInResponse                                                      
2000f1b0  _IGMPOutResponse                                                     
2000f1b4  g_ulStatus                                                           
2000f1c8  i2c                                                                  
2000f1cc  raweth_pcb                                                           
2000f1d0  ti_sysbios_knl_Task_Instance_State_0_hookEnv__A                      
2000f1d4  ti_sysbios_knl_Task_Instance_State_1_hookEnv__A                      
2000f1d8  ts                                                                   
2000f1dc  _ipcfg                                                               
2000f290  ti_sysbios_knl_Task_Object__table__V                                 
2000f328  ti_sysbios_family_arm_lm4_Timer_Object__table__V                     
2000f3a8  ti_sysbios_knl_Swi_Module_State_0_readyQ__A                          
2000f428  ti_sysbios_knl_Task_Module_State_0_readyQ__A                         
2000f4a8  ti_sysbios_knl_Swi_Object__table__V                                  
2000f508  ti_sysbios_knl_Mailbox_Object__table__V                              
2000f5a8  ti_sysbios_knl_Task_Module__state__V                                 
2000f66c  ti_sysbios_family_arm_lm4_Timer_Module_State_0_device__A             
2000f6ac  ti_sysbios_gates_GateMutex_Object__table__V                          
2000f718  ti_sysbios_family_arm_m3_Hwi_Module__state__V                        
2000f74c  enablePrefetch                                                       
2000f750  phyCounter                                                           
2000f77e  ti_sysbios_family_arm_m3_Hwi_Module_State_0_excActive__A             
2000f7e0  ti_sysbios_family_arm_m3_Hwi_Object__table__V                        
2000f810  ti_sysbios_knl_Clock_Module__state__V                                
2000f83c  pstrMsgName                                                          
2000f864  _oscfg                                                               
2000f8ac  PITCount                                                             
2000f8b0  PITUsed                                                              
2000f8b4  PITHigh                                                              
2000f8d0  ti_sysbios_BIOS_Module__state__V                                     
2000f8f4  ti_sysbios_family_arm_lm4_Timer_Module_State_0_handles__A            
2000f930  ti_ndk_config_Global_Id2Size                                         
2000f94c  ti_sysbios_knl_Swi_Module__state__V                                  
2000f9b0  ti_sysbios_heaps_HeapMem_Object__table__V                            
2000fa04  ti_sysbios_knl_Semaphore_Object__table__V                            
2000fa18  _tz                                                                  
2000fa28  gpioPinConfigs                                                       
2000fa40  _IGMPForceVersion1                                                   
2000fa48  ti_sysbios_family_arm_lm4_Timer_Module__state__V                     
2000fa54  xdc_runtime_SysMin_Module__state__V                                  
2000fa6c  _lock                                                                
2000fa70  _unlock                                                              
2000fa74  NIMUDeviceTable                                                      
2000fa7c  gpioCallbackFunctions                                                
2000fa84  ti_ndk_config_Global_HostName                                        
2000fa88  __xdc__init__addr                                                    
2000fa9c  _ICMPInErrors                                                        
2000faa0  _ICMPOutErrors                                                       
2000faa4  _IPExecuting                                                         
2000fabc  tcp_iss                                                              
2000fac0  ptTimeFirst                                                          
2000facc  ti_sysbios_family_arm_lm4_Seconds_Module__state__V                   
2000fad4  ti_sysbios_family_arm_m3_Hwi_Module__root__V                         
2000fadc  ti_sysbios_gates_GateHwi_Module__root__V                             
2000fae4  ti_sysbios_gates_GateMutex_Module__root__V                           
2000faec  ti_sysbios_hal_Timer_Object__table__V                                
2000faf4  ti_sysbios_heaps_HeapMem_Module__root__V                             
2000fafc  ti_sysbios_knl_Clock_Module__root__V                                 
2000fb04  ti_sysbios_knl_Event_Module__root__V                                 
2000fb0c  ti_sysbios_knl_Queue_Module__root__V                                 
2000fb14  ti_sysbios_knl_Semaphore_Module__root__V                             
2000fb1c  ti_sysbios_knl_Swi_Module__root__V                                   
2000fb24  ti_sysbios_knl_Task_Module__root__V                                  
2000fb2c  xdc_runtime_Registry_Module__state__V                                
2000fb34  xdc_runtime_Startup_Module__state__V                                 
2000fb3c  xdc_runtime_System_Module_State_0_atexitHandlers__A                  
2000fb44  xdc_runtime_System_Module__state__V                                  
2000fb4c  macAddress                                                           
2000fb5e  xdc_runtime_Error_Module__state__V                                   
2000fb74  errno                                                                
2000fb78  main_func_sp                                                         
2000fb80  _IPReasmPtr                                                          
2000fb90  ti_sysbios_family_arm_m3_Hwi_Module_State_0_excContext__A            
2000fb94  ti_sysbios_family_arm_m3_Hwi_Module_State_0_excStack__A              
2000fb98  ti_sysbios_gates_GateHwi_Object__table__V                            
2000fb9c  ti_sysbios_knl_Task_Module_State_0_idleTask__A                       
2000fba0  xdc_runtime_Memory_Module__state__V                                  
2000fba8  __stack                                                              
200103a8  __STACK_END                                                          
e000e000  ti_sysbios_family_arm_m3_Hwi_nvic                                    
ffffffff  __TI_pprof_out_hndl                                                  
ffffffff  __TI_prof_data_size                                                  
ffffffff  __TI_prof_data_start                                                 
ffffffff  __binit__                                                            
ffffffff  __c_args__                                                           
ffffffff  binit                                                                
UNDEFED   SHT$$INIT_ARRAY$$Base                                                
UNDEFED   SHT$$INIT_ARRAY$$Limit                                               

[1140 symbols]
